Archive member included to satisfy reference by file (symbol)

d:/program files (x86)/gnu tools arm embedded/5.4 2016q3/bin/../lib/gcc/arm-none-eabi/5.4.1/../../../../arm-none-eabi/lib/armv7e-m/fpu/fpv5-d16\libc_nano.a(lib_a-exit.o)
                              d:/program files (x86)/gnu tools arm embedded/5.4 2016q3/bin/../lib/gcc/arm-none-eabi/5.4.1/../../../../arm-none-eabi/lib/armv7e-m/fpu/fpv5-d16/crt0.o (exit)
d:/program files (x86)/gnu tools arm embedded/5.4 2016q3/bin/../lib/gcc/arm-none-eabi/5.4.1/../../../../arm-none-eabi/lib/armv7e-m/fpu/fpv5-d16\libc_nano.a(lib_a-impure.o)
                              d:/program files (x86)/gnu tools arm embedded/5.4 2016q3/bin/../lib/gcc/arm-none-eabi/5.4.1/../../../../arm-none-eabi/lib/armv7e-m/fpu/fpv5-d16\libc_nano.a(lib_a-exit.o) (_global_impure_ptr)
d:/program files (x86)/gnu tools arm embedded/5.4 2016q3/bin/../lib/gcc/arm-none-eabi/5.4.1/../../../../arm-none-eabi/lib/armv7e-m/fpu/fpv5-d16\libc_nano.a(lib_a-init.o)
                              d:/program files (x86)/gnu tools arm embedded/5.4 2016q3/bin/../lib/gcc/arm-none-eabi/5.4.1/../../../../arm-none-eabi/lib/armv7e-m/fpu/fpv5-d16/crt0.o (__libc_init_array)
d:/program files (x86)/gnu tools arm embedded/5.4 2016q3/bin/../lib/gcc/arm-none-eabi/5.4.1/../../../../arm-none-eabi/lib/armv7e-m/fpu/fpv5-d16\libc_nano.a(lib_a-memcpy-stub.o)
                              build/queue.o (memcpy)
d:/program files (x86)/gnu tools arm embedded/5.4 2016q3/bin/../lib/gcc/arm-none-eabi/5.4.1/../../../../arm-none-eabi/lib/armv7e-m/fpu/fpv5-d16\libc_nano.a(lib_a-memset.o)
                              d:/program files (x86)/gnu tools arm embedded/5.4 2016q3/bin/../lib/gcc/arm-none-eabi/5.4.1/../../../../arm-none-eabi/lib/armv7e-m/fpu/fpv5-d16/crt0.o (memset)
d:/program files (x86)/gnu tools arm embedded/5.4 2016q3/bin/../lib/gcc/arm-none-eabi/5.4.1/../../../../arm-none-eabi/lib/armv7e-m/fpu/fpv5-d16\libc_nano.a(lib_a-printf.o)
                              build/freertos.o (printf)
d:/program files (x86)/gnu tools arm embedded/5.4 2016q3/bin/../lib/gcc/arm-none-eabi/5.4.1/../../../../arm-none-eabi/lib/armv7e-m/fpu/fpv5-d16\libc_nano.a(lib_a-findfp.o)
                              d:/program files (x86)/gnu tools arm embedded/5.4 2016q3/bin/../lib/gcc/arm-none-eabi/5.4.1/../../../../arm-none-eabi/lib/armv7e-m/fpu/fpv5-d16\libc_nano.a(lib_a-printf.o) (__sinit)
d:/program files (x86)/gnu tools arm embedded/5.4 2016q3/bin/../lib/gcc/arm-none-eabi/5.4.1/../../../../arm-none-eabi/lib/armv7e-m/fpu/fpv5-d16\libc_nano.a(lib_a-fwalk.o)
                              d:/program files (x86)/gnu tools arm embedded/5.4 2016q3/bin/../lib/gcc/arm-none-eabi/5.4.1/../../../../arm-none-eabi/lib/armv7e-m/fpu/fpv5-d16\libc_nano.a(lib_a-findfp.o) (_fwalk)
d:/program files (x86)/gnu tools arm embedded/5.4 2016q3/bin/../lib/gcc/arm-none-eabi/5.4.1/../../../../arm-none-eabi/lib/armv7e-m/fpu/fpv5-d16\libc_nano.a(lib_a-nano-mallocr.o)
                              d:/program files (x86)/gnu tools arm embedded/5.4 2016q3/bin/../lib/gcc/arm-none-eabi/5.4.1/../../../../arm-none-eabi/lib/armv7e-m/fpu/fpv5-d16\libc_nano.a(lib_a-findfp.o) (_malloc_r)
d:/program files (x86)/gnu tools arm embedded/5.4 2016q3/bin/../lib/gcc/arm-none-eabi/5.4.1/../../../../arm-none-eabi/lib/armv7e-m/fpu/fpv5-d16\libc_nano.a(lib_a-nano-vfprintf.o)
                              d:/program files (x86)/gnu tools arm embedded/5.4 2016q3/bin/../lib/gcc/arm-none-eabi/5.4.1/../../../../arm-none-eabi/lib/armv7e-m/fpu/fpv5-d16\libc_nano.a(lib_a-printf.o) (_vfprintf_r)
d:/program files (x86)/gnu tools arm embedded/5.4 2016q3/bin/../lib/gcc/arm-none-eabi/5.4.1/../../../../arm-none-eabi/lib/armv7e-m/fpu/fpv5-d16\libc_nano.a(lib_a-nano-vfprintf_i.o)
                              d:/program files (x86)/gnu tools arm embedded/5.4 2016q3/bin/../lib/gcc/arm-none-eabi/5.4.1/../../../../arm-none-eabi/lib/armv7e-m/fpu/fpv5-d16\libc_nano.a(lib_a-nano-vfprintf.o) (_printf_i)
d:/program files (x86)/gnu tools arm embedded/5.4 2016q3/bin/../lib/gcc/arm-none-eabi/5.4.1/../../../../arm-none-eabi/lib/armv7e-m/fpu/fpv5-d16\libc_nano.a(lib_a-sbrkr.o)
                              d:/program files (x86)/gnu tools arm embedded/5.4 2016q3/bin/../lib/gcc/arm-none-eabi/5.4.1/../../../../arm-none-eabi/lib/armv7e-m/fpu/fpv5-d16\libc_nano.a(lib_a-nano-mallocr.o) (_sbrk_r)
d:/program files (x86)/gnu tools arm embedded/5.4 2016q3/bin/../lib/gcc/arm-none-eabi/5.4.1/../../../../arm-none-eabi/lib/armv7e-m/fpu/fpv5-d16\libc_nano.a(lib_a-stdio.o)
                              d:/program files (x86)/gnu tools arm embedded/5.4 2016q3/bin/../lib/gcc/arm-none-eabi/5.4.1/../../../../arm-none-eabi/lib/armv7e-m/fpu/fpv5-d16\libc_nano.a(lib_a-findfp.o) (__sread)
d:/program files (x86)/gnu tools arm embedded/5.4 2016q3/bin/../lib/gcc/arm-none-eabi/5.4.1/../../../../arm-none-eabi/lib/armv7e-m/fpu/fpv5-d16\libc_nano.a(lib_a-wbuf.o)
[...]
Memory Configuration

Name             Origin             Length             Attributes
DTCMRAM          0x20000000         0x00020000         xrw
RAM_D1           0x24000000         0x00080000         xrw
RAM_D2           0x30000000         0x00048000         xrw
RAM_D3           0x38000000         0x00010000         xrw
ITCMRAM          0x00000000         0x00010000         xrw
FLASH            0x08000000         0x00200000         xr
*default*        0x00000000         0xffffffff

Linker script and memory map

LOAD d:/program files (x86)/gnu tools arm embedded/5.4 2016q3/bin/../lib/gcc/arm-none-eabi/5.4.1/armv7e-m/fpu/fpv5-d16/crti.o
LOAD d:/program files (x86)/gnu tools arm embedded/5.4 2016q3/bin/../lib/gcc/arm-none-eabi/5.4.1/armv7e-m/fpu/fpv5-d16/crtbegin.o
LOAD d:/program files (x86)/gnu tools arm embedded/5.4 2016q3/bin/../lib/gcc/arm-none-eabi/5.4.1/../../../../arm-none-eabi/lib/armv7e-m/fpu/fpv5-d16/crt0.o
LOAD build/main.o
LOAD build/gpio.o
LOAD build/stm32h7xx_it.o
LOAD build/stm32h7xx_hal_msp.o
LOAD build/stm32h7xx_hal_cortex.o
LOAD build/stm32h7xx_hal_tim.o
LOAD build/stm32h7xx_hal_tim_ex.o
LOAD build/stm32h7xx_hal_rcc.o
LOAD build/stm32h7xx_hal_rcc_ex.o
LOAD build/stm32h7xx_hal_flash.o
LOAD build/stm32h7xx_hal_flash_ex.o
LOAD build/stm32h7xx_hal_gpio.o
LOAD build/stm32h7xx_hal_hsem.o
LOAD build/stm32h7xx_hal_dma.o
LOAD build/stm32h7xx_hal_dma_ex.o
LOAD build/stm32h7xx_hal_mdma.o
LOAD build/stm32h7xx_hal_pwr.o
LOAD build/stm32h7xx_hal_pwr_ex.o
LOAD build/stm32h7xx_hal.o
LOAD build/stm32h7xx_hal_i2c.o
LOAD build/stm32h7xx_hal_i2c_ex.o
LOAD build/stm32h7xx_hal_exti.o
LOAD build/system_stm32h7xx.o
LOAD build/freertos.o
LOAD build/stm32h7xx_hal_timebase_tim.o
LOAD build/croutine.o
LOAD build/event_groups.o
LOAD build/list.o
LOAD build/queue.o
LOAD build/stream_buffer.o
LOAD build/tasks.o
LOAD build/timers.o
LOAD build/cmsis_os.o
LOAD build/heap_4.o
LOAD build/port.o
LOAD build/usart.o
LOAD build/stm32h7xx_hal_uart.o
LOAD build/stm32h7xx_hal_uart_ex.o
LOAD build/startup_stm32h750xx.o
LOAD d:/program files (x86)/gnu tools arm embedded/5.4 2016q3/bin/../lib/gcc/arm-none-eabi/5.4.1/../../../../arm-none-eabi/lib/armv7e-m/fpu/fpv5-d16\libc_nano.a
LOAD d:/program files (x86)/gnu tools arm embedded/5.4 2016q3/bin/../lib/gcc/arm-none-eabi/5.4.1/../../../../arm-none-eabi/lib/armv7e-m/fpu/fpv5-d16\libm.a
LOAD d:/program files (x86)/gnu tools arm embedded/5.4 2016q3/bin/../lib/gcc/arm-none-eabi/5.4.1/../../../../arm-none-eabi/lib/armv7e-m/fpu/fpv5-d16\libnosys.a
START GROUP
LOAD d:/program files (x86)/gnu tools arm embedded/5.4 2016q3/bin/../lib/gcc/arm-none-eabi/5.4.1/armv7e-m/fpu/fpv5-d16\libgcc.a
LOAD d:/program files (x86)/gnu tools arm embedded/5.4 2016q3/bin/../lib/gcc/arm-none-eabi/5.4.1/../../../../arm-none-eabi/lib/armv7e-m/fpu/fpv5-d16\libc_nano.a
END GROUP
START GROUP
LOAD d:/program files (x86)/gnu tools arm embedded/5.4 2016q3/bin/../lib/gcc/arm-none-eabi/5.4.1/armv7e-m/fpu/fpv5-d16\libgcc.a
LOAD d:/program files (x86)/gnu tools arm embedded/5.4 2016q3/bin/../lib/gcc/arm-none-eabi/5.4.1/../../../../arm-none-eabi/lib/armv7e-m/fpu/fpv5-d16\libc_nano.a
END GROUP
LOAD d:/program files (x86)/gnu tools arm embedded/5.4 2016q3/bin/../lib/gcc/arm-none-eabi/5.4.1/armv7e-m/fpu/fpv5-d16/crtend.o
LOAD d:/program files (x86)/gnu tools arm embedded/5.4 2016q3/bin/../lib/gcc/arm-none-eabi/5.4.1/armv7e-m/fpu/fpv5-d16/crtn.o
                0x20020000                _estack = 0x20020000
                0x00002200                _Min_Heap_Size = 0x2200
                0x00002400                _Min_Stack_Size = 0x2400

.isr_vector     0x08000000      0x298
                0x08000000                . = ALIGN (0x4)
 *(.isr_vector)
 .isr_vector    0x08000000      0x298 build/startup_stm32h750xx.o
                0x08000000                g_pfnVectors
                0x08000298                . = ALIGN (0x4)

.text           0x080002a0     0x5888
                0x080002a0                . = ALIGN (0x4)
 *(.text)
 .text          0x080002a0       0x5c d:/program files (x86)/gnu tools arm embedded/5.4 2016q3/bin/../lib/gcc/arm-none-eabi/5.4.1/armv7e-m/fpu/fpv5-d16/crtbegin.o
 *fill*         0x080002fc        0x4 
 .text          0x08000300       0xa0 d:/program files (x86)/gnu tools arm embedded/5.4 2016q3/bin/../lib/gcc/arm-none-eabi/5.4.1/../../../../arm-none-eabi/lib/armv7e-m/fpu/fpv5-d16\libc_nano.a(lib_a-memchr.o)
                0x08000300                memchr
 .text          0x080003a0       0x30 d:/program files (x86)/gnu tools arm embedded/5.4 2016q3/bin/../lib/gcc/arm-none-eabi/5.4.1/armv7e-m/fpu/fpv5-d16\libgcc.a(_aeabi_uldivmod.o)
                0x080003a0                __aeabi_uldivmod
 .text          0x080003d0      0x2e4 d:/program files (x86)/gnu tools arm embedded/5.4 2016q3/bin/../lib/gcc/arm-none-eabi/5.4.1/armv7e-m/fpu/fpv5-d16\libgcc.a(_udivmoddi4.o)
                0x080003d0                __udivmoddi4
 .text          0x080006b4        0x4 d:/program files (x86)/gnu tools arm embedded/5.4 2016q3/bin/../lib/gcc/arm-none-eabi/5.4.1/armv7e-m/fpu/fpv5-d16\libgcc.a(_dvmd_tls.o)
                0x080006b4                __aeabi_idiv0
                0x080006b4                __aeabi_ldiv0
 *(.text*)
 .text.HAL_TIM_PeriodElapsedCallback
                0x080006b8       0x14 build/main.o
                0x080006b8                HAL_TIM_PeriodElapsedCallback
 .text.Error_Handler
                0x080006cc        0x4 build/main.o
                0x080006cc                Error_Handler
 .text.SystemClock_Config
                0x080006d0       0xe0 build/main.o
                0x080006d0                SystemClock_Config
 .text.main     0x080007b0       0x24 build/main.o
                0x080007b0                main
 .text.MX_GPIO_Init
                0x080007d4       0x8c build/gpio.o
                0x080007d4                MX_GPIO_Init
 .text.NMI_Handler
                0x08000860        0x4 build/stm32h7xx_it.o
                0x08000860                NMI_Handler
 .text.HardFault_Handler
                0x08000864        0x4 build/stm32h7xx_it.o
                0x08000864                HardFault_Handler
 .text.MemManage_Handler
                0x08000868        0x4 build/stm32h7xx_it.o
                0x08000868                MemManage_Handler
 .text.BusFault_Handler
                0x0800086c        0x4 build/stm32h7xx_it.o
                0x0800086c                BusFault_Handler
 .text.UsageFault_Handler
                0x08000870        0x4 build/stm32h7xx_it.o
                0x08000870                UsageFault_Handler
 .text.DebugMon_Handler
                0x08000874        0x4 build/stm32h7xx_it.o
                0x08000874                DebugMon_Handler
 .text.USART1_IRQHandler
                0x08000878       0x10 build/stm32h7xx_it.o
                0x08000878                USART1_IRQHandler
 .text.TIM6_DAC_IRQHandler
                0x08000888       0x10 build/stm32h7xx_it.o
                0x08000888                TIM6_DAC_IRQHandler
 .text.HAL_MspInit
                0x08000898       0x34 build/stm32h7xx_hal_msp.o
                0x08000898                HAL_MspInit
 .text.HAL_NVIC_SetPriorityGrouping
                0x080008cc       0x24 build/stm32h7xx_hal_cortex.o
                0x080008cc                HAL_NVIC_SetPriorityGrouping
 .text.HAL_NVIC_SetPriority
                0x080008f0       0x60 build/stm32h7xx_hal_cortex.o
                0x080008f0                HAL_NVIC_SetPriority
 .text.HAL_NVIC_EnableIRQ
                0x08000950       0x1c build/stm32h7xx_hal_cortex.o
                0x08000950                HAL_NVIC_EnableIRQ
 .text.HAL_TIM_Base_MspInit
                0x0800096c        0x4 build/stm32h7xx_hal_tim.o
                0x0800096c                HAL_TIM_Base_MspInit
 .text.HAL_TIM_Base_Start_IT
                0x08000970       0x44 build/stm32h7xx_hal_tim.o
                0x08000970                HAL_TIM_Base_Start_IT
 .text.HAL_TIM_OC_DelayElapsedCallback
                0x080009b4        0x4 build/stm32h7xx_hal_tim.o
                0x080009b4                HAL_TIM_OC_DelayElapsedCallback
 .text.HAL_TIM_IC_CaptureCallback
                0x080009b8        0x4 build/stm32h7xx_hal_tim.o
                0x080009b8                HAL_TIM_IC_CaptureCallback
 .text.HAL_TIM_PWM_PulseFinishedCallback
                0x080009bc        0x4 build/stm32h7xx_hal_tim.o
                0x080009bc                HAL_TIM_PWM_PulseFinishedCallback
 .text.HAL_TIM_TriggerCallback
                0x080009c0        0x4 build/stm32h7xx_hal_tim.o
                0x080009c0                HAL_TIM_TriggerCallback
 .text.HAL_TIM_IRQHandler
                0x080009c4      0x190 build/stm32h7xx_hal_tim.o
                0x080009c4                HAL_TIM_IRQHandler
 .text.TIM_Base_SetConfig
                0x08000b54      0x100 build/stm32h7xx_hal_tim.o
                0x08000b54                TIM_Base_SetConfig
 .text.HAL_TIM_Base_Init
                0x08000c54       0x64 build/stm32h7xx_hal_tim.o
                0x08000c54                HAL_TIM_Base_Init
 .text.HAL_TIMEx_CommutCallback
                0x08000cb8        0x4 build/stm32h7xx_hal_tim_ex.o
                0x08000cb8                HAL_TIMEx_CommutCallback
 .text.HAL_TIMEx_BreakCallback
                0x08000cbc        0x4 build/stm32h7xx_hal_tim_ex.o
                0x08000cbc                HAL_TIMEx_BreakCallback
 .text.HAL_TIMEx_Break2Callback
                0x08000cc0        0x4 build/stm32h7xx_hal_tim_ex.o
                0x08000cc0                HAL_TIMEx_Break2Callback
 .text.HAL_RCC_OscConfig
                0x08000cc4      0x684 build/stm32h7xx_hal_rcc.o
                0x08000cc4                HAL_RCC_OscConfig
 .text.HAL_RCC_GetSysClockFreq
                0x08001348      0x1f8 build/stm32h7xx_hal_rcc.o
                0x08001348                HAL_RCC_GetSysClockFreq
 .text.HAL_RCC_ClockConfig
                0x08001540      0x29c build/stm32h7xx_hal_rcc.o
                0x08001540                HAL_RCC_ClockConfig
 .text.HAL_RCC_GetHCLKFreq
                0x080017dc       0x44 build/stm32h7xx_hal_rcc.o
                0x080017dc                HAL_RCC_GetHCLKFreq
 .text.HAL_RCC_GetPCLK1Freq
                0x08001820       0x24 build/stm32h7xx_hal_rcc.o
                0x08001820                HAL_RCC_GetPCLK1Freq
 .text.HAL_RCC_GetPCLK2Freq
                0x08001844       0x24 build/stm32h7xx_hal_rcc.o
                0x08001844                HAL_RCC_GetPCLK2Freq
 .text.HAL_RCC_GetClockConfig
                0x08001868       0x54 build/stm32h7xx_hal_rcc.o
                0x08001868                HAL_RCC_GetClockConfig
 .text.RCCEx_PLL2_Config
                0x080018bc      0x114 build/stm32h7xx_hal_rcc_ex.o
 .text.RCCEx_PLL3_Config
                0x080019d0      0x114 build/stm32h7xx_hal_rcc_ex.o
 .text.HAL_RCCEx_PeriphCLKConfig
                0x08001ae4      0x92c build/stm32h7xx_hal_rcc_ex.o
                0x08001ae4                HAL_RCCEx_PeriphCLKConfig
 .text.HAL_RCCEx_GetD3PCLK1Freq
                0x08002410       0x24 build/stm32h7xx_hal_rcc_ex.o
                0x08002410                HAL_RCCEx_GetD3PCLK1Freq
 .text.HAL_RCCEx_GetPLL2ClockFreq
                0x08002434      0x1f8 build/stm32h7xx_hal_rcc_ex.o
                0x08002434                HAL_RCCEx_GetPLL2ClockFreq
 .text.HAL_RCCEx_GetPLL3ClockFreq
                0x0800262c      0x1f8 build/stm32h7xx_hal_rcc_ex.o
                0x0800262c                HAL_RCCEx_GetPLL3ClockFreq
 .text.HAL_GPIO_Init
                0x08002824      0x1f4 build/stm32h7xx_hal_gpio.o
                0x08002824                HAL_GPIO_Init
 .text.HAL_GPIO_WritePin
                0x08002a18        0xc build/stm32h7xx_hal_gpio.o
                0x08002a18                HAL_GPIO_WritePin
 .text.HAL_GPIO_TogglePin
                0x08002a24       0x14 build/stm32h7xx_hal_gpio.o
                0x08002a24                HAL_GPIO_TogglePin
 .text.HAL_DMA_Abort_IT
                0x08002a38      0x30c build/stm32h7xx_hal_dma.o
                0x08002a38                HAL_DMA_Abort_IT
 .text.HAL_PWREx_ConfigSupply
                0x08002d44       0x58 build/stm32h7xx_hal_pwr_ex.o
                0x08002d44                HAL_PWREx_ConfigSupply
 .text.HAL_Init
                0x08002d9c       0x5c build/stm32h7xx_hal.o
                0x08002d9c                HAL_Init
 .text.HAL_IncTick
                0x08002df8       0x18 build/stm32h7xx_hal.o
                0x08002df8                HAL_IncTick
 .text.HAL_GetTick
                0x08002e10        0xc build/stm32h7xx_hal.o
                0x08002e10                HAL_GetTick
 .text.HAL_Delay
                0x08002e1c       0x28 build/stm32h7xx_hal.o
                0x08002e1c                HAL_Delay
 .text.HAL_GetREVID
                0x08002e44        0xc build/stm32h7xx_hal.o
                0x08002e44                HAL_GetREVID
 .text.SystemInit
                0x08002e50       0xd4 build/system_stm32h7xx.o
                0x08002e50                SystemInit
 .text.StartDefaultTask
                0x08002f24       0x48 build/freertos.o
                0x08002f24                StartDefaultTask
 .text.vApplicationGetIdleTaskMemory
                0x08002f6c       0x18 build/freertos.o
                0x08002f6c                vApplicationGetIdleTaskMemory
 .text.MX_FREERTOS_Init
                0x08002f84       0x2c build/freertos.o
                0x08002f84                MX_FREERTOS_Init
 .text.HAL_InitTick
                0x08002fb0       0x9c build/stm32h7xx_hal_timebase_tim.o
                0x08002fb0                HAL_InitTick
 .text.vListInitialise
                0x0800304c       0x18 build/list.o
                0x0800304c                vListInitialise
 .text.vListInitialiseItem
                0x08003064        0x8 build/list.o
                0x08003064                vListInitialiseItem
 .text.vListInsertEnd
                0x0800306c       0x18 build/list.o
                0x0800306c                vListInsertEnd
 .text.vListInsert
                0x08003084       0x34 build/list.o
                0x08003084                vListInsert
 .text.uxListRemove
                0x080030b8       0x28 build/list.o
                0x080030b8                uxListRemove
 .text.prvResetNextTaskUnblockTime
                0x080030e0       0x2c build/tasks.o
 .text.prvInitialiseNewTask
                0x0800310c       0x90 build/tasks.o
 .text.prvInitialiseTaskLists
                0x0800319c       0x68 build/tasks.o
 .text.prvAddNewTaskToReadyList
                0x08003204       0xa8 build/tasks.o
 .text.prvDeleteTCB
                0x080032ac       0x3c build/tasks.o
 .text.prvCheckTasksWaitingTermination
                0x080032e8       0x44 build/tasks.o
 .text.prvIdleTask
                0x0800332c       0x28 build/tasks.o
 .text.prvAddCurrentTaskToDelayedList
                0x08003354       0xa0 build/tasks.o
 .text.xTaskCreateStatic
                0x080033f4       0x84 build/tasks.o
                0x080033f4                xTaskCreateStatic
 .text.xTaskCreate
                0x08003478       0x68 build/tasks.o
                0x08003478                xTaskCreate
 .text.vTaskStartScheduler
                0x080034e0       0x74 build/tasks.o
                0x080034e0                vTaskStartScheduler
 .text.vTaskSuspendAll
                0x08003554       0x10 build/tasks.o
                0x08003554                vTaskSuspendAll
 .text.xTaskIncrementTick
                0x08003564      0x11c build/tasks.o
                0x08003564                xTaskIncrementTick
 .text.xTaskResumeAll
                0x08003680       0xf8 build/tasks.o
                0x08003680                xTaskResumeAll
 .text.vTaskDelay
                0x08003778       0x50 build/tasks.o
                0x08003778                vTaskDelay
 .text.vTaskSwitchContext
                0x080037c8       0x94 build/tasks.o
                0x080037c8                vTaskSwitchContext
 .text.makeFreeRtosPriority
                0x0800385c        0xc build/cmsis_os.o
 .text.osKernelStart
                0x08003868        0xc build/cmsis_os.o
                0x08003868                osKernelStart
 .text.osThreadCreate
                0x08003874       0x6c build/cmsis_os.o
                0x08003874                osThreadCreate
 .text.osDelay  0x080038e0       0x10 build/cmsis_os.o
                0x080038e0                osDelay
 .text.prvHeapInit
                0x080038f0       0x64 build/heap_4.o
 .text.prvInsertBlockIntoFreeList
                0x08003954       0x58 build/heap_4.o
 .text.pvPortMalloc
                0x080039ac      0x104 build/heap_4.o
                0x080039ac                pvPortMalloc
 .text.vPortFree
                0x08003ab0       0x78 build/heap_4.o
                0x08003ab0                vPortFree
 .text.prvTaskExitError
                0x08003b28       0x40 build/port.o
 .text.prvPortStartFirstTask
                0x08003b68       0x28 build/port.o
 .text.vPortEnableVFP
                0x08003b90       0x14 build/port.o
 .text.pxPortInitialiseStack
                0x08003ba4       0x2c build/port.o
                0x08003ba4                pxPortInitialiseStack
 .text.SVC_Handler
                0x08003bd0       0x24 build/port.o
                0x08003bd0                SVC_Handler
 .text.vPortEnterCritical
                0x08003bf4       0x44 build/port.o
                0x08003bf4                vPortEnterCritical
 .text.vPortExitCritical
                0x08003c38       0x2c build/port.o
                0x08003c38                vPortExitCritical
 *fill*         0x08003c64        0xc 
 .text.PendSV_Handler
                0x08003c70       0x64 build/port.o
                0x08003c70                PendSV_Handler
 .text.SysTick_Handler
                0x08003cd4       0x2c build/port.o
                0x08003cd4                SysTick_Handler
 .text.vPortSetupTimerInterrupt
                0x08003d00       0x38 build/port.o
                0x08003d00                vPortSetupTimerInterrupt
 .text.xPortStartScheduler
                0x08003d38      0x110 build/port.o
                0x08003d38                xPortStartScheduler
 .text.MX_USART1_UART_Init
                0x08003e48       0x60 build/usart.o
                0x08003e48                MX_USART1_UART_Init
 .text.HAL_UART_MspInit
                0x08003ea8       0x84 build/usart.o
                0x08003ea8                HAL_UART_MspInit
 .text._write   0x08003f2c       0x18 build/usart.o
                0x08003f2c                _write
 .text.UART_EndRxTransfer
                0x08003f44       0x24 build/stm32h7xx_hal_uart.o
 .text.HAL_UART_TxCpltCallback
                0x08003f68        0x4 build/stm32h7xx_hal_uart.o
                0x08003f68                HAL_UART_TxCpltCallback
 .text.UART_EndTransmit_IT
                0x08003f6c       0x1c build/stm32h7xx_hal_uart.o
 .text.HAL_UART_ErrorCallback
                0x08003f88        0x4 build/stm32h7xx_hal_uart.o
                0x08003f88                HAL_UART_ErrorCallback
 .text.HAL_UART_IRQHandler
                0x08003f8c      0x1e0 build/stm32h7xx_hal_uart.o
                0x08003f8c                HAL_UART_IRQHandler
 .text.UART_DMAAbortOnError
                0x0800416c       0x14 build/stm32h7xx_hal_uart.o
 .text.UART_SetConfig
                0x08004180      0x5f4 build/stm32h7xx_hal_uart.o
                0x08004180                UART_SetConfig
 .text.UART_AdvFeatureConfig
                0x08004774       0xc8 build/stm32h7xx_hal_uart.o
                0x08004774                UART_AdvFeatureConfig
 .text.UART_WaitOnFlagUntilTimeout
                0x0800483c       0xac build/stm32h7xx_hal_uart.o
                0x0800483c                UART_WaitOnFlagUntilTimeout
 .text.HAL_UART_Transmit
                0x080048e8       0xe0 build/stm32h7xx_hal_uart.o
                0x080048e8                HAL_UART_Transmit
 .text.UART_CheckIdleState
                0x080049c8       0x70 build/stm32h7xx_hal_uart.o
                0x080049c8                UART_CheckIdleState
 .text.HAL_UART_Init
                0x08004a38       0x64 build/stm32h7xx_hal_uart.o
                0x08004a38                HAL_UART_Init
 .text.UARTEx_SetNbDataToProcess
                0x08004a9c       0x70 build/stm32h7xx_hal_uart_ex.o
 .text.HAL_UARTEx_WakeupCallback
                0x08004b0c        0x4 build/stm32h7xx_hal_uart_ex.o
                0x08004b0c                HAL_UARTEx_WakeupCallback
 .text.HAL_UARTEx_RxFifoFullCallback
                0x08004b10        0x4 build/stm32h7xx_hal_uart_ex.o
                0x08004b10                HAL_UARTEx_RxFifoFullCallback
 .text.HAL_UARTEx_TxFifoEmptyCallback
                0x08004b14        0x4 build/stm32h7xx_hal_uart_ex.o
                0x08004b14                HAL_UARTEx_TxFifoEmptyCallback
 .text.HAL_UARTEx_DisableFifoMode
                0x08004b18       0x40 build/stm32h7xx_hal_uart_ex.o
                0x08004b18                HAL_UARTEx_DisableFifoMode
 .text.HAL_UARTEx_SetTxFifoThreshold
                0x08004b58       0x4c build/stm32h7xx_hal_uart_ex.o
                0x08004b58                HAL_UARTEx_SetTxFifoThreshold
 .text.HAL_UARTEx_SetRxFifoThreshold
                0x08004ba4       0x4c build/stm32h7xx_hal_uart_ex.o
                0x08004ba4                HAL_UARTEx_SetRxFifoThreshold
 .text.Reset_Handler
                0x08004bf0       0x50 build/startup_stm32h750xx.o
                0x08004bf0                Reset_Handler
 .text.Default_Handler
                0x08004c40        0x2 build/startup_stm32h750xx.o
                0x08004c40                RTC_Alarm_IRQHandler
                0x08004c40                HASH_RNG_IRQHandler
                0x08004c40                EXTI2_IRQHandler
                0x08004c40                TIM8_CC_IRQHandler
                0x08004c40                HRTIM1_Master_IRQHandler
                0x08004c40                UART8_IRQHandler
                0x08004c40                SPI4_IRQHandler
                0x08004c40                TIM1_CC_IRQHandler
                0x08004c40                BDMA_Channel6_IRQHandler
                0x08004c40                DMA2_Stream5_IRQHandler
                0x08004c40                HRTIM1_FLT_IRQHandler
                0x08004c40                JPEG_IRQHandler
                0x08004c40                DMA1_Stream5_IRQHandler
                0x08004c40                BDMA_Channel1_IRQHandler
                0x08004c40                HRTIM1_TIMD_IRQHandler
                0x08004c40                TAMP_STAMP_IRQHandler
                0x08004c40                EXTI3_IRQHandler
                0x08004c40                LPTIM4_IRQHandler
                0x08004c40                TIM8_TRG_COM_TIM14_IRQHandler
                0x08004c40                LPTIM2_IRQHandler
                0x08004c40                DFSDM1_FLT1_IRQHandler
                0x08004c40                DMAMUX2_OVR_IRQHandler
                0x08004c40                TIM8_UP_TIM13_IRQHandler
                0x08004c40                I2C3_ER_IRQHandler
                0x08004c40                DFSDM1_FLT2_IRQHandler
                0x08004c40                MDMA_IRQHandler
                0x08004c40                LPTIM3_IRQHandler
                0x08004c40                HSEM1_IRQHandler
                0x08004c40                EXTI0_IRQHandler
                0x08004c40                I2C2_EV_IRQHandler
                0x08004c40                DMA1_Stream2_IRQHandler
                0x08004c40                FPU_IRQHandler
                0x08004c40                OTG_HS_WKUP_IRQHandler
                0x08004c40                FDCAN1_IT1_IRQHandler
                0x08004c40                LTDC_ER_IRQHandler
                0x08004c40                DMA2_Stream2_IRQHandler
                0x08004c40                HRTIM1_TIME_IRQHandler
                0x08004c40                SPI1_IRQHandler
                0x08004c40                DCMI_IRQHandler
                0x08004c40                HRTIM1_TIMC_IRQHandler
                0x08004c40                DMA2_Stream3_IRQHandler
                0x08004c40                SAI2_IRQHandler
                0x08004c40                DFSDM1_FLT3_IRQHandler
                0x08004c40                USART6_IRQHandler
                0x08004c40                TIM17_IRQHandler
                0x08004c40                USART3_IRQHandler
                0x08004c40                BDMA_Channel7_IRQHandler
                0x08004c40                CRYP_IRQHandler
                0x08004c40                LPTIM5_IRQHandler
                0x08004c40                UART5_IRQHandler
                0x08004c40                ADC3_IRQHandler
                0x08004c40                DMA2_Stream0_IRQHandler
                0x08004c40                TIM4_IRQHandler
                0x08004c40                BDMA_Channel2_IRQHandler
                0x08004c40                QUADSPI_IRQHandler
                0x08004c40                I2C1_EV_IRQHandler
                0x08004c40                DMA1_Stream6_IRQHandler
                0x08004c40                DMAMUX1_OVR_IRQHandler
                0x08004c40                DMA1_Stream1_IRQHandler
                0x08004c40                TIM16_IRQHandler
                0x08004c40                UART4_IRQHandler
                0x08004c40                BDMA_Channel5_IRQHandler
                0x08004c40                TIM3_IRQHandler
                0x08004c40                RCC_IRQHandler
                0x08004c40                TIM8_BRK_TIM12_IRQHandler
                0x08004c40                TIM1_TRG_COM_IRQHandler
                0x08004c40                Default_Handler
                0x08004c40                ECC_IRQHandler
                0x08004c40                CEC_IRQHandler
                0x08004c40                EXTI15_10_IRQHandler
                0x08004c40                BDMA_Channel0_IRQHandler
                0x08004c40                ADC_IRQHandler
                0x08004c40                DMA1_Stream7_IRQHandler
                0x08004c40                HRTIM1_TIMA_IRQHandler
                0x08004c40                SPI5_IRQHandler
                0x08004c40                TIM7_IRQHandler
                0x08004c40                SDMMC1_IRQHandler
                0x08004c40                TIM5_IRQHandler
                0x08004c40                DMA2_Stream7_IRQHandler
                0x08004c40                TIM15_IRQHandler
                0x08004c40                PVD_AVD_IRQHandler
                0x08004c40                I2C3_EV_IRQHandler
                0x08004c40                EXTI9_5_IRQHandler
                0x08004c40                RTC_WKUP_IRQHandler
                0x08004c40                LTDC_IRQHandler
                0x08004c40                SAI3_IRQHandler
                0x08004c40                ETH_WKUP_IRQHandler
                0x08004c40                SPDIF_RX_IRQHandler
                0x08004c40                SPI2_IRQHandler
                0x08004c40                OTG_HS_EP1_IN_IRQHandler
                0x08004c40                DMA1_Stream0_IRQHandler
                0x08004c40                CRS_IRQHandler
                0x08004c40                EXTI4_IRQHandler
                0x08004c40                HRTIM1_TIMB_IRQHandler
                0x08004c40                FDCAN2_IT1_IRQHandler
                0x08004c40                ETH_IRQHandler
                0x08004c40                TIM1_UP_IRQHandler
                0x08004c40                BDMA_Channel4_IRQHandler
                0x08004c40                OTG_HS_EP1_OUT_IRQHandler
                0x08004c40                WWDG_IRQHandler
                0x08004c40                SPI6_IRQHandler
                0x08004c40                MDIOS_IRQHandler
                0x08004c40                I2C4_EV_IRQHandler
                0x08004c40                FDCAN2_IT0_IRQHandler
                0x08004c40                LPUART1_IRQHandler
                0x08004c40                FDCAN1_IT0_IRQHandler
                0x08004c40                TIM2_IRQHandler
                0x08004c40                OTG_FS_WKUP_IRQHandler
                0x08004c40                OTG_HS_IRQHandler
                0x08004c40                DMA2D_IRQHandler
                0x08004c40                TIM1_BRK_IRQHandler
                0x08004c40                EXTI1_IRQHandler
                0x08004c40                SDMMC2_IRQHandler
                0x08004c40                OTG_FS_EP1_OUT_IRQHandler
                0x08004c40                BDMA_Channel3_IRQHandler
                0x08004c40                UART7_IRQHandler
                0x08004c40                MDIOS_WKUP_IRQHandler
                0x08004c40                USART2_IRQHandler
                0x08004c40                DFSDM1_FLT0_IRQHandler
                0x08004c40                SAI4_IRQHandler
                0x08004c40                I2C2_ER_IRQHandler
                0x08004c40                DMA2_Stream1_IRQHandler
                0x08004c40                FLASH_IRQHandler
                0x08004c40                DMA2_Stream4_IRQHandler
                0x08004c40                OTG_FS_IRQHandler
                0x08004c40                SPI3_IRQHandler
                0x08004c40                WAKEUP_PIN_IRQHandler
                0x08004c40                DMA1_Stream4_IRQHandler
                0x08004c40                OTG_FS_EP1_IN_IRQHandler
                0x08004c40                I2C1_ER_IRQHandler
                0x08004c40                FMC_IRQHandler
                0x08004c40                FDCAN_CAL_IRQHandler
                0x08004c40                SWPMI1_IRQHandler
                0x08004c40                COMP1_IRQHandler
                0x08004c40                LPTIM1_IRQHandler
                0x08004c40                I2C4_ER_IRQHandler
                0x08004c40                DMA2_Stream6_IRQHandler
                0x08004c40                SAI1_IRQHandler
                0x08004c40                DMA1_Stream3_IRQHandler
 *fill*         0x08004c42        0x2 
 .text.__libc_init_array
                0x08004c44       0x4c d:/program files (x86)/gnu tools arm embedded/5.4 2016q3/bin/../lib/gcc/arm-none-eabi/5.4.1/../../../../arm-none-eabi/lib/armv7e-m/fpu/fpv5-d16\libc_nano.a(lib_a-init.o)
                0x08004c44                __libc_init_array
 .text.memset   0x08004c90       0x10 d:/program files (x86)/gnu tools arm embedded/5.4 2016q3/bin/../lib/gcc/arm-none-eabi/5.4.1/../../../../arm-none-eabi/lib/armv7e-m/fpu/fpv5-d16\libc_nano.a(lib_a-memset.o)
                0x08004c90                memset
 .text.printf   0x08004ca0       0x30 d:/program files (x86)/gnu tools arm embedded/5.4 2016q3/bin/../lib/gcc/arm-none-eabi/5.4.1/../../../../arm-none-eabi/lib/armv7e-m/fpu/fpv5-d16\libc_nano.a(lib_a-printf.o)
                0x08004ca0                iprintf
                0x08004ca0                printf
 .text._cleanup_r
                0x08004cd0        0xc d:/program files (x86)/gnu tools arm embedded/5.4 2016q3/bin/../lib/gcc/arm-none-eabi/5.4.1/../../../../arm-none-eabi/lib/armv7e-m/fpu/fpv5-d16\libc_nano.a(lib_a-findfp.o)
                0x08004cd0                _cleanup_r
 .text.std.isra.0
                0x08004cdc       0x48 d:/program files (x86)/gnu tools arm embedded/5.4 2016q3/bin/../lib/gcc/arm-none-eabi/5.4.1/../../../../arm-none-eabi/lib/armv7e-m/fpu/fpv5-d16\libc_nano.a(lib_a-findfp.o)
 .text.__sfmoreglue
                0x08004d24       0x2c d:/program files (x86)/gnu tools arm embedded/5.4 2016q3/bin/../lib/gcc/arm-none-eabi/5.4.1/../../../../arm-none-eabi/lib/armv7e-m/fpu/fpv5-d16\libc_nano.a(lib_a-findfp.o)
                0x08004d24                __sfmoreglue
 .text.__sinit  0x08004d50       0x60 d:/program files (x86)/gnu tools arm embedded/5.4 2016q3/bin/../lib/gcc/arm-none-eabi/5.4.1/../../../../arm-none-eabi/lib/armv7e-m/fpu/fpv5-d16\libc_nano.a(lib_a-findfp.o)
                0x08004d50                __sinit
 .text.__sfp    0x08004db0       0x78 d:/program files (x86)/gnu tools arm embedded/5.4 2016q3/bin/../lib/gcc/arm-none-eabi/5.4.1/../../../../arm-none-eabi/lib/armv7e-m/fpu/fpv5-d16\libc_nano.a(lib_a-findfp.o)
                0x08004db0                __sfp
 .text._fwalk_reent
                0x08004e28       0x3c d:/program files (x86)/gnu tools arm embedded/5.4 2016q3/bin/../lib/gcc/arm-none-eabi/5.4.1/../../../../arm-none-eabi/lib/armv7e-m/fpu/fpv5-d16\libc_nano.a(lib_a-fwalk.o)
                0x08004e28                _fwalk_reent
 .text._malloc_r
                0x08004e64       0xbc d:/program files (x86)/gnu tools arm embedded/5.4 2016q3/bin/../lib/gcc/arm-none-eabi/5.4.1/../../../../arm-none-eabi/lib/armv7e-m/fpu/fpv5-d16\libc_nano.a(lib_a-nano-mallocr.o)
                0x08004e64                _malloc_r
 .text.__sfputc_r
                0x08004f20       0x30 d:/program files (x86)/gnu tools arm embedded/5.4 2016q3/bin/../lib/gcc/arm-none-eabi/5.4.1/../../../../arm-none-eabi/lib/armv7e-m/fpu/fpv5-d16\libc_nano.a(lib_a-nano-vfprintf.o)
 .text.__sfputs_r
                0x08004f50       0x24 d:/program files (x86)/gnu tools arm embedded/5.4 2016q3/bin/../lib/gcc/arm-none-eabi/5.4.1/../../../../arm-none-eabi/lib/armv7e-m/fpu/fpv5-d16\libc_nano.a(lib_a-nano-vfprintf.o)
                0x08004f50                __sfputs_r
 .text._vfprintf_r
                0x08004f74      0x238 d:/program files (x86)/gnu tools arm embedded/5.4 2016q3/bin/../lib/gcc/arm-none-eabi/5.4.1/../../../../arm-none-eabi/lib/armv7e-m/fpu/fpv5-d16\libc_nano.a(lib_a-nano-vfprintf.o)
                0x08004f74                _vfprintf_r
                0x08004f74                _vfiprintf_r
 .text._printf_common
                0x080051ac       0xec d:/program files (x86)/gnu tools arm embedded/5.4 2016q3/bin/../lib/gcc/arm-none-eabi/5.4.1/../../../../arm-none-eabi/lib/armv7e-m/fpu/fpv5-d16\libc_nano.a(lib_a-nano-vfprintf_i.o)
                0x080051ac                _printf_common
 .text._printf_i
                0x08005298      0x24c d:/program files (x86)/gnu tools arm embedded/5.4 2016q3/bin/../lib/gcc/arm-none-eabi/5.4.1/../../../../arm-none-eabi/lib/armv7e-m/fpu/fpv5-d16\libc_nano.a(lib_a-nano-vfprintf_i.o)
                0x08005298                _printf_i
 .text._sbrk_r  0x080054e4       0x20 d:/program files (x86)/gnu tools arm embedded/5.4 2016q3/bin/../lib/gcc/arm-none-eabi/5.4.1/../../../../arm-none-eabi/lib/armv7e-m/fpu/fpv5-d16\libc_nano.a(lib_a-sbrkr.o)
                0x080054e4                _sbrk_r
 .text.__sread  0x08005504       0x22 d:/program files (x86)/gnu tools arm embedded/5.4 2016q3/bin/../lib/gcc/arm-none-eabi/5.4.1/../../../../arm-none-eabi/lib/armv7e-m/fpu/fpv5-d16\libc_nano.a(lib_a-stdio.o)
                0x08005504                __sread
 .text.__swrite
                0x08005526       0x38 d:/program files (x86)/gnu tools arm embedded/5.4 2016q3/bin/../lib/gcc/arm-none-eabi/5.4.1/../../../../arm-none-eabi/lib/armv7e-m/fpu/fpv5-d16\libc_nano.a(lib_a-stdio.o)
                0x08005526                __swrite
 .text.__sseek  0x0800555e       0x24 d:/program files (x86)/gnu tools arm embedded/5.4 2016q3/bin/../lib/gcc/arm-none-eabi/5.4.1/../../../../arm-none-eabi/lib/armv7e-m/fpu/fpv5-d16\libc_nano.a(lib_a-stdio.o)
                0x0800555e                __sseek
 .text.__sclose
                0x08005582        0x8 d:/program files (x86)/gnu tools arm embedded/5.4 2016q3/bin/../lib/gcc/arm-none-eabi/5.4.1/../../../../arm-none-eabi/lib/armv7e-m/fpu/fpv5-d16\libc_nano.a(lib_a-stdio.o)
                0x08005582                __sclose
 *fill*         0x0800558a        0x2 
 .text.__swbuf_r
                0x0800558c       0xa8 d:/program files (x86)/gnu tools arm embedded/5.4 2016q3/bin/../lib/gcc/arm-none-eabi/5.4.1/../../../../arm-none-eabi/lib/armv7e-m/fpu/fpv5-d16\libc_nano.a(lib_a-wbuf.o)
                0x0800558c                __swbuf_r
 .text._write_r
                0x08005634       0x24 d:/program files (x86)/gnu tools arm embedded/5.4 2016q3/bin/../lib/gcc/arm-none-eabi/5.4.1/../../../../arm-none-eabi/lib/armv7e-m/fpu/fpv5-d16\libc_nano.a(lib_a-writer.o)
                0x08005634                _write_r
 .text.__swsetup_r
                0x08005658       0xdc d:/program files (x86)/gnu tools arm embedded/5.4 2016q3/bin/../lib/gcc/arm-none-eabi/5.4.1/../../../../arm-none-eabi/lib/armv7e-m/fpu/fpv5-d16\libc_nano.a(lib_a-wsetup.o)
                0x08005658                __swsetup_r
 .text._close_r
                0x08005734       0x20 d:/program files (x86)/gnu tools arm embedded/5.4 2016q3/bin/../lib/gcc/arm-none-eabi/5.4.1/../../../../arm-none-eabi/lib/armv7e-m/fpu/fpv5-d16\libc_nano.a(lib_a-closer.o)
                0x08005734                _close_r
 .text.__sflush_r
                0x08005754      0x110 d:/program files (x86)/gnu tools arm embedded/5.4 2016q3/bin/../lib/gcc/arm-none-eabi/5.4.1/../../../../arm-none-eabi/lib/armv7e-m/fpu/fpv5-d16\libc_nano.a(lib_a-fflush.o)
                0x08005754                __sflush_r
 .text._fflush_r
                0x08005864       0x54 d:/program files (x86)/gnu tools arm embedded/5.4 2016q3/bin/../lib/gcc/arm-none-eabi/5.4.1/../../../../arm-none-eabi/lib/armv7e-m/fpu/fpv5-d16\libc_nano.a(lib_a-fflush.o)
                0x08005864                _fflush_r
 .text._lseek_r
                0x080058b8       0x24 d:/program files (x86)/gnu tools arm embedded/5.4 2016q3/bin/../lib/gcc/arm-none-eabi/5.4.1/../../../../arm-none-eabi/lib/armv7e-m/fpu/fpv5-d16\libc_nano.a(lib_a-lseekr.o)
                0x080058b8                _lseek_r
 .text.__swhatbuf_r
                0x080058dc       0x46 d:/program files (x86)/gnu tools arm embedded/5.4 2016q3/bin/../lib/gcc/arm-none-eabi/5.4.1/../../../../arm-none-eabi/lib/armv7e-m/fpu/fpv5-d16\libc_nano.a(lib_a-makebuf.o)
                0x080058dc                __swhatbuf_r
 *fill*         0x08005922        0x2 
 .text.__smakebuf_r
                0x08005924       0x78 d:/program files (x86)/gnu tools arm embedded/5.4 2016q3/bin/../lib/gcc/arm-none-eabi/5.4.1/../../../../arm-none-eabi/lib/armv7e-m/fpu/fpv5-d16\libc_nano.a(lib_a-makebuf.o)
                0x08005924                __smakebuf_r
 .text.__malloc_lock
                0x0800599c        0x2 d:/program files (x86)/gnu tools arm embedded/5.4 2016q3/bin/../lib/gcc/arm-none-eabi/5.4.1/../../../../arm-none-eabi/lib/armv7e-m/fpu/fpv5-d16\libc_nano.a(lib_a-mlock.o)
                0x0800599c                __malloc_lock
 .text.__malloc_unlock
                0x0800599e        0x2 d:/program files (x86)/gnu tools arm embedded/5.4 2016q3/bin/../lib/gcc/arm-none-eabi/5.4.1/../../../../arm-none-eabi/lib/armv7e-m/fpu/fpv5-d16\libc_nano.a(lib_a-mlock.o)
                0x0800599e                __malloc_unlock
 .text._free_r  0x080059a0       0x9c d:/program files (x86)/gnu tools arm embedded/5.4 2016q3/bin/../lib/gcc/arm-none-eabi/5.4.1/../../../../arm-none-eabi/lib/armv7e-m/fpu/fpv5-d16\libc_nano.a(lib_a-nano-freer.o)
                0x080059a0                _free_r
 .text._read_r  0x08005a3c       0x24 d:/program files (x86)/gnu tools arm embedded/5.4 2016q3/bin/../lib/gcc/arm-none-eabi/5.4.1/../../../../arm-none-eabi/lib/armv7e-m/fpu/fpv5-d16\libc_nano.a(lib_a-readr.o)
                0x08005a3c                _read_r
 .text._fstat_r
                0x08005a60       0x24 d:/program files (x86)/gnu tools arm embedded/5.4 2016q3/bin/../lib/gcc/arm-none-eabi/5.4.1/../../../../arm-none-eabi/lib/armv7e-m/fpu/fpv5-d16\libc_nano.a(lib_a-fstatr.o)
                0x08005a60                _fstat_r
 .text._isatty_r
                0x08005a84       0x20 d:/program files (x86)/gnu tools arm embedded/5.4 2016q3/bin/../lib/gcc/arm-none-eabi/5.4.1/../../../../arm-none-eabi/lib/armv7e-m/fpu/fpv5-d16\libc_nano.a(lib_a-isattyr.o)
                0x08005a84                _isatty_r
 .text._close   0x08005aa4       0x10 d:/program files (x86)/gnu tools arm embedded/5.4 2016q3/bin/../lib/gcc/arm-none-eabi/5.4.1/../../../../arm-none-eabi/lib/armv7e-m/fpu/fpv5-d16\libnosys.a(close.o)
                0x08005aa4                _close
 .text._fstat   0x08005ab4       0x10 d:/program files (x86)/gnu tools arm embedded/5.4 2016q3/bin/../lib/gcc/arm-none-eabi/5.4.1/../../../../arm-none-eabi/lib/armv7e-m/fpu/fpv5-d16\libnosys.a(fstat.o)
                0x08005ab4                _fstat
 .text._isatty  0x08005ac4       0x10 d:/program files (x86)/gnu tools arm embedded/5.4 2016q3/bin/../lib/gcc/arm-none-eabi/5.4.1/../../../../arm-none-eabi/lib/armv7e-m/fpu/fpv5-d16\libnosys.a(isatty.o)
                0x08005ac4                _isatty
 .text._lseek   0x08005ad4       0x10 d:/program files (x86)/gnu tools arm embedded/5.4 2016q3/bin/../lib/gcc/arm-none-eabi/5.4.1/../../../../arm-none-eabi/lib/armv7e-m/fpu/fpv5-d16\libnosys.a(lseek.o)
                0x08005ad4                _lseek
 .text._read    0x08005ae4       0x10 d:/program files (x86)/gnu tools arm embedded/5.4 2016q3/bin/../lib/gcc/arm-none-eabi/5.4.1/../../../../arm-none-eabi/lib/armv7e-m/fpu/fpv5-d16\libnosys.a(read.o)
                0x08005ae4                _read
 .text._sbrk    0x08005af4       0x1c d:/program files (x86)/gnu tools arm embedded/5.4 2016q3/bin/../lib/gcc/arm-none-eabi/5.4.1/../../../../arm-none-eabi/lib/armv7e-m/fpu/fpv5-d16\libnosys.a(sbrk.o)
                0x08005af4                _sbrk
 *(.glue_7)
 .glue_7        0x08005b10        0x0 linker stubs
 *(.glue_7t)
 .glue_7t       0x08005b10        0x0 linker stubs
 *(.eh_frame)
 .eh_frame      0x08005b10        0x0 d:/program files (x86)/gnu tools arm embedded/5.4 2016q3/bin/../lib/gcc/arm-none-eabi/5.4.1/armv7e-m/fpu/fpv5-d16/crtbegin.o
 *(.init)
 .init          0x08005b10        0x4 d:/program files (x86)/gnu tools arm embedded/5.4 2016q3/bin/../lib/gcc/arm-none-eabi/5.4.1/armv7e-m/fpu/fpv5-d16/crti.o
                0x08005b10                _init
 .init          0x08005b14        0x8 d:/program files (x86)/gnu tools arm embedded/5.4 2016q3/bin/../lib/gcc/arm-none-eabi/5.4.1/armv7e-m/fpu/fpv5-d16/crtn.o
 *(.fini)
 .fini          0x08005b1c        0x4 d:/program files (x86)/gnu tools arm embedded/5.4 2016q3/bin/../lib/gcc/arm-none-eabi/5.4.1/armv7e-m/fpu/fpv5-d16/crti.o
                0x08005b1c                _fini
 .fini          0x08005b20        0x8 d:/program files (x86)/gnu tools arm embedded/5.4 2016q3/bin/../lib/gcc/arm-none-eabi/5.4.1/armv7e-m/fpu/fpv5-d16/crtn.o
                0x08005b28                . = ALIGN (0x4)
                0x08005b28                _etext = .

.vfp11_veneer   0x08005b28        0x0
 .vfp11_veneer  0x08005b28        0x0 linker stubs

.v4_bx          0x08005b28        0x0
 .v4_bx         0x08005b28        0x0 linker stubs

.iplt           0x08005b28        0x0
 .iplt          0x08005b28        0x0 d:/program files (x86)/gnu tools arm embedded/5.4 2016q3/bin/../lib/gcc/arm-none-eabi/5.4.1/armv7e-m/fpu/fpv5-d16/crtbegin.o

.rodata         0x08005b28    0x40108
                0x08005b28                . = ALIGN (0x4)
 *(.rodata)
 .rodata        0x08005b28       0x1c build/freertos.o
 .rodata        0x08005b44       0x10 build/stm32h7xx_hal_uart_ex.o
 *(.rodata*)
 .rodata.D1CorePrescTable
                0x08005b54       0x10 build/system_stm32h7xx.o
                0x08005b54                D1CorePrescTable
 .rodata.test_data
                0x08005b64    0x40000 build/freertos.o
                0x08005b64                test_data
 .rodata.str1.4
                0x08045b64       0x14 build/freertos.o
 .rodata.str1.4
                0x08045b78        0x8 build/tasks.o
                                  0x5 (size before relaxing)
 .rodata.UARTPrescTable
                0x08045b80       0x18 build/stm32h7xx_hal_uart.o
                0x08045b80                UARTPrescTable
 .rodata._global_impure_ptr
                0x08045b98        0x4 d:/program files (x86)/gnu tools arm embedded/5.4 2016q3/bin/../lib/gcc/arm-none-eabi/5.4.1/../../../../arm-none-eabi/lib/armv7e-m/fpu/fpv5-d16\libc_nano.a(lib_a-impure.o)
                0x08045b98                _global_impure_ptr
 .rodata.__sf_fake_stdin
                0x08045b9c       0x20 d:/program files (x86)/gnu tools arm embedded/5.4 2016q3/bin/../lib/gcc/arm-none-eabi/5.4.1/../../../../arm-none-eabi/lib/armv7e-m/fpu/fpv5-d16\libc_nano.a(lib_a-findfp.o)
                0x08045b9c                __sf_fake_stdin
 .rodata.__sf_fake_stdout
                0x08045bbc       0x20 d:/program files (x86)/gnu tools arm embedded/5.4 2016q3/bin/../lib/gcc/arm-none-eabi/5.4.1/../../../../arm-none-eabi/lib/armv7e-m/fpu/fpv5-d16\libc_nano.a(lib_a-findfp.o)
                0x08045bbc                __sf_fake_stdout
 .rodata.__sf_fake_stderr
                0x08045bdc       0x20 d:/program files (x86)/gnu tools arm embedded/5.4 2016q3/bin/../lib/gcc/arm-none-eabi/5.4.1/../../../../arm-none-eabi/lib/armv7e-m/fpu/fpv5-d16\libc_nano.a(lib_a-findfp.o)
                0x08045bdc                __sf_fake_stderr
 .rodata.str1.1
                0x08045bfc       0x11 d:/program files (x86)/gnu tools arm embedded/5.4 2016q3/bin/../lib/gcc/arm-none-eabi/5.4.1/../../../../arm-none-eabi/lib/armv7e-m/fpu/fpv5-d16\libc_nano.a(lib_a-nano-vfprintf.o)
 .rodata.str1.1
                0x08045c0d       0x22 d:/program files (x86)/gnu tools arm embedded/5.4 2016q3/bin/../lib/gcc/arm-none-eabi/5.4.1/../../../../arm-none-eabi/lib/armv7e-m/fpu/fpv5-d16\libc_nano.a(lib_a-nano-vfprintf_i.o)
                0x08045c30                . = ALIGN (0x4)
 *fill*         0x08045c2f        0x1 

.ARM.extab
 *(.ARM.extab* .gnu.linkonce.armextab.*)

.ARM            0x08045c30        0x8
                0x08045c30                __exidx_start = .
 *(.ARM.exidx*)
 .ARM.exidx     0x08045c30        0x8 d:/program files (x86)/gnu tools arm embedded/5.4 2016q3/bin/../lib/gcc/arm-none-eabi/5.4.1/armv7e-m/fpu/fpv5-d16\libgcc.a(_udivmoddi4.o)
                0x08045c38                __exidx_end = .

.rel.dyn        0x08045c38        0x0
 .rel.iplt      0x08045c38        0x0 d:/program files (x86)/gnu tools arm embedded/5.4 2016q3/bin/../lib/gcc/arm-none-eabi/5.4.1/armv7e-m/fpu/fpv5-d16/crtbegin.o

.preinit_array  0x08045c38        0x0
                0x08045c38                PROVIDE (__preinit_array_start, .)
 *(.preinit_array*)
                0x08045c38                PROVIDE (__preinit_array_end, .)

.init_array     0x08045c38        0x4
                0x08045c38                PROVIDE (__init_array_start, .)
 *(SORT(.init_array.*))
 *(.init_array*)
 .init_array    0x08045c38        0x4 d:/program files (x86)/gnu tools arm embedded/5.4 2016q3/bin/../lib/gcc/arm-none-eabi/5.4.1/armv7e-m/fpu/fpv5-d16/crtbegin.o
                0x08045c3c                PROVIDE (__init_array_end, .)

.fini_array     0x08045c3c        0x4
                [!provide]                PROVIDE (__fini_array_start, .)
 *(SORT(.fini_array.*))
 *(.fini_array*)
 .fini_array    0x08045c3c        0x4 d:/program files (x86)/gnu tools arm embedded/5.4 2016q3/bin/../lib/gcc/arm-none-eabi/5.4.1/armv7e-m/fpu/fpv5-d16/crtbegin.o
                [!provide]                PROVIDE (__fini_array_end, .)
                0x08045c40                _sidata = LOADADDR (.data)

.data           0x20000000       0x78 load address 0x08045c40
                0x20000000                . = ALIGN (0x4)
                0x20000000                _sdata = .
 *(.data)
 *(.data*)
 .data.uwTickPrio
                0x20000000        0x4 build/stm32h7xx_hal.o
                0x20000000                uwTickPrio
 .data.uwTickFreq
                0x20000004        0x1 build/stm32h7xx_hal.o
                0x20000004                uwTickFreq
 *fill*         0x20000005        0x3 
 .data.SystemD2Clock
                0x20000008        0x4 build/system_stm32h7xx.o
                0x20000008                SystemD2Clock
 .data.SystemCoreClock
                0x2000000c        0x4 build/system_stm32h7xx.o
                0x2000000c                SystemCoreClock
 .data.uxCriticalNesting
                0x20000010        0x4 build/port.o
 .data.impure_data
                0x20000014       0x60 d:/program files (x86)/gnu tools arm embedded/5.4 2016q3/bin/../lib/gcc/arm-none-eabi/5.4.1/../../../../arm-none-eabi/lib/armv7e-m/fpu/fpv5-d16\libc_nano.a(lib_a-impure.o)
 .data._impure_ptr
                0x20000074        0x4 d:/program files (x86)/gnu tools arm embedded/5.4 2016q3/bin/../lib/gcc/arm-none-eabi/5.4.1/../../../../arm-none-eabi/lib/armv7e-m/fpu/fpv5-d16\libc_nano.a(lib_a-impure.o)
                0x20000074                _impure_ptr
                0x20000078                . = ALIGN (0x4)
                0x20000078                _edata = .

.jcr            0x20000078        0x0 load address 0x08045cb8
 .jcr           0x20000078        0x0 d:/program files (x86)/gnu tools arm embedded/5.4 2016q3/bin/../lib/gcc/arm-none-eabi/5.4.1/armv7e-m/fpu/fpv5-d16/crtbegin.o

.igot.plt       0x20000078        0x0 load address 0x08045cb8
 .igot.plt      0x20000078        0x0 d:/program files (x86)/gnu tools arm embedded/5.4 2016q3/bin/../lib/gcc/arm-none-eabi/5.4.1/armv7e-m/fpu/fpv5-d16/crtbegin.o
                0x20000078                . = ALIGN (0x4)

.bss            0x20000078     0x40ac load address 0x08045cb8
                0x20000078                _sbss = .
                0x20000078                __bss_start__ = _sbss
 *(.bss)
 .bss           0x20000078       0x1c d:/program files (x86)/gnu tools arm embedded/5.4 2016q3/bin/../lib/gcc/arm-none-eabi/5.4.1/armv7e-m/fpu/fpv5-d16/crtbegin.o
 *(.bss*)
 .bss.xIdleStack
                0x20000094      0x200 build/freertos.o
 .bss.xIdleTaskTCBBuffer
                0x20000294       0x54 build/freertos.o
 .bss.cnt       0x200002e8        0x4 build/freertos.o
                0x200002e8                cnt
 .bss.pxDelayedTaskList
                0x200002ec        0x4 build/tasks.o
 .bss.xSchedulerRunning
                0x200002f0        0x4 build/tasks.o
 .bss.xTasksWaitingTermination
                0x200002f4       0x14 build/tasks.o
 .bss.pxOverflowDelayedTaskList
                0x20000308        0x4 build/tasks.o
 .bss.uxPendedTicks
                0x2000030c        0x4 build/tasks.o
 .bss.pxReadyTasksLists
                0x20000310       0x8c build/tasks.o
 .bss.uxSchedulerSuspended
                0x2000039c        0x4 build/tasks.o
 .bss.uxDeletedTasksWaitingCleanUp
                0x200003a0        0x4 build/tasks.o
 .bss.uxCurrentNumberOfTasks
                0x200003a4        0x4 build/tasks.o
 .bss.pxCurrentTCB
                0x200003a8        0x4 build/tasks.o
                0x200003a8                pxCurrentTCB
 .bss.xPendingReadyList
                0x200003ac       0x14 build/tasks.o
 .bss.xNumOfOverflows
                0x200003c0        0x4 build/tasks.o
 .bss.xTickCount
                0x200003c4        0x4 build/tasks.o
 .bss.xNextTaskUnblockTime
                0x200003c8        0x4 build/tasks.o
 .bss.uxTaskNumber
                0x200003cc        0x4 build/tasks.o
 .bss.xDelayedTaskList1
                0x200003d0       0x14 build/tasks.o
 .bss.xDelayedTaskList2
                0x200003e4       0x14 build/tasks.o
 .bss.xSuspendedTaskList
                0x200003f8       0x14 build/tasks.o
 .bss.uxTopReadyPriority
                0x2000040c        0x4 build/tasks.o
 .bss.xYieldPending
                0x20000410        0x4 build/tasks.o
 .bss.xFreeBytesRemaining
                0x20000414        0x4 build/heap_4.o
 .bss.pxEnd     0x20000418        0x4 build/heap_4.o
 .bss.xStart    0x2000041c        0x8 build/heap_4.o
 .bss.ucHeap    0x20000424     0x3c00 build/heap_4.o
 .bss.xBlockAllocatedBit
                0x20004024        0x4 build/heap_4.o
 .bss.xMinimumEverFreeBytesRemaining
                0x20004028        0x4 build/heap_4.o
 .bss.ucMaxSysCallPriority
                0x2000402c        0x1 build/port.o
 *fill*         0x2000402d        0x3 
 .bss.ulMaxPRIGROUPValue
                0x20004030        0x4 build/port.o
 .bss.__malloc_sbrk_start
                0x20004034        0x4 d:/program files (x86)/gnu tools arm embedded/5.4 2016q3/bin/../lib/gcc/arm-none-eabi/5.4.1/../../../../arm-none-eabi/lib/armv7e-m/fpu/fpv5-d16\libc_nano.a(lib_a-nano-mallocr.o)
                0x20004034                __malloc_sbrk_start
 .bss.__malloc_free_list
                0x20004038        0x4 d:/program files (x86)/gnu tools arm embedded/5.4 2016q3/bin/../lib/gcc/arm-none-eabi/5.4.1/../../../../arm-none-eabi/lib/armv7e-m/fpu/fpv5-d16\libc_nano.a(lib_a-nano-mallocr.o)
                0x20004038                __malloc_free_list
 .bss.heap_end.4169
                0x2000403c        0x4 d:/program files (x86)/gnu tools arm embedded/5.4 2016q3/bin/../lib/gcc/arm-none-eabi/5.4.1/../../../../arm-none-eabi/lib/armv7e-m/fpu/fpv5-d16\libnosys.a(sbrk.o)
 *(COMMON)
 COMMON         0x20004040        0x4 build/stm32h7xx_hal.o
                0x20004040                uwTick
 COMMON         0x20004044        0x4 build/freertos.o
                0x20004044                defaultTaskHandle
 COMMON         0x20004048       0x4c build/stm32h7xx_hal_timebase_tim.o
                0x20004048                htim6
 COMMON         0x20004094       0x8c build/usart.o
                0x20004094                huart1
 COMMON         0x20004120        0x4 d:/program files (x86)/gnu tools arm embedded/5.4 2016q3/bin/../lib/gcc/arm-none-eabi/5.4.1/../../../../arm-none-eabi/lib/armv7e-m/fpu/fpv5-d16\libc_nano.a(lib_a-reent.o)
                0x20004120                errno
                0x20004124                . = ALIGN (0x4)
                0x20004124                _ebss = .
                0x20004124                __bss_end__ = _ebss

._user_heap_stack
                0x20004124     0x4604 load address 0x08045cb8
                0x20004128                . = ALIGN (0x8)
 *fill*         0x20004124        0x4 
                0x20004128                PROVIDE (end, .)
                [!provide]                PROVIDE (_end, .)
                0x20006328                . = (. + _Min_Heap_Size)
 *fill*         0x20004128     0x2200 
                0x20008728                . = (. + _Min_Stack_Size)
 *fill*         0x20006328     0x2400 
                0x20008728                . = ALIGN (0x8)

/DISCARD/
 libc.a(*)
 libm.a(*)
 libgcc.a(*)

.ARM.attributes
                0x00000000       0x2e
 *(.ARM.attributes)
 .ARM.attributes
                0x00000000       0x20 d:/program files (x86)/gnu tools arm embedded/5.4 2016q3/bin/../lib/gcc/arm-none-eabi/5.4.1/armv7e-m/fpu/fpv5-d16/crti.o
 .ARM.attributes
                0x00000020       0x32 d:/program files (x86)/gnu tools arm embedded/5.4 2016q3/bin/../lib/gcc/arm-none-eabi/5.4.1/armv7e-m/fpu/fpv5-d16/crtbegin.o
 .ARM.attributes
                0x00000052       0x37 build/main.o
 .ARM.attributes
                0x00000089       0x37 build/gpio.o
 .ARM.attributes
                0x000000c0       0x37 build/stm32h7xx_it.o
 .ARM.attributes
                0x000000f7       0x37 build/stm32h7xx_hal_msp.o
 .ARM.attributes
                0x0000012e       0x37 build/stm32h7xx_hal_cortex.o
 .ARM.attributes
                0x00000165       0x37 build/stm32h7xx_hal_tim.o
 .ARM.attributes
                0x0000019c       0x37 build/stm32h7xx_hal_tim_ex.o
 .ARM.attributes
                0x000001d3       0x37 build/stm32h7xx_hal_rcc.o
 .ARM.attributes
                0x0000020a       0x37 build/stm32h7xx_hal_rcc_ex.o
 .ARM.attributes
                0x00000241       0x37 build/stm32h7xx_hal_gpio.o
 .ARM.attributes
                0x00000278       0x37 build/stm32h7xx_hal_dma.o
 .ARM.attributes
                0x000002af       0x37 build/stm32h7xx_hal_pwr_ex.o
 .ARM.attributes
                0x000002e6       0x37 build/stm32h7xx_hal.o
 .ARM.attributes
                0x0000031d       0x37 build/system_stm32h7xx.o
 .ARM.attributes
                0x00000354       0x37 build/freertos.o
 .ARM.attributes
                0x0000038b       0x37 build/stm32h7xx_hal_timebase_tim.o
 .ARM.attributes
                0x000003c2       0x37 build/list.o
 .ARM.attributes
                0x000003f9       0x37 build/tasks.o
 .ARM.attributes
                0x00000430       0x37 build/cmsis_os.o
 .ARM.attributes
                0x00000467       0x37 build/heap_4.o
 .ARM.attributes
                0x0000049e       0x37 build/port.o
 .ARM.attributes
                0x000004d5       0x37 build/usart.o
 .ARM.attributes
                0x0000050c       0x37 build/stm32h7xx_hal_uart.o
 .ARM.attributes
                0x00000543       0x37 build/stm32h7xx_hal_uart_ex.o
 .ARM.attributes
                0x0000057a       0x21 build/startup_stm32h750xx.o
 .ARM.attributes
                0x0000059b       0x32 d:/program files (x86)/gnu tools arm embedded/5.4 2016q3/bin/../lib/gcc/arm-none-eabi/5.4.1/../../../../arm-none-eabi/lib/armv7e-m/fpu/fpv5-d16\libc_nano.a(lib_a-impure.o)
 .ARM.attributes
                0x000005cd       0x32 d:/program files (x86)/gnu tools arm embedded/5.4 2016q3/bin/../lib/gcc/arm-none-eabi/5.4.1/../../../../arm-none-eabi/lib/armv7e-m/fpu/fpv5-d16\libc_nano.a(lib_a-init.o)
 .ARM.attributes
                0x000005ff       0x32 d:/program files (x86)/gnu tools arm embedded/5.4 2016q3/bin/../lib/gcc/arm-none-eabi/5.4.1/../../../../arm-none-eabi/lib/armv7e-m/fpu/fpv5-d16\libc_nano.a(lib_a-memset.o)
 .ARM.attributes
                0x00000631       0x32 d:/program files (x86)/gnu tools arm embedded/5.4 2016q3/bin/../lib/gcc/arm-none-eabi/5.4.1/../../../../arm-none-eabi/lib/armv7e-m/fpu/fpv5-d16\libc_nano.a(lib_a-printf.o)
 .ARM.attributes
                0x00000663       0x32 d:/program files (x86)/gnu tools arm embedded/5.4 2016q3/bin/../lib/gcc/arm-none-eabi/5.4.1/../../../../arm-none-eabi/lib/armv7e-m/fpu/fpv5-d16\libc_nano.a(lib_a-findfp.o)
 .ARM.attributes
                0x00000695       0x32 d:/program files (x86)/gnu tools arm embedded/5.4 2016q3/bin/../lib/gcc/arm-none-eabi/5.4.1/../../../../arm-none-eabi/lib/armv7e-m/fpu/fpv5-d16\libc_nano.a(lib_a-fwalk.o)
 .ARM.attributes
                0x000006c7       0x32 d:/program files (x86)/gnu tools arm embedded/5.4 2016q3/bin/../lib/gcc/arm-none-eabi/5.4.1/../../../../arm-none-eabi/lib/armv7e-m/fpu/fpv5-d16\libc_nano.a(lib_a-nano-mallocr.o)
 .ARM.attributes
                0x000006f9       0x32 d:/program files (x86)/gnu tools arm embedded/5.4 2016q3/bin/../lib/gcc/arm-none-eabi/5.4.1/../../../../arm-none-eabi/lib/armv7e-m/fpu/fpv5-d16\libc_nano.a(lib_a-nano-vfprintf.o)
 .ARM.attributes
                0x0000072b       0x32 d:/program files (x86)/gnu tools arm embedded/5.4 2016q3/bin/../lib/gcc/arm-none-eabi/5.4.1/../../../../arm-none-eabi/lib/armv7e-m/fpu/fpv5-d16\libc_nano.a(lib_a-nano-vfprintf_i.o)
 .ARM.attributes
                0x0000075d       0x32 d:/program files (x86)/gnu tools arm embedded/5.4 2016q3/bin/../lib/gcc/arm-none-eabi/5.4.1/../../../../arm-none-eabi/lib/armv7e-m/fpu/fpv5-d16\libc_nano.a(lib_a-sbrkr.o)
 .ARM.attributes
                0x0000078f       0x32 d:/program files (x86)/gnu tools arm embedded/5.4 2016q3/bin/../lib/gcc/arm-none-eabi/5.4.1/../../../../arm-none-eabi/lib/armv7e-m/fpu/fpv5-d16\libc_nano.a(lib_a-stdio.o)
 .ARM.attributes
                0x000007c1       0x32 d:/program files (x86)/gnu tools arm embedded/5.4 2016q3/bin/../lib/gcc/arm-none-eabi/5.4.1/../../../../arm-none-eabi/lib/armv7e-m/fpu/fpv5-d16\libc_nano.a(lib_a-wbuf.o)
 .ARM.attributes
                0x000007f3       0x32 d:/program files (x86)/gnu tools arm embedded/5.4 2016q3/bin/../lib/gcc/arm-none-eabi/5.4.1/../../../../arm-none-eabi/lib/armv7e-m/fpu/fpv5-d16\libc_nano.a(lib_a-writer.o)
 .ARM.attributes
                0x00000825       0x32 d:/program files (x86)/gnu tools arm embedded/5.4 2016q3/bin/../lib/gcc/arm-none-eabi/5.4.1/../../../../arm-none-eabi/lib/armv7e-m/fpu/fpv5-d16\libc_nano.a(lib_a-wsetup.o)
 .ARM.attributes
                0x00000857       0x32 d:/program files (x86)/gnu tools arm embedded/5.4 2016q3/bin/../lib/gcc/arm-none-eabi/5.4.1/../../../../arm-none-eabi/lib/armv7e-m/fpu/fpv5-d16\libc_nano.a(lib_a-closer.o)
 .ARM.attributes
                0x00000889       0x32 d:/program files (x86)/gnu tools arm embedded/5.4 2016q3/bin/../lib/gcc/arm-none-eabi/5.4.1/../../../../arm-none-eabi/lib/armv7e-m/fpu/fpv5-d16\libc_nano.a(lib_a-fflush.o)
 .ARM.attributes
                0x000008bb       0x32 d:/program files (x86)/gnu tools arm embedded/5.4 2016q3/bin/../lib/gcc/arm-none-eabi/5.4.1/../../../../arm-none-eabi/lib/armv7e-m/fpu/fpv5-d16\libc_nano.a(lib_a-lseekr.o)
 .ARM.attributes
                0x000008ed       0x32 d:/program files (x86)/gnu tools arm embedded/5.4 2016q3/bin/../lib/gcc/arm-none-eabi/5.4.1/../../../../arm-none-eabi/lib/armv7e-m/fpu/fpv5-d16\libc_nano.a(lib_a-makebuf.o)
 .ARM.attributes
                0x0000091f       0x1e d:/program files (x86)/gnu tools arm embedded/5.4 2016q3/bin/../lib/gcc/arm-none-eabi/5.4.1/../../../../arm-none-eabi/lib/armv7e-m/fpu/fpv5-d16\libc_nano.a(lib_a-memchr.o)
 .ARM.attributes
                0x0000093d       0x32 d:/program files (x86)/gnu tools arm embedded/5.4 2016q3/bin/../lib/gcc/arm-none-eabi/5.4.1/../../../../arm-none-eabi/lib/armv7e-m/fpu/fpv5-d16\libc_nano.a(lib_a-mlock.o)
 .ARM.attributes
                0x0000096f       0x32 d:/program files (x86)/gnu tools arm embedded/5.4 2016q3/bin/../lib/gcc/arm-none-eabi/5.4.1/../../../../arm-none-eabi/lib/armv7e-m/fpu/fpv5-d16\libc_nano.a(lib_a-nano-freer.o)
 .ARM.attributes
                0x000009a1       0x32 d:/program files (x86)/gnu tools arm embedded/5.4 2016q3/bin/../lib/gcc/arm-none-eabi/5.4.1/../../../../arm-none-eabi/lib/armv7e-m/fpu/fpv5-d16\libc_nano.a(lib_a-readr.o)
 .ARM.attributes
                0x000009d3       0x32 d:/program files (x86)/gnu tools arm embedded/5.4 2016q3/bin/../lib/gcc/arm-none-eabi/5.4.1/../../../../arm-none-eabi/lib/armv7e-m/fpu/fpv5-d16\libc_nano.a(lib_a-reent.o)
 .ARM.attributes
                0x00000a05       0x32 d:/program files (x86)/gnu tools arm embedded/5.4 2016q3/bin/../lib/gcc/arm-none-eabi/5.4.1/../../../../arm-none-eabi/lib/armv7e-m/fpu/fpv5-d16\libc_nano.a(lib_a-fstatr.o)
 .ARM.attributes
                0x00000a37       0x32 d:/program files (x86)/gnu tools arm embedded/5.4 2016q3/bin/../lib/gcc/arm-none-eabi/5.4.1/../../../../arm-none-eabi/lib/armv7e-m/fpu/fpv5-d16\libc_nano.a(lib_a-isattyr.o)
 .ARM.attributes
                0x00000a69       0x32 d:/program files (x86)/gnu tools arm embedded/5.4 2016q3/bin/../lib/gcc/arm-none-eabi/5.4.1/../../../../arm-none-eabi/lib/armv7e-m/fpu/fpv5-d16\libnosys.a(close.o)
 .ARM.attributes
                0x00000a9b       0x32 d:/program files (x86)/gnu tools arm embedded/5.4 2016q3/bin/../lib/gcc/arm-none-eabi/5.4.1/../../../../arm-none-eabi/lib/armv7e-m/fpu/fpv5-d16\libnosys.a(fstat.o)
 .ARM.attributes
                0x00000acd       0x32 d:/program files (x86)/gnu tools arm embedded/5.4 2016q3/bin/../lib/gcc/arm-none-eabi/5.4.1/../../../../arm-none-eabi/lib/armv7e-m/fpu/fpv5-d16\libnosys.a(isatty.o)
 .ARM.attributes
                0x00000aff       0x32 d:/program files (x86)/gnu tools arm embedded/5.4 2016q3/bin/../lib/gcc/arm-none-eabi/5.4.1/../../../../arm-none-eabi/lib/armv7e-m/fpu/fpv5-d16\libnosys.a(lseek.o)
 .ARM.attributes
                0x00000b31       0x32 d:/program files (x86)/gnu tools arm embedded/5.4 2016q3/bin/../lib/gcc/arm-none-eabi/5.4.1/../../../../arm-none-eabi/lib/armv7e-m/fpu/fpv5-d16\libnosys.a(read.o)
 .ARM.attributes
                0x00000b63       0x32 d:/program files (x86)/gnu tools arm embedded/5.4 2016q3/bin/../lib/gcc/arm-none-eabi/5.4.1/../../../../arm-none-eabi/lib/armv7e-m/fpu/fpv5-d16\libnosys.a(sbrk.o)
 .ARM.attributes
                0x00000b95       0x20 d:/program files (x86)/gnu tools arm embedded/5.4 2016q3/bin/../lib/gcc/arm-none-eabi/5.4.1/armv7e-m/fpu/fpv5-d16\libgcc.a(_aeabi_uldivmod.o)
 .ARM.attributes
                0x00000bb5       0x32 d:/program files (x86)/gnu tools arm embedded/5.4 2016q3/bin/../lib/gcc/arm-none-eabi/5.4.1/armv7e-m/fpu/fpv5-d16\libgcc.a(_udivmoddi4.o)
 .ARM.attributes
                0x00000be7       0x20 d:/program files (x86)/gnu tools arm embedded/5.4 2016q3/bin/../lib/gcc/arm-none-eabi/5.4.1/armv7e-m/fpu/fpv5-d16\libgcc.a(_dvmd_tls.o)
 .ARM.attributes
                0x00000c07       0x20 d:/program files (x86)/gnu tools arm embedded/5.4 2016q3/bin/../lib/gcc/arm-none-eabi/5.4.1/armv7e-m/fpu/fpv5-d16/crtn.o
OUTPUT(build/h750.elf elf32-littlearm)

.comment        0x00000000       0x6e
 .comment       0x00000000       0x6e build/main.o
                                 0x6f (size before relaxing)
 .comment       0x0000006e       0x6f build/gpio.o
 .comment       0x0000006e       0x6f build/stm32h7xx_it.o
 .comment       0x0000006e       0x6f build/stm32h7xx_hal_msp.o
 .comment       0x0000006e       0x6f build/stm32h7xx_hal_cortex.o
 .comment       0x0000006e       0x6f build/stm32h7xx_hal_tim.o
 .comment       0x0000006e       0x6f build/stm32h7xx_hal_tim_ex.o
 .comment       0x0000006e       0x6f build/stm32h7xx_hal_rcc.o
 .comment       0x0000006e       0x6f build/stm32h7xx_hal_rcc_ex.o
 .comment       0x0000006e       0x6f build/stm32h7xx_hal_gpio.o
 .comment       0x0000006e       0x6f build/stm32h7xx_hal_dma.o
 .comment       0x0000006e       0x6f build/stm32h7xx_hal_pwr_ex.o
 .comment       0x0000006e       0x6f build/stm32h7xx_hal.o
 .comment       0x0000006e       0x6f build/system_stm32h7xx.o
 .comment       0x0000006e       0x6f build/freertos.o
 .comment       0x0000006e       0x6f build/stm32h7xx_hal_timebase_tim.o
 .comment       0x0000006e       0x6f build/list.o
 .comment       0x0000006e       0x6f build/tasks.o
 .comment       0x0000006e       0x6f build/cmsis_os.o
 .comment       0x0000006e       0x6f build/heap_4.o
 .comment       0x0000006e       0x6f build/port.o
 .comment       0x0000006e       0x6f build/usart.o
 .comment       0x0000006e       0x6f build/stm32h7xx_hal_uart.o
 .comment       0x0000006e       0x6f build/stm32h7xx_hal_uart_ex.o

.debug_frame    0x00000000      0x830
 .debug_frame   0x00000000       0x2c d:/program files (x86)/gnu tools arm embedded/5.4 2016q3/bin/../lib/gcc/arm-none-eabi/5.4.1/../../../../arm-none-eabi/lib/armv7e-m/fpu/fpv5-d16\libc_nano.a(lib_a-init.o)
 .debug_frame   0x0000002c       0x20 d:/program files (x86)/gnu tools arm embedded/5.4 2016q3/bin/../lib/gcc/arm-none-eabi/5.4.1/../../../../arm-none-eabi/lib/armv7e-m/fpu/fpv5-d16\libc_nano.a(lib_a-memset.o)
 .debug_frame   0x0000004c       0x74 d:/program files (x86)/gnu tools arm embedded/5.4 2016q3/bin/../lib/gcc/arm-none-eabi/5.4.1/../../../../arm-none-eabi/lib/armv7e-m/fpu/fpv5-d16\libc_nano.a(lib_a-printf.o)
 .debug_frame   0x000000c0      0x11c d:/program files (x86)/gnu tools arm embedded/5.4 2016q3/bin/../lib/gcc/arm-none-eabi/5.4.1/../../../../arm-none-eabi/lib/armv7e-m/fpu/fpv5-d16\libc_nano.a(lib_a-findfp.o)
 .debug_frame   0x000001dc       0x54 d:/program files (x86)/gnu tools arm embedded/5.4 2016q3/bin/../lib/gcc/arm-none-eabi/5.4.1/../../../../arm-none-eabi/lib/armv7e-m/fpu/fpv5-d16\libc_nano.a(lib_a-fwalk.o)
 .debug_frame   0x00000230       0x2c d:/program files (x86)/gnu tools arm embedded/5.4 2016q3/bin/../lib/gcc/arm-none-eabi/5.4.1/../../../../arm-none-eabi/lib/armv7e-m/fpu/fpv5-d16\libc_nano.a(lib_a-nano-mallocr.o)
 .debug_frame   0x0000025c       0xac d:/program files (x86)/gnu tools arm embedded/5.4 2016q3/bin/../lib/gcc/arm-none-eabi/5.4.1/../../../../arm-none-eabi/lib/armv7e-m/fpu/fpv5-d16\libc_nano.a(lib_a-nano-vfprintf.o)
 .debug_frame   0x00000308       0x60 d:/program files (x86)/gnu tools arm embedded/5.4 2016q3/bin/../lib/gcc/arm-none-eabi/5.4.1/../../../../arm-none-eabi/lib/armv7e-m/fpu/fpv5-d16\libc_nano.a(lib_a-nano-vfprintf_i.o)
 .debug_frame   0x00000368       0x2c d:/program files (x86)/gnu tools arm embedded/5.4 2016q3/bin/../lib/gcc/arm-none-eabi/5.4.1/../../../../arm-none-eabi/lib/armv7e-m/fpu/fpv5-d16\libc_nano.a(lib_a-sbrkr.o)
 .debug_frame   0x00000394       0x88 d:/program files (x86)/gnu tools arm embedded/5.4 2016q3/bin/../lib/gcc/arm-none-eabi/5.4.1/../../../../arm-none-eabi/lib/armv7e-m/fpu/fpv5-d16\libc_nano.a(lib_a-stdio.o)
 .debug_frame   0x0000041c       0x40 d:/program files (x86)/gnu tools arm embedded/5.4 2016q3/bin/../lib/gcc/arm-none-eabi/5.4.1/../../../../arm-none-eabi/lib/armv7e-m/fpu/fpv5-d16\libc_nano.a(lib_a-wbuf.o)
 .debug_frame   0x0000045c       0x2c d:/program files (x86)/gnu tools arm embedded/5.4 2016q3/bin/../lib/gcc/arm-none-eabi/5.4.1/../../../../arm-none-eabi/lib/armv7e-m/fpu/fpv5-d16\libc_nano.a(lib_a-writer.o)
 .debug_frame   0x00000488       0x2c d:/program files (x86)/gnu tools arm embedded/5.4 2016q3/bin/../lib/gcc/arm-none-eabi/5.4.1/../../../../arm-none-eabi/lib/armv7e-m/fpu/fpv5-d16\libc_nano.a(lib_a-wsetup.o)
 .debug_frame   0x000004b4       0x2c d:/program files (x86)/gnu tools arm embedded/5.4 2016q3/bin/../lib/gcc/arm-none-eabi/5.4.1/../../../../arm-none-eabi/lib/armv7e-m/fpu/fpv5-d16\libc_nano.a(lib_a-closer.o)
 .debug_frame   0x000004e0       0x68 d:/program files (x86)/gnu tools arm embedded/5.4 2016q3/bin/../lib/gcc/arm-none-eabi/5.4.1/../../../../arm-none-eabi/lib/armv7e-m/fpu/fpv5-d16\libc_nano.a(lib_a-fflush.o)
 .debug_frame   0x00000548       0x2c d:/program files (x86)/gnu tools arm embedded/5.4 2016q3/bin/../lib/gcc/arm-none-eabi/5.4.1/../../../../arm-none-eabi/lib/armv7e-m/fpu/fpv5-d16\libc_nano.a(lib_a-lseekr.o)
 .debug_frame   0x00000574       0x54 d:/program files (x86)/gnu tools arm embedded/5.4 2016q3/bin/../lib/gcc/arm-none-eabi/5.4.1/../../../../arm-none-eabi/lib/armv7e-m/fpu/fpv5-d16\libc_nano.a(lib_a-makebuf.o)
 .debug_frame   0x000005c8       0x30 d:/program files (x86)/gnu tools arm embedded/5.4 2016q3/bin/../lib/gcc/arm-none-eabi/5.4.1/../../../../arm-none-eabi/lib/armv7e-m/fpu/fpv5-d16\libc_nano.a(lib_a-mlock.o)
 .debug_frame   0x000005f8       0x38 d:/program files (x86)/gnu tools arm embedded/5.4 2016q3/bin/../lib/gcc/arm-none-eabi/5.4.1/../../../../arm-none-eabi/lib/armv7e-m/fpu/fpv5-d16\libc_nano.a(lib_a-nano-freer.o)
 .debug_frame   0x00000630       0x2c d:/program files (x86)/gnu tools arm embedded/5.4 2016q3/bin/../lib/gcc/arm-none-eabi/5.4.1/../../../../arm-none-eabi/lib/armv7e-m/fpu/fpv5-d16\libc_nano.a(lib_a-readr.o)
 .debug_frame   0x0000065c       0x5c d:/program files (x86)/gnu tools arm embedded/5.4 2016q3/bin/../lib/gcc/arm-none-eabi/5.4.1/../../../../arm-none-eabi/lib/armv7e-m/fpu/fpv5-d16\libc_nano.a(lib_a-reent.o)
 .debug_frame   0x000006b8       0x2c d:/program files (x86)/gnu tools arm embedded/5.4 2016q3/bin/../lib/gcc/arm-none-eabi/5.4.1/../../../../arm-none-eabi/lib/armv7e-m/fpu/fpv5-d16\libc_nano.a(lib_a-fstatr.o)
 .debug_frame   0x000006e4       0x2c d:/program files (x86)/gnu tools arm embedded/5.4 2016q3/bin/../lib/gcc/arm-none-eabi/5.4.1/../../../../arm-none-eabi/lib/armv7e-m/fpu/fpv5-d16\libc_nano.a(lib_a-isattyr.o)
 .debug_frame   0x00000710       0x20 d:/program files (x86)/gnu tools arm embedded/5.4 2016q3/bin/../lib/gcc/arm-none-eabi/5.4.1/../../../../arm-none-eabi/lib/armv7e-m/fpu/fpv5-d16\libnosys.a(close.o)
 .debug_frame   0x00000730       0x20 d:/program files (x86)/gnu tools arm embedded/5.4 2016q3/bin/../lib/gcc/arm-none-eabi/5.4.1/../../../../arm-none-eabi/lib/armv7e-m/fpu/fpv5-d16\libnosys.a(fstat.o)
 .debug_frame   0x00000750       0x20 d:/program files (x86)/gnu tools arm embedded/5.4 2016q3/bin/../lib/gcc/arm-none-eabi/5.4.1/../../../../arm-none-eabi/lib/armv7e-m/fpu/fpv5-d16\libnosys.a(isatty.o)
 .debug_frame   0x00000770       0x20 d:/program files (x86)/gnu tools arm embedded/5.4 2016q3/bin/../lib/gcc/arm-none-eabi/5.4.1/../../../../arm-none-eabi/lib/armv7e-m/fpu/fpv5-d16\libnosys.a(lseek.o)
 .debug_frame   0x00000790       0x20 d:/program files (x86)/gnu tools arm embedded/5.4 2016q3/bin/../lib/gcc/arm-none-eabi/5.4.1/../../../../arm-none-eabi/lib/armv7e-m/fpu/fpv5-d16\libnosys.a(read.o)
 .debug_frame   0x000007b0       0x20 d:/program files (x86)/gnu tools arm embedded/5.4 2016q3/bin/../lib/gcc/arm-none-eabi/5.4.1/../../../../arm-none-eabi/lib/armv7e-m/fpu/fpv5-d16\libnosys.a(sbrk.o)
 .debug_frame   0x000007d0       0x2c d:/program files (x86)/gnu tools arm embedded/5.4 2016q3/bin/../lib/gcc/arm-none-eabi/5.4.1/armv7e-m/fpu/fpv5-d16\libgcc.a(_aeabi_uldivmod.o)
 .debug_frame   0x000007fc       0x34 d:/program files (x86)/gnu tools arm embedded/5.4 2016q3/bin/../lib/gcc/arm-none-eabi/5.4.1/armv7e-m/fpu/fpv5-d16\libgcc.a(_udivmoddi4.o)

.stab           0x00000000       0x84
 .stab          0x00000000       0x24 d:/program files (x86)/gnu tools arm embedded/5.4 2016q3/bin/../lib/gcc/arm-none-eabi/5.4.1/../../../../arm-none-eabi/lib/armv7e-m/fpu/fpv5-d16\libnosys.a(close.o)
 .stab          0x00000024       0x18 d:/program files (x86)/gnu tools arm embedded/5.4 2016q3/bin/../lib/gcc/arm-none-eabi/5.4.1/../../../../arm-none-eabi/lib/armv7e-m/fpu/fpv5-d16\libnosys.a(fstat.o)
                                 0x24 (size before relaxing)
 .stab          0x0000003c       0x18 d:/program files (x86)/gnu tools arm embedded/5.4 2016q3/bin/../lib/gcc/arm-none-eabi/5.4.1/../../../../arm-none-eabi/lib/armv7e-m/fpu/fpv5-d16\libnosys.a(isatty.o)
                                 0x24 (size before relaxing)
 .stab          0x00000054       0x18 d:/program files (x86)/gnu tools arm embedded/5.4 2016q3/bin/../lib/gcc/arm-none-eabi/5.4.1/../../../../arm-none-eabi/lib/armv7e-m/fpu/fpv5-d16\libnosys.a(lseek.o)
                                 0x24 (size before relaxing)
 .stab          0x0000006c       0x18 d:/program files (x86)/gnu tools arm embedded/5.4 2016q3/bin/../lib/gcc/arm-none-eabi/5.4.1/../../../../arm-none-eabi/lib/armv7e-m/fpu/fpv5-d16\libnosys.a(read.o)
                                 0x24 (size before relaxing)

.stabstr        0x00000000      0x117
 .stabstr       0x00000000      0x117 d:/program files (x86)/gnu tools arm embedded/5.4 2016q3/bin/../lib/gcc/arm-none-eabi/5.4.1/../../../../arm-none-eabi/lib/armv7e-m/fpu/fpv5-d16\libnosys.a(close.o)

Cross Reference Table

Symbol                                            File
ADC3_IRQHandler                                   build/startup_stm32h750xx.o
ADC_IRQHandler                                    build/startup_stm32h750xx.o
BDMA_Channel0_IRQHandler                          build/startup_stm32h750xx.o
BDMA_Channel1_IRQHandler                          build/startup_stm32h750xx.o
BDMA_Channel2_IRQHandler                          build/startup_stm32h750xx.o
BDMA_Channel3_IRQHandler                          build/startup_stm32h750xx.o
BDMA_Channel4_IRQHandler                          build/startup_stm32h750xx.o
BDMA_Channel5_IRQHandler                          build/startup_stm32h750xx.o
BDMA_Channel6_IRQHandler                          build/startup_stm32h750xx.o
BDMA_Channel7_IRQHandler                          build/startup_stm32h750xx.o
BusFault_Handler                                  build/stm32h7xx_it.o
CEC_IRQHandler                                    build/startup_stm32h750xx.o
COMP1_IRQHandler                                  build/startup_stm32h750xx.o
CRS_IRQHandler                                    build/startup_stm32h750xx.o
CRYP_IRQHandler                                   build/startup_stm32h750xx.o
D1CorePrescTable                                  build/system_stm32h7xx.o
                                                  build/stm32h7xx_hal.o
                                                  build/stm32h7xx_hal_rcc_ex.o
                                                  build/stm32h7xx_hal_rcc.o
DCMI_IRQHandler                                   build/startup_stm32h750xx.o
DFSDM1_FLT0_IRQHandler                            build/startup_stm32h750xx.o
DFSDM1_FLT1_IRQHandler                            build/startup_stm32h750xx.o
DFSDM1_FLT2_IRQHandler                            build/startup_stm32h750xx.o
DFSDM1_FLT3_IRQHandler                            build/startup_stm32h750xx.o
DMA1_Stream0_IRQHandler                           build/startup_stm32h750xx.o
DMA1_Stream1_IRQHandler                           build/startup_stm32h750xx.o
DMA1_Stream2_IRQHandler                           build/startup_stm32h750xx.o
DMA1_Stream3_IRQHandler                           build/startup_stm32h750xx.o
DMA1_Stream4_IRQHandler                           build/startup_stm32h750xx.o
DMA1_Stream5_IRQHandler                           build/startup_stm32h750xx.o
DMA1_Stream6_IRQHandler                           build/startup_stm32h750xx.o
DMA1_Stream7_IRQHandler                           build/startup_stm32h750xx.o
DMA2D_IRQHandler                                  build/startup_stm32h750xx.o
DMA2_Stream0_IRQHandler                           build/startup_stm32h750xx.o
DMA2_Stream1_IRQHandler                           build/startup_stm32h750xx.o
DMA2_Stream2_IRQHandler                           build/startup_stm32h750xx.o
DMA2_Stream3_IRQHandler                           build/startup_stm32h750xx.o
DMA2_Stream4_IRQHandler                           build/startup_stm32h750xx.o
DMA2_Stream5_IRQHandler                           build/startup_stm32h750xx.o
DMA2_Stream6_IRQHandler                           build/startup_stm32h750xx.o
DMA2_Stream7_IRQHandler                           build/startup_stm32h750xx.o
DMAMUX1_OVR_IRQHandler                            build/startup_stm32h750xx.o
DMAMUX2_OVR_IRQHandler                            build/startup_stm32h750xx.o
DebugMon_Handler                                  build/stm32h7xx_it.o
Default_Handler                                   build/startup_stm32h750xx.o
ECC_IRQHandler                                    build/startup_stm32h750xx.o
ETH_IRQHandler                                    build/startup_stm32h750xx.o
ETH_WKUP_IRQHandler                               build/startup_stm32h750xx.o
EXTI0_IRQHandler                                  build/startup_stm32h750xx.o
EXTI15_10_IRQHandler                              build/startup_stm32h750xx.o
EXTI1_IRQHandler                                  build/startup_stm32h750xx.o
EXTI2_IRQHandler                                  build/startup_stm32h750xx.o
EXTI3_IRQHandler                                  build/startup_stm32h750xx.o
EXTI4_IRQHandler                                  build/startup_stm32h750xx.o
EXTI9_5_IRQHandler                                build/startup_stm32h750xx.o
Error_Handler                                     build/main.o
                                                  build/usart.o
FDCAN1_IT0_IRQHandler                             build/startup_stm32h750xx.o
FDCAN1_IT1_IRQHandler                             build/startup_stm32h750xx.o
FDCAN2_IT0_IRQHandler                             build/startup_stm32h750xx.o
FDCAN2_IT1_IRQHandler                             build/startup_stm32h750xx.o
FDCAN_CAL_IRQHandler                              build/startup_stm32h750xx.o
FLASH_CRC_WaitForLastOperation                    build/stm32h7xx_hal_flash.o
                                                  build/stm32h7xx_hal_flash_ex.o
FLASH_Erase_Sector                                build/stm32h7xx_hal_flash_ex.o
                                                  build/stm32h7xx_hal_flash.o
FLASH_IRQHandler                                  build/startup_stm32h750xx.o
FLASH_OB_WaitForLastOperation                     build/stm32h7xx_hal_flash.o
                                                  build/stm32h7xx_hal_flash_ex.o
FLASH_WaitForLastOperation                        build/stm32h7xx_hal_flash.o
                                                  build/stm32h7xx_hal_flash_ex.o
FMC_IRQHandler                                    build/startup_stm32h750xx.o
FPU_IRQHandler                                    build/startup_stm32h750xx.o
HAL_DBGMCU_DisableDBGSleepMode                    build/stm32h7xx_hal.o
HAL_DBGMCU_DisableDBGStandbyMode                  build/stm32h7xx_hal.o
HAL_DBGMCU_DisableDBGStopMode                     build/stm32h7xx_hal.o
HAL_DBGMCU_EnableDBGSleepMode                     build/stm32h7xx_hal.o
HAL_DBGMCU_EnableDBGStandbyMode                   build/stm32h7xx_hal.o
HAL_DBGMCU_EnableDBGStopMode                      build/stm32h7xx_hal.o
HAL_DMAEx_ChangeMemory                            build/stm32h7xx_hal_dma_ex.o
HAL_DMAEx_ConfigMuxRequestGenerator               build/stm32h7xx_hal_dma_ex.o
HAL_DMAEx_ConfigMuxSync                           build/stm32h7xx_hal_dma_ex.o
HAL_DMAEx_DisableMuxRequestGenerator              build/stm32h7xx_hal_dma_ex.o
HAL_DMAEx_EnableMuxRequestGenerator               build/stm32h7xx_hal_dma_ex.o
HAL_DMAEx_MUX_IRQHandler                          build/stm32h7xx_hal_dma_ex.o
HAL_DMAEx_MultiBufferStart                        build/stm32h7xx_hal_dma_ex.o
HAL_DMAEx_MultiBufferStart_IT                     build/stm32h7xx_hal_dma_ex.o
HAL_DMA_Abort                                     build/stm32h7xx_hal_dma.o
                                                  build/stm32h7xx_hal_uart.o
HAL_DMA_Abort_IT                                  build/stm32h7xx_hal_dma.o
                                                  build/stm32h7xx_hal_uart.o
                                                  build/stm32h7xx_hal_i2c.o
                                                  build/stm32h7xx_hal_tim_ex.o
                                                  build/stm32h7xx_hal_tim.o
HAL_DMA_DeInit                                    build/stm32h7xx_hal_dma.o
HAL_DMA_GetError                                  build/stm32h7xx_hal_dma.o
                                                  build/stm32h7xx_hal_uart.o
                                                  build/stm32h7xx_hal_i2c.o
HAL_DMA_GetState                                  build/stm32h7xx_hal_dma.o
                                                  build/stm32h7xx_hal_i2c.o
HAL_DMA_IRQHandler                                build/stm32h7xx_hal_dma.o
HAL_DMA_Init                                      build/stm32h7xx_hal_dma.o
HAL_DMA_PollForTransfer                           build/stm32h7xx_hal_dma.o
HAL_DMA_RegisterCallback                          build/stm32h7xx_hal_dma.o
HAL_DMA_Start                                     build/stm32h7xx_hal_dma.o
HAL_DMA_Start_IT                                  build/stm32h7xx_hal_dma.o
                                                  build/stm32h7xx_hal_uart.o
                                                  build/stm32h7xx_hal_i2c.o
                                                  build/stm32h7xx_hal_tim_ex.o
                                                  build/stm32h7xx_hal_tim.o
HAL_DMA_UnRegisterCallback                        build/stm32h7xx_hal_dma.o
HAL_DeInit                                        build/stm32h7xx_hal.o
HAL_Delay                                         build/stm32h7xx_hal.o
                                                  build/main.o
HAL_DisableCompensationCell                       build/stm32h7xx_hal.o
HAL_DisableDomain3DBGStandbyMode                  build/stm32h7xx_hal.o
HAL_DisableDomain3DBGStopMode                     build/stm32h7xx_hal.o
HAL_EXTI_ClearConfigLine                          build/stm32h7xx_hal_exti.o
HAL_EXTI_ClearPending                             build/stm32h7xx_hal_exti.o
HAL_EXTI_D1_ClearFlag                             build/stm32h7xx_hal.o
HAL_EXTI_D1_EventInputConfig                      build/stm32h7xx_hal.o
HAL_EXTI_D3_EventInputConfig                      build/stm32h7xx_hal.o
HAL_EXTI_EdgeConfig                               build/stm32h7xx_hal.o
HAL_EXTI_GenerateSWI                              build/stm32h7xx_hal_exti.o
HAL_EXTI_GenerateSWInterrupt                      build/stm32h7xx_hal.o
HAL_EXTI_GetConfigLine                            build/stm32h7xx_hal_exti.o
HAL_EXTI_GetHandle                                build/stm32h7xx_hal_exti.o
HAL_EXTI_GetPending                               build/stm32h7xx_hal_exti.o
HAL_EXTI_IRQHandler                               build/stm32h7xx_hal_exti.o
HAL_EXTI_RegisterCallback                         build/stm32h7xx_hal_exti.o
HAL_EXTI_SetConfigLine                            build/stm32h7xx_hal_exti.o
HAL_EnableCompensationCell                        build/stm32h7xx_hal.o
HAL_EnableDomain3DBGStandbyMode                   build/stm32h7xx_hal.o
HAL_EnableDomain3DBGStopMode                      build/stm32h7xx_hal.o
HAL_FLASHEx_ComputeCRC                            build/stm32h7xx_hal_flash_ex.o
HAL_FLASHEx_Erase                                 build/stm32h7xx_hal_flash_ex.o
HAL_FLASHEx_Erase_IT                              build/stm32h7xx_hal_flash_ex.o
HAL_FLASHEx_Lock_Bank1                            build/stm32h7xx_hal_flash_ex.o
HAL_FLASHEx_OBGetConfig                           build/stm32h7xx_hal_flash_ex.o
HAL_FLASHEx_OBProgram                             build/stm32h7xx_hal_flash_ex.o
HAL_FLASHEx_Unlock_Bank1                          build/stm32h7xx_hal_flash_ex.o
HAL_FLASH_EndOfOperationCallback                  build/stm32h7xx_hal_flash.o
HAL_FLASH_GetError                                build/stm32h7xx_hal_flash.o
HAL_FLASH_IRQHandler                              build/stm32h7xx_hal_flash.o
HAL_FLASH_Lock                                    build/stm32h7xx_hal_flash.o
HAL_FLASH_OB_Launch                               build/stm32h7xx_hal_flash.o
HAL_FLASH_OB_Lock                                 build/stm32h7xx_hal_flash.o
HAL_FLASH_OB_Unlock                               build/stm32h7xx_hal_flash.o
HAL_FLASH_OperationErrorCallback                  build/stm32h7xx_hal_flash.o
HAL_FLASH_Program                                 build/stm32h7xx_hal_flash.o
HAL_FLASH_Program_IT                              build/stm32h7xx_hal_flash.o
HAL_FLASH_Unlock                                  build/stm32h7xx_hal_flash.o
HAL_GPIO_DeInit                                   build/stm32h7xx_hal_gpio.o
                                                  build/usart.o
HAL_GPIO_EXTI_Callback                            build/stm32h7xx_hal_gpio.o
HAL_GPIO_EXTI_IRQHandler                          build/stm32h7xx_hal_gpio.o
HAL_GPIO_Init                                     build/stm32h7xx_hal_gpio.o
                                                  build/usart.o
                                                  build/stm32h7xx_hal_rcc.o
                                                  build/gpio.o
HAL_GPIO_LockPin                                  build/stm32h7xx_hal_gpio.o
HAL_GPIO_ReadPin                                  build/stm32h7xx_hal_gpio.o
HAL_GPIO_TogglePin                                build/stm32h7xx_hal_gpio.o
                                                  build/freertos.o
HAL_GPIO_WritePin                                 build/stm32h7xx_hal_gpio.o
                                                  build/gpio.o
HAL_GetCurrentCPUID                               build/stm32h7xx_hal_cortex.o
HAL_GetDEVID                                      build/stm32h7xx_hal.o
HAL_GetFMCMemorySwappingConfig                    build/stm32h7xx_hal.o
HAL_GetHalVersion                                 build/stm32h7xx_hal.o
HAL_GetREVID                                      build/stm32h7xx_hal.o
                                                  build/stm32h7xx_hal_rcc_ex.o
                                                  build/stm32h7xx_hal_rcc.o
HAL_GetTick                                       build/stm32h7xx_hal.o
                                                  build/stm32h7xx_hal_uart_ex.o
                                                  build/stm32h7xx_hal_uart.o
                                                  build/stm32h7xx_hal_i2c.o
                                                  build/stm32h7xx_hal_pwr_ex.o
                                                  build/stm32h7xx_hal_mdma.o
                                                  build/stm32h7xx_hal_dma.o
                                                  build/stm32h7xx_hal_flash.o
                                                  build/stm32h7xx_hal_rcc_ex.o
                                                  build/stm32h7xx_hal_rcc.o
HAL_GetTickFreq                                   build/stm32h7xx_hal.o
HAL_GetTickPrio                                   build/stm32h7xx_hal.o
HAL_GetUIDw0                                      build/stm32h7xx_hal.o
HAL_GetUIDw1                                      build/stm32h7xx_hal.o
HAL_GetUIDw2                                      build/stm32h7xx_hal.o
HAL_HSEM_ActivateNotification                     build/stm32h7xx_hal_hsem.o
HAL_HSEM_DeactivateNotification                   build/stm32h7xx_hal_hsem.o
HAL_HSEM_FastTake                                 build/stm32h7xx_hal_hsem.o
HAL_HSEM_FreeCallback                             build/stm32h7xx_hal_hsem.o
HAL_HSEM_GetClearKey                              build/stm32h7xx_hal_hsem.o
HAL_HSEM_IRQHandler                               build/stm32h7xx_hal_hsem.o
HAL_HSEM_IsSemTaken                               build/stm32h7xx_hal_hsem.o
HAL_HSEM_Release                                  build/stm32h7xx_hal_hsem.o
HAL_HSEM_ReleaseAll                               build/stm32h7xx_hal_hsem.o
HAL_HSEM_SetClearKey                              build/stm32h7xx_hal_hsem.o
HAL_HSEM_Take                                     build/stm32h7xx_hal_hsem.o
HAL_HalfDuplex_EnableReceiver                     build/stm32h7xx_hal_uart.o
HAL_HalfDuplex_EnableTransmitter                  build/stm32h7xx_hal_uart.o
HAL_HalfDuplex_Init                               build/stm32h7xx_hal_uart.o
HAL_I2CEx_ConfigAnalogFilter                      build/stm32h7xx_hal_i2c_ex.o
HAL_I2CEx_ConfigDigitalFilter                     build/stm32h7xx_hal_i2c_ex.o
HAL_I2CEx_DisableFastModePlus                     build/stm32h7xx_hal_i2c_ex.o
HAL_I2CEx_DisableWakeUp                           build/stm32h7xx_hal_i2c_ex.o
HAL_I2CEx_EnableFastModePlus                      build/stm32h7xx_hal_i2c_ex.o
HAL_I2CEx_EnableWakeUp                            build/stm32h7xx_hal_i2c_ex.o
HAL_I2C_AbortCpltCallback                         build/stm32h7xx_hal_i2c.o
HAL_I2C_AddrCallback                              build/stm32h7xx_hal_i2c.o
HAL_I2C_DeInit                                    build/stm32h7xx_hal_i2c.o
HAL_I2C_DisableListen_IT                          build/stm32h7xx_hal_i2c.o
HAL_I2C_ER_IRQHandler                             build/stm32h7xx_hal_i2c.o
HAL_I2C_EV_IRQHandler                             build/stm32h7xx_hal_i2c.o
HAL_I2C_EnableListen_IT                           build/stm32h7xx_hal_i2c.o
HAL_I2C_ErrorCallback                             build/stm32h7xx_hal_i2c.o
HAL_I2C_GetError                                  build/stm32h7xx_hal_i2c.o
HAL_I2C_GetMode                                   build/stm32h7xx_hal_i2c.o
HAL_I2C_GetState                                  build/stm32h7xx_hal_i2c.o
HAL_I2C_Init                                      build/stm32h7xx_hal_i2c.o
HAL_I2C_IsDeviceReady                             build/stm32h7xx_hal_i2c.o
HAL_I2C_ListenCpltCallback                        build/stm32h7xx_hal_i2c.o
HAL_I2C_MasterRxCpltCallback                      build/stm32h7xx_hal_i2c.o
HAL_I2C_MasterTxCpltCallback                      build/stm32h7xx_hal_i2c.o
HAL_I2C_Master_Abort_IT                           build/stm32h7xx_hal_i2c.o
HAL_I2C_Master_Receive                            build/stm32h7xx_hal_i2c.o
HAL_I2C_Master_Receive_DMA                        build/stm32h7xx_hal_i2c.o
HAL_I2C_Master_Receive_IT                         build/stm32h7xx_hal_i2c.o
HAL_I2C_Master_Seq_Receive_DMA                    build/stm32h7xx_hal_i2c.o
HAL_I2C_Master_Seq_Receive_IT                     build/stm32h7xx_hal_i2c.o
HAL_I2C_Master_Seq_Transmit_DMA                   build/stm32h7xx_hal_i2c.o
HAL_I2C_Master_Seq_Transmit_IT                    build/stm32h7xx_hal_i2c.o
HAL_I2C_Master_Transmit                           build/stm32h7xx_hal_i2c.o
HAL_I2C_Master_Transmit_DMA                       build/stm32h7xx_hal_i2c.o
HAL_I2C_Master_Transmit_IT                        build/stm32h7xx_hal_i2c.o
HAL_I2C_MemRxCpltCallback                         build/stm32h7xx_hal_i2c.o
HAL_I2C_MemTxCpltCallback                         build/stm32h7xx_hal_i2c.o
HAL_I2C_Mem_Read                                  build/stm32h7xx_hal_i2c.o
HAL_I2C_Mem_Read_DMA                              build/stm32h7xx_hal_i2c.o
HAL_I2C_Mem_Read_IT                               build/stm32h7xx_hal_i2c.o
HAL_I2C_Mem_Write                                 build/stm32h7xx_hal_i2c.o
HAL_I2C_Mem_Write_DMA                             build/stm32h7xx_hal_i2c.o
HAL_I2C_Mem_Write_IT                              build/stm32h7xx_hal_i2c.o
HAL_I2C_MspDeInit                                 build/stm32h7xx_hal_i2c.o
HAL_I2C_MspInit                                   build/stm32h7xx_hal_i2c.o
HAL_I2C_SlaveRxCpltCallback                       build/stm32h7xx_hal_i2c.o
HAL_I2C_SlaveTxCpltCallback                       build/stm32h7xx_hal_i2c.o
HAL_I2C_Slave_Receive                             build/stm32h7xx_hal_i2c.o
HAL_I2C_Slave_Receive_DMA                         build/stm32h7xx_hal_i2c.o
HAL_I2C_Slave_Receive_IT                          build/stm32h7xx_hal_i2c.o
HAL_I2C_Slave_Seq_Receive_DMA                     build/stm32h7xx_hal_i2c.o
HAL_I2C_Slave_Seq_Receive_IT                      build/stm32h7xx_hal_i2c.o