Archive member included to satisfy reference by file (symbol)

d:/program files (x86)/gnu tools arm embedded/5.4 2016q3/bin/../lib/gcc/arm-none-eabi/5.4.1/../../../../arm-none-eabi/lib/armv7e-m/fpu/fpv5-d16\libc_nano.a(lib_a-exit.o)
                              d:/program files (x86)/gnu tools arm embedded/5.4 2016q3/bin/../lib/gcc/arm-none-eabi/5.4.1/../../../../arm-none-eabi/lib/armv7e-m/fpu/fpv5-d16/crt0.o (exit)
d:/program files (x86)/gnu tools arm embedded/5.4 2016q3/bin/../lib/gcc/arm-none-eabi/5.4.1/../../../../arm-none-eabi/lib/armv7e-m/fpu/fpv5-d16\libc_nano.a(lib_a-impure.o)
                              d:/program files (x86)/gnu tools arm embedded/5.4 2016q3/bin/../lib/gcc/arm-none-eabi/5.4.1/../../../../arm-none-eabi/lib/armv7e-m/fpu/fpv5-d16\libc_nano.a(lib_a-exit.o) (_global_impure_ptr)
d:/program files (x86)/gnu tools arm embedded/5.4 2016q3/bin/../lib/gcc/arm-none-eabi/5.4.1/../../../../arm-none-eabi/lib/armv7e-m/fpu/fpv5-d16\libc_nano.a(lib_a-init.o)
                              d:/program files (x86)/gnu tools arm embedded/5.4 2016q3/bin/../lib/gcc/arm-none-eabi/5.4.1/../../../../arm-none-eabi/lib/armv7e-m/fpu/fpv5-d16/crt0.o (__libc_init_array)
d:/program files (x86)/gnu tools arm embedded/5.4 2016q3/bin/../lib/gcc/arm-none-eabi/5.4.1/../../../../arm-none-eabi/lib/armv7e-m/fpu/fpv5-d16\libc_nano.a(lib_a-malloc.o)
                              build/usbd_cdc.o (malloc)
d:/program files (x86)/gnu tools arm embedded/5.4 2016q3/bin/../lib/gcc/arm-none-eabi/5.4.1/../../../../arm-none-eabi/lib/armv7e-m/fpu/fpv5-d16\libc_nano.a(lib_a-memcpy-stub.o)
                              build/queue.o (memcpy)
d:/program files (x86)/gnu tools arm embedded/5.4 2016q3/bin/../lib/gcc/arm-none-eabi/5.4.1/../../../../arm-none-eabi/lib/armv7e-m/fpu/fpv5-d16\libc_nano.a(lib_a-memset.o)
                              d:/program files (x86)/gnu tools arm embedded/5.4 2016q3/bin/../lib/gcc/arm-none-eabi/5.4.1/../../../../arm-none-eabi/lib/armv7e-m/fpu/fpv5-d16/crt0.o (memset)
d:/program files (x86)/gnu tools arm embedded/5.4 2016q3/bin/../lib/gcc/arm-none-eabi/5.4.1/../../../../arm-none-eabi/lib/armv7e-m/fpu/fpv5-d16\libc_nano.a(lib_a-nano-freer.o)
                              d:/program files (x86)/gnu tools arm embedded/5.4 2016q3/bin/../lib/gcc/arm-none-eabi/5.4.1/../../../../arm-none-eabi/lib/armv7e-m/fpu/fpv5-d16\libc_nano.a(lib_a-malloc.o) (_free_r)
d:/program files (x86)/gnu tools arm embedded/5.4 2016q3/bin/../lib/gcc/arm-none-eabi/5.4.1/../../../../arm-none-eabi/lib/armv7e-m/fpu/fpv5-d16\libc_nano.a(lib_a-nano-mallocr.o)
                              d:/program files (x86)/gnu tools arm embedded/5.4 2016q3/bin/../lib/gcc/arm-none-eabi/5.4.1/../../../../arm-none-eabi/lib/armv7e-m/fpu/fpv5-d16\libc_nano.a(lib_a-malloc.o) (_malloc_r)
d:/program files (x86)/gnu tools arm embedded/5.4 2016q3/bin/../lib/gcc/arm-none-eabi/5.4.1/../../../../arm-none-eabi/lib/armv7e-m/fpu/fpv5-d16\libc_nano.a(lib_a-puts.o)
                              build/usb_device.o (puts)
d:/program files (x86)/gnu tools arm embedded/5.4 2016q3/bin/../lib/gcc/arm-none-eabi/5.4.1/../../../../arm-none-eabi/lib/armv7e-m/fpu/fpv5-d16\libc_nano.a(lib_a-sbrkr.o)
                              d:/program files (x86)/gnu tools arm embedded/5.4 2016q3/bin/../lib/gcc/arm-none-eabi/5.4.1/../../../../arm-none-eabi/lib/armv7e-m/fpu/fpv5-d16\libc_nano.a(lib_a-nano-mallocr.o) (_sbrk_r)
d:/program files (x86)/gnu tools arm embedded/5.4 2016q3/bin/../lib/gcc/arm-none-eabi/5.4.1/../../../../arm-none-eabi/lib/armv7e-m/fpu/fpv5-d16\libc_nano.a(lib_a-vsnprintf.o)
                              build/usbd_cdc_if.o (vsnprintf)
d:/program files (x86)/gnu tools arm embedded/5.4 2016q3/bin/../lib/gcc/arm-none-eabi/5.4.1/../../../../arm-none-eabi/lib/armv7e-m/fpu/fpv5-d16\libc_nano.a(lib_a-wbuf.o)
                              d:/program files (x86)/gnu tools arm embedded/5.4 2016q3/bin/../lib/gcc/arm-none-eabi/5.4.1/../../../../arm-none-eabi/lib/armv7e-m/fpu/fpv5-d16\libc_nano.a(lib_a-puts.o) (__swbuf_r)
d:/program files (x86)/gnu tools arm embedded/5.4 2016q3/bin/../lib/gcc/arm-none-eabi/5.4.1/../../../../arm-none-eabi/lib/armv7e-m/fpu/fpv5-d16\libc_nano.a(lib_a-wsetup.o)
                              d:/program files (x86)/gnu tools arm embedded/5.4 2016q3/bin/../lib/gcc/arm-none-eabi/5.4.1/../../../../arm-none-eabi/lib/armv7e-m/fpu/fpv5-d16\libc_nano.a(lib_a-puts.o) (__swsetup_r)
d:/program files (x86)/gnu tools arm embedded/5.4 2016q3/bin/../lib/gcc/arm-none-eabi/5.4.1/../../../../arm-none-eabi/lib/armv7e-m/fpu/fpv5-d16\libc_nano.a(lib_a-fflush.o)
                              d:/program files (x86)/gnu tools arm embedded/5.4 2016q3/bin/../lib/gcc/arm-none-eabi/5.4.1/../../../../arm-none-eabi/lib/armv7e-m/fpu/fpv5-d16\libc_nano.a(lib_a-wbuf.o) (_fflush_r)
d:/program files (x86)/gnu tools arm embedded/5.4 2016q3/bin/../lib/gcc/arm-none-eabi/5.4.1/../../../../arm-none-eabi/lib/armv7e-m/fpu/fpv5-d16\libc_nano.a(lib_a-findfp.o)
[...]
Memory Configuration

Name             Origin             Length             Attributes
DTCMRAM          0x20000000         0x00020000         xrw
RAM_D1           0x24000000         0x00080000         xrw
RAM_D2           0x30000000         0x00048000         xrw
RAM_D3           0x38000000         0x00010000         xrw
ITCMRAM          0x00000000         0x00010000         xrw
FLASH            0x08000000         0x00200000         xr
*default*        0x00000000         0xffffffff

Linker script and memory map

LOAD d:/program files (x86)/gnu tools arm embedded/5.4 2016q3/bin/../lib/gcc/arm-none-eabi/5.4.1/armv7e-m/fpu/fpv5-d16/crti.o
LOAD d:/program files (x86)/gnu tools arm embedded/5.4 2016q3/bin/../lib/gcc/arm-none-eabi/5.4.1/armv7e-m/fpu/fpv5-d16/crtbegin.o
LOAD d:/program files (x86)/gnu tools arm embedded/5.4 2016q3/bin/../lib/gcc/arm-none-eabi/5.4.1/../../../../arm-none-eabi/lib/armv7e-m/fpu/fpv5-d16/crt0.o
LOAD build/main.o
LOAD build/gpio.o
LOAD build/stm32h7xx_it.o
LOAD build/stm32h7xx_hal_msp.o
LOAD build/stm32h7xx_hal_cortex.o
LOAD build/stm32h7xx_hal_tim.o
LOAD build/stm32h7xx_hal_tim_ex.o
LOAD build/stm32h7xx_hal_rcc.o
LOAD build/stm32h7xx_hal_rcc_ex.o
LOAD build/stm32h7xx_hal_flash.o
LOAD build/stm32h7xx_hal_flash_ex.o
LOAD build/stm32h7xx_hal_gpio.o
LOAD build/stm32h7xx_hal_hsem.o
LOAD build/stm32h7xx_hal_dma.o
LOAD build/stm32h7xx_hal_dma_ex.o
LOAD build/stm32h7xx_hal_mdma.o
LOAD build/stm32h7xx_hal_pwr.o
LOAD build/stm32h7xx_hal_pwr_ex.o
LOAD build/stm32h7xx_hal.o
LOAD build/stm32h7xx_hal_i2c.o
LOAD build/stm32h7xx_hal_i2c_ex.o
LOAD build/stm32h7xx_hal_exti.o
LOAD build/system_stm32h7xx.o
LOAD build/freertos.o
LOAD build/stm32h7xx_hal_timebase_tim.o
LOAD build/usb_device.o
LOAD build/usbd_desc.o
LOAD build/usbd_cdc_if.o
LOAD build/usbd_conf.o
LOAD build/stm32h7xx_hal_pcd.o
LOAD build/stm32h7xx_hal_pcd_ex.o
LOAD build/stm32h7xx_ll_usb.o
LOAD build/croutine.o
LOAD build/event_groups.o
LOAD build/list.o
LOAD build/queue.o
LOAD build/stream_buffer.o
LOAD build/tasks.o
LOAD build/timers.o
LOAD build/cmsis_os.o
LOAD build/heap_4.o
LOAD build/port.o
LOAD build/usbd_core.o
LOAD build/usbd_ctlreq.o
LOAD build/usbd_ioreq.o
LOAD build/usbd_cdc.o
LOAD build/usart.o
LOAD build/stm32h7xx_hal_uart.o
LOAD build/stm32h7xx_hal_uart_ex.o
LOAD build/startup_stm32h750xx.o
LOAD d:/program files (x86)/gnu tools arm embedded/5.4 2016q3/bin/../lib/gcc/arm-none-eabi/5.4.1/../../../../arm-none-eabi/lib/armv7e-m/fpu/fpv5-d16\libc_nano.a
LOAD d:/program files (x86)/gnu tools arm embedded/5.4 2016q3/bin/../lib/gcc/arm-none-eabi/5.4.1/../../../../arm-none-eabi/lib/armv7e-m/fpu/fpv5-d16\libm.a
LOAD d:/program files (x86)/gnu tools arm embedded/5.4 2016q3/bin/../lib/gcc/arm-none-eabi/5.4.1/../../../../arm-none-eabi/lib/armv7e-m/fpu/fpv5-d16\libnosys.a
START GROUP
LOAD d:/program files (x86)/gnu tools arm embedded/5.4 2016q3/bin/../lib/gcc/arm-none-eabi/5.4.1/armv7e-m/fpu/fpv5-d16\libgcc.a
LOAD d:/program files (x86)/gnu tools arm embedded/5.4 2016q3/bin/../lib/gcc/arm-none-eabi/5.4.1/../../../../arm-none-eabi/lib/armv7e-m/fpu/fpv5-d16\libc_nano.a
END GROUP
START GROUP
LOAD d:/program files (x86)/gnu tools arm embedded/5.4 2016q3/bin/../lib/gcc/arm-none-eabi/5.4.1/armv7e-m/fpu/fpv5-d16\libgcc.a
LOAD d:/program files (x86)/gnu tools arm embedded/5.4 2016q3/bin/../lib/gcc/arm-none-eabi/5.4.1/../../../../arm-none-eabi/lib/armv7e-m/fpu/fpv5-d16\libc_nano.a
END GROUP
LOAD d:/program files (x86)/gnu tools arm embedded/5.4 2016q3/bin/../lib/gcc/arm-none-eabi/5.4.1/armv7e-m/fpu/fpv5-d16/crtend.o
LOAD d:/program files (x86)/gnu tools arm embedded/5.4 2016q3/bin/../lib/gcc/arm-none-eabi/5.4.1/armv7e-m/fpu/fpv5-d16/crtn.o
                0x20020000                _estack = 0x20020000
                0x00004200                _Min_Heap_Size = 0x4200
                0x00004400                _Min_Stack_Size = 0x4400

.isr_vector     0x08000000      0x298
                0x08000000                . = ALIGN (0x4)
 *(.isr_vector)
 .isr_vector    0x08000000      0x298 build/startup_stm32h750xx.o
                0x08000000                g_pfnVectors
                0x08000298                . = ALIGN (0x4)

.text           0x080002a0     0x7b74
                0x080002a0                . = ALIGN (0x4)
 *(.text)
 .text          0x080002a0       0x5c d:/program files (x86)/gnu tools arm embedded/5.4 2016q3/bin/../lib/gcc/arm-none-eabi/5.4.1/armv7e-m/fpu/fpv5-d16/crtbegin.o
 *fill*         0x080002fc        0x4 
 .text          0x08000300       0xa0 d:/program files (x86)/gnu tools arm embedded/5.4 2016q3/bin/../lib/gcc/arm-none-eabi/5.4.1/../../../../arm-none-eabi/lib/armv7e-m/fpu/fpv5-d16\libc_nano.a(lib_a-memchr.o)
                0x08000300                memchr
 .text          0x080003a0       0x30 d:/program files (x86)/gnu tools arm embedded/5.4 2016q3/bin/../lib/gcc/arm-none-eabi/5.4.1/armv7e-m/fpu/fpv5-d16\libgcc.a(_aeabi_uldivmod.o)
                0x080003a0                __aeabi_uldivmod
 .text          0x080003d0      0x2e4 d:/program files (x86)/gnu tools arm embedded/5.4 2016q3/bin/../lib/gcc/arm-none-eabi/5.4.1/armv7e-m/fpu/fpv5-d16\libgcc.a(_udivmoddi4.o)
                0x080003d0                __udivmoddi4
 .text          0x080006b4        0x4 d:/program files (x86)/gnu tools arm embedded/5.4 2016q3/bin/../lib/gcc/arm-none-eabi/5.4.1/armv7e-m/fpu/fpv5-d16\libgcc.a(_dvmd_tls.o)
                0x080006b4                __aeabi_idiv0
                0x080006b4                __aeabi_ldiv0
 *(.text*)
 .text.HAL_TIM_PeriodElapsedCallback
                0x080006b8       0x14 build/main.o
                0x080006b8                HAL_TIM_PeriodElapsedCallback
 .text.Error_Handler
                0x080006cc        0x4 build/main.o
                0x080006cc                Error_Handler
 .text.SystemClock_Config
                0x080006d0      0x118 build/main.o
                0x080006d0                SystemClock_Config
 .text.main     0x080007e8       0x24 build/main.o
                0x080007e8                main
 .text.MX_GPIO_Init
                0x0800080c       0xa4 build/gpio.o
                0x0800080c                MX_GPIO_Init
 .text.NMI_Handler
                0x080008b0        0x4 build/stm32h7xx_it.o
                0x080008b0                NMI_Handler
 .text.HardFault_Handler
                0x080008b4        0x4 build/stm32h7xx_it.o
                0x080008b4                HardFault_Handler
 .text.MemManage_Handler
                0x080008b8        0x4 build/stm32h7xx_it.o
                0x080008b8                MemManage_Handler
 .text.BusFault_Handler
                0x080008bc        0x4 build/stm32h7xx_it.o
                0x080008bc                BusFault_Handler
 .text.UsageFault_Handler
                0x080008c0        0x4 build/stm32h7xx_it.o
                0x080008c0                UsageFault_Handler
 .text.DebugMon_Handler
                0x080008c4        0x4 build/stm32h7xx_it.o
                0x080008c4                DebugMon_Handler
 .text.USART1_IRQHandler
                0x080008c8       0x10 build/stm32h7xx_it.o
                0x080008c8                USART1_IRQHandler
 .text.TIM6_DAC_IRQHandler
                0x080008d8       0x10 build/stm32h7xx_it.o
                0x080008d8                TIM6_DAC_IRQHandler
 .text.OTG_FS_IRQHandler
                0x080008e8       0x10 build/stm32h7xx_it.o
                0x080008e8                OTG_FS_IRQHandler
 .text.HAL_MspInit
                0x080008f8       0x34 build/stm32h7xx_hal_msp.o
                0x080008f8                HAL_MspInit
 .text.HAL_NVIC_SetPriorityGrouping
                0x0800092c       0x24 build/stm32h7xx_hal_cortex.o
                0x0800092c                HAL_NVIC_SetPriorityGrouping
 .text.HAL_NVIC_SetPriority
                0x08000950       0x60 build/stm32h7xx_hal_cortex.o
                0x08000950                HAL_NVIC_SetPriority
 .text.HAL_NVIC_EnableIRQ
                0x080009b0       0x1c build/stm32h7xx_hal_cortex.o
                0x080009b0                HAL_NVIC_EnableIRQ
 .text.HAL_TIM_Base_MspInit
                0x080009cc        0x4 build/stm32h7xx_hal_tim.o
                0x080009cc                HAL_TIM_Base_MspInit
 .text.HAL_TIM_Base_Start_IT
                0x080009d0       0x44 build/stm32h7xx_hal_tim.o
                0x080009d0                HAL_TIM_Base_Start_IT
 .text.HAL_TIM_OC_DelayElapsedCallback
                0x08000a14        0x4 build/stm32h7xx_hal_tim.o
                0x08000a14                HAL_TIM_OC_DelayElapsedCallback
 .text.HAL_TIM_IC_CaptureCallback
                0x08000a18        0x4 build/stm32h7xx_hal_tim.o
                0x08000a18                HAL_TIM_IC_CaptureCallback
 .text.HAL_TIM_PWM_PulseFinishedCallback
                0x08000a1c        0x4 build/stm32h7xx_hal_tim.o
                0x08000a1c                HAL_TIM_PWM_PulseFinishedCallback
 .text.HAL_TIM_TriggerCallback
                0x08000a20        0x4 build/stm32h7xx_hal_tim.o
                0x08000a20                HAL_TIM_TriggerCallback
 .text.HAL_TIM_IRQHandler
                0x08000a24      0x190 build/stm32h7xx_hal_tim.o
                0x08000a24                HAL_TIM_IRQHandler
 .text.TIM_Base_SetConfig
                0x08000bb4      0x100 build/stm32h7xx_hal_tim.o
                0x08000bb4                TIM_Base_SetConfig
 .text.HAL_TIM_Base_Init
                0x08000cb4       0x64 build/stm32h7xx_hal_tim.o
                0x08000cb4                HAL_TIM_Base_Init
 .text.HAL_TIMEx_CommutCallback
                0x08000d18        0x4 build/stm32h7xx_hal_tim_ex.o
                0x08000d18                HAL_TIMEx_CommutCallback
 .text.HAL_TIMEx_BreakCallback
                0x08000d1c        0x4 build/stm32h7xx_hal_tim_ex.o
                0x08000d1c                HAL_TIMEx_BreakCallback
 .text.HAL_TIMEx_Break2Callback
                0x08000d20        0x4 build/stm32h7xx_hal_tim_ex.o
                0x08000d20                HAL_TIMEx_Break2Callback
 .text.HAL_RCC_OscConfig
                0x08000d24      0x684 build/stm32h7xx_hal_rcc.o
                0x08000d24                HAL_RCC_OscConfig
 .text.HAL_RCC_GetSysClockFreq
                0x080013a8      0x1f8 build/stm32h7xx_hal_rcc.o
                0x080013a8                HAL_RCC_GetSysClockFreq
 .text.HAL_RCC_ClockConfig
                0x080015a0      0x29c build/stm32h7xx_hal_rcc.o
                0x080015a0                HAL_RCC_ClockConfig
 .text.HAL_RCC_GetHCLKFreq
                0x0800183c       0x44 build/stm32h7xx_hal_rcc.o
                0x0800183c                HAL_RCC_GetHCLKFreq
 .text.HAL_RCC_GetPCLK1Freq
                0x08001880       0x24 build/stm32h7xx_hal_rcc.o
                0x08001880                HAL_RCC_GetPCLK1Freq
 .text.HAL_RCC_GetPCLK2Freq
                0x080018a4       0x24 build/stm32h7xx_hal_rcc.o
                0x080018a4                HAL_RCC_GetPCLK2Freq
 .text.HAL_RCC_GetClockConfig
                0x080018c8       0x54 build/stm32h7xx_hal_rcc.o
                0x080018c8                HAL_RCC_GetClockConfig
 .text.RCCEx_PLL2_Config
                0x0800191c      0x114 build/stm32h7xx_hal_rcc_ex.o
 .text.RCCEx_PLL3_Config
                0x08001a30      0x114 build/stm32h7xx_hal_rcc_ex.o
 .text.HAL_RCCEx_PeriphCLKConfig
                0x08001b44      0x92c build/stm32h7xx_hal_rcc_ex.o
                0x08001b44                HAL_RCCEx_PeriphCLKConfig
 .text.HAL_RCCEx_GetD3PCLK1Freq
                0x08002470       0x24 build/stm32h7xx_hal_rcc_ex.o
                0x08002470                HAL_RCCEx_GetD3PCLK1Freq
 .text.HAL_RCCEx_GetPLL2ClockFreq
                0x08002494      0x1f8 build/stm32h7xx_hal_rcc_ex.o
                0x08002494                HAL_RCCEx_GetPLL2ClockFreq
 .text.HAL_RCCEx_GetPLL3ClockFreq
                0x0800268c      0x1f8 build/stm32h7xx_hal_rcc_ex.o
                0x0800268c                HAL_RCCEx_GetPLL3ClockFreq
 .text.HAL_GPIO_Init
                0x08002884      0x1f4 build/stm32h7xx_hal_gpio.o
                0x08002884                HAL_GPIO_Init
 .text.HAL_GPIO_WritePin
                0x08002a78        0xc build/stm32h7xx_hal_gpio.o
                0x08002a78                HAL_GPIO_WritePin
 .text.HAL_GPIO_TogglePin
                0x08002a84       0x14 build/stm32h7xx_hal_gpio.o
                0x08002a84                HAL_GPIO_TogglePin
 .text.HAL_DMA_Abort_IT
                0x08002a98      0x30c build/stm32h7xx_hal_dma.o
                0x08002a98                HAL_DMA_Abort_IT
 .text.HAL_PWREx_ConfigSupply
                0x08002da4       0x58 build/stm32h7xx_hal_pwr_ex.o
                0x08002da4                HAL_PWREx_ConfigSupply
 .text.HAL_PWREx_EnableUSBVoltageDetector
                0x08002dfc       0x10 build/stm32h7xx_hal_pwr_ex.o
                0x08002dfc                HAL_PWREx_EnableUSBVoltageDetector
 .text.HAL_Init
                0x08002e0c       0x5c build/stm32h7xx_hal.o
                0x08002e0c                HAL_Init
 .text.HAL_IncTick
                0x08002e68       0x18 build/stm32h7xx_hal.o
                0x08002e68                HAL_IncTick
 .text.HAL_GetTick
                0x08002e80        0xc build/stm32h7xx_hal.o
                0x08002e80                HAL_GetTick
 .text.HAL_Delay
                0x08002e8c       0x28 build/stm32h7xx_hal.o
                0x08002e8c                HAL_Delay
 .text.HAL_GetREVID
                0x08002eb4        0xc build/stm32h7xx_hal.o
                0x08002eb4                HAL_GetREVID
 .text.SystemInit
                0x08002ec0       0xd4 build/system_stm32h7xx.o
                0x08002ec0                SystemInit
 .text.StartDefaultTask
                0x08002f94       0x38 build/freertos.o
                0x08002f94                StartDefaultTask
 .text.vApplicationGetIdleTaskMemory
                0x08002fcc       0x18 build/freertos.o
                0x08002fcc                vApplicationGetIdleTaskMemory
 .text.MX_FREERTOS_Init
                0x08002fe4       0x2c build/freertos.o
                0x08002fe4                MX_FREERTOS_Init
 .text.HAL_InitTick
                0x08003010       0x9c build/stm32h7xx_hal_timebase_tim.o
                0x08003010                HAL_InitTick
 .text.MX_USB_DEVICE_Init
                0x080030ac       0x50 build/usb_device.o
                0x080030ac                MX_USB_DEVICE_Init
 .text.USBD_FS_DeviceDescriptor
                0x080030fc        0xc build/usbd_desc.o
                0x080030fc                USBD_FS_DeviceDescriptor
 .text.USBD_FS_LangIDStrDescriptor
                0x08003108        0xc build/usbd_desc.o
                0x08003108                USBD_FS_LangIDStrDescriptor
 .text.IntToUnicode
                0x08003114       0x30 build/usbd_desc.o
 .text.Get_SerialNum
                0x08003144       0x38 build/usbd_desc.o
 .text.USBD_FS_SerialStrDescriptor
                0x0800317c       0x14 build/usbd_desc.o
                0x0800317c                USBD_FS_SerialStrDescriptor
 .text.USBD_FS_ProductStrDescriptor
                0x08003190       0x24 build/usbd_desc.o
                0x08003190                USBD_FS_ProductStrDescriptor
 .text.USBD_FS_ManufacturerStrDescriptor
                0x080031b4       0x1c build/usbd_desc.o
                0x080031b4                USBD_FS_ManufacturerStrDescriptor
 .text.USBD_FS_ConfigStrDescriptor
                0x080031d0       0x24 build/usbd_desc.o
                0x080031d0                USBD_FS_ConfigStrDescriptor
 .text.USBD_FS_InterfaceStrDescriptor
                0x080031f4       0x24 build/usbd_desc.o
                0x080031f4                USBD_FS_InterfaceStrDescriptor
 .text.CDC_DeInit_FS
                0x08003218        0x4 build/usbd_cdc_if.o
 .text.CDC_Control_FS
                0x0800321c        0x4 build/usbd_cdc_if.o
 .text.CDC_TransmitCplt_FS
                0x08003220        0x4 build/usbd_cdc_if.o
 .text.CDC_Receive_FS
                0x08003224       0x58 build/usbd_cdc_if.o
 .text.CDC_Init_FS
                0x0800327c       0x28 build/usbd_cdc_if.o
 .text.CDC_Transmit_FS
                0x080032a4       0x60 build/usbd_cdc_if.o
                0x080032a4                CDC_Transmit_FS
 .text.usb_printf
                0x08003304       0x30 build/usbd_cdc_if.o
                0x08003304                usb_printf
 .text.HAL_PCD_MspInit
                0x08003334       0x80 build/usbd_conf.o
                0x08003334                HAL_PCD_MspInit
 .text.HAL_PCD_SetupStageCallback
                0x080033b4       0x10 build/usbd_conf.o
                0x080033b4                HAL_PCD_SetupStageCallback
 .text.HAL_PCD_DataOutStageCallback
                0x080033c4       0x18 build/usbd_conf.o
                0x080033c4                HAL_PCD_DataOutStageCallback
 .text.HAL_PCD_DataInStageCallback
                0x080033dc       0x18 build/usbd_conf.o
                0x080033dc                HAL_PCD_DataInStageCallback
 .text.HAL_PCD_SOFCallback
                0x080033f4        0xc build/usbd_conf.o
                0x080033f4                HAL_PCD_SOFCallback
 .text.HAL_PCD_ResetCallback
                0x08003400       0x2c build/usbd_conf.o
                0x08003400                HAL_PCD_ResetCallback
 .text.HAL_PCD_SuspendCallback
                0x0800342c       0x30 build/usbd_conf.o
                0x0800342c                HAL_PCD_SuspendCallback
 .text.HAL_PCD_ResumeCallback
                0x0800345c        0xc build/usbd_conf.o
                0x0800345c                HAL_PCD_ResumeCallback
 .text.HAL_PCD_ISOOUTIncompleteCallback
                0x08003468        0xc build/usbd_conf.o
                0x08003468                HAL_PCD_ISOOUTIncompleteCallback
 .text.HAL_PCD_ISOINIncompleteCallback
                0x08003474        0xc build/usbd_conf.o
                0x08003474                HAL_PCD_ISOINIncompleteCallback
 .text.HAL_PCD_ConnectCallback
                0x08003480        0xc build/usbd_conf.o
                0x08003480                HAL_PCD_ConnectCallback
 .text.HAL_PCD_DisconnectCallback
                0x0800348c        0xc build/usbd_conf.o
                0x0800348c                HAL_PCD_DisconnectCallback
 .text.USBD_LL_Init
                0x08003498       0x68 build/usbd_conf.o
                0x08003498                USBD_LL_Init
 .text.USBD_LL_IsStallEP
                0x08003500       0x30 build/usbd_conf.o
                0x08003500                USBD_LL_IsStallEP
 .text.USBD_LL_GetRxDataSize
                0x08003530        0xc build/usbd_conf.o
                0x08003530                USBD_LL_GetRxDataSize
 .text.USBD_Get_USB_Status
                0x0800353c       0x14 build/usbd_conf.o
                0x0800353c                USBD_Get_USB_Status
 .text.USBD_LL_Start
                0x08003550       0x10 build/usbd_conf.o
                0x08003550                USBD_LL_Start
 .text.USBD_LL_OpenEP
                0x08003560       0x18 build/usbd_conf.o
                0x08003560                USBD_LL_OpenEP
 .text.USBD_LL_CloseEP
                0x08003578       0x10 build/usbd_conf.o
                0x08003578                USBD_LL_CloseEP
 .text.USBD_LL_StallEP
                0x08003588       0x10 build/usbd_conf.o
                0x08003588                USBD_LL_StallEP
 .text.USBD_LL_ClearStallEP
                0x08003598       0x10 build/usbd_conf.o
                0x08003598                USBD_LL_ClearStallEP
 .text.USBD_LL_SetUSBAddress
                0x080035a8       0x10 build/usbd_conf.o
                0x080035a8                USBD_LL_SetUSBAddress
 .text.USBD_LL_Transmit
                0x080035b8       0x10 build/usbd_conf.o
                0x080035b8                USBD_LL_Transmit
 .text.USBD_LL_PrepareReceive
                0x080035c8       0x10 build/usbd_conf.o
                0x080035c8                USBD_LL_PrepareReceive
 .text.PCD_WriteEmptyTxFifo
                0x080035d8       0xd4 build/stm32h7xx_hal_pcd.o
 .text.HAL_PCD_Init
                0x080036ac      0x134 build/stm32h7xx_hal_pcd.o
                0x080036ac                HAL_PCD_Init
 .text.HAL_PCD_Start
                0x080037e0       0x40 build/stm32h7xx_hal_pcd.o
                0x080037e0                HAL_PCD_Start
 .text.PCD_EP_OutXfrComplete_int
                0x08003820       0xfc build/stm32h7xx_hal_pcd.o
 .text.PCD_EP_OutSetupPacket_int
                0x0800391c       0x4c build/stm32h7xx_hal_pcd.o
 .text.HAL_PCD_IRQHandler
                0x08003968      0x488 build/stm32h7xx_hal_pcd.o
                0x08003968                HAL_PCD_IRQHandler
 .text.HAL_PCD_SetAddress
                0x08003df0       0x28 build/stm32h7xx_hal_pcd.o
                0x08003df0                HAL_PCD_SetAddress
 .text.HAL_PCD_EP_Open
                0x08003e18       0x80 build/stm32h7xx_hal_pcd.o
                0x08003e18                HAL_PCD_EP_Open
 .text.HAL_PCD_EP_Close
                0x08003e98       0x70 build/stm32h7xx_hal_pcd.o
                0x08003e98                HAL_PCD_EP_Close
 .text.HAL_PCD_EP_Receive
                0x08003f08       0x5c build/stm32h7xx_hal_pcd.o
                0x08003f08                HAL_PCD_EP_Receive
 .text.HAL_PCD_EP_GetRxCount
                0x08003f64       0x14 build/stm32h7xx_hal_pcd.o
                0x08003f64                HAL_PCD_EP_GetRxCount
 .text.HAL_PCD_EP_Transmit
                0x08003f78       0x54 build/stm32h7xx_hal_pcd.o
                0x08003f78                HAL_PCD_EP_Transmit
 .text.HAL_PCD_EP_SetStall
                0x08003fcc       0x80 build/stm32h7xx_hal_pcd.o
                0x08003fcc                HAL_PCD_EP_SetStall
 .text.HAL_PCD_EP_ClrStall
                0x0800404c       0x70 build/stm32h7xx_hal_pcd.o
                0x0800404c                HAL_PCD_EP_ClrStall
 .text.HAL_PCDEx_SetTxFiFo
                0x080040bc       0x48 build/stm32h7xx_hal_pcd_ex.o
                0x080040bc                HAL_PCDEx_SetTxFiFo
 .text.HAL_PCDEx_SetRxFiFo
                0x08004104        0x8 build/stm32h7xx_hal_pcd_ex.o
                0x08004104                HAL_PCDEx_SetRxFiFo
 .text.HAL_PCDEx_ActivateLPM
                0x0800410c       0x28 build/stm32h7xx_hal_pcd_ex.o
                0x0800410c                HAL_PCDEx_ActivateLPM
 .text.HAL_PCDEx_LPM_Callback
                0x08004134        0x4 build/stm32h7xx_hal_pcd_ex.o
                0x08004134                HAL_PCDEx_LPM_Callback
 .text.USB_CoreReset
                0x08004138       0x3c build/stm32h7xx_ll_usb.o
 .text.USB_CoreInit
                0x08004174       0x88 build/stm32h7xx_ll_usb.o
                0x08004174                USB_CoreInit
 .text.USB_SetTurnaroundTime
                0x080041fc       0xec build/stm32h7xx_ll_usb.o
                0x080041fc                USB_SetTurnaroundTime
 .text.USB_EnableGlobalInt
                0x080042e8        0xc build/stm32h7xx_ll_usb.o
                0x080042e8                USB_EnableGlobalInt
 .text.USB_DisableGlobalInt
                0x080042f4        0xc build/stm32h7xx_ll_usb.o
                0x080042f4                USB_DisableGlobalInt
 .text.USB_SetCurrentMode
                0x08004300       0x30 build/stm32h7xx_ll_usb.o
                0x08004300                USB_SetCurrentMode
 .text.USB_FlushTxFifo
                0x08004330       0x28 build/stm32h7xx_ll_usb.o
                0x08004330                USB_FlushTxFifo
 .text.USB_FlushRxFifo
                0x08004358       0x24 build/stm32h7xx_ll_usb.o
                0x08004358                USB_FlushRxFifo
 .text.USB_SetDevSpeed
                0x0800437c       0x10 build/stm32h7xx_ll_usb.o
                0x0800437c                USB_SetDevSpeed
 .text.USB_DevInit
                0x0800438c      0x18c build/stm32h7xx_ll_usb.o
                0x0800438c                USB_DevInit
 .text.USB_GetDevSpeed
                0x08004518       0x20 build/stm32h7xx_ll_usb.o
                0x08004518                USB_GetDevSpeed
 .text.USB_ActivateEndpoint
                0x08004538       0x94 build/stm32h7xx_ll_usb.o
                0x08004538                USB_ActivateEndpoint
 .text.USB_DeactivateEndpoint
                0x080045cc       0xd8 build/stm32h7xx_ll_usb.o
                0x080045cc                USB_DeactivateEndpoint
 .text.USB_EP0StartXfer
                0x080046a4      0x118 build/stm32h7xx_ll_usb.o
                0x080046a4                USB_EP0StartXfer
 .text.USB_WritePacket
                0x080047bc       0x2c build/stm32h7xx_ll_usb.o
                0x080047bc                USB_WritePacket
 .text.USB_EPStartXfer
                0x080047e8      0x208 build/stm32h7xx_ll_usb.o
                0x080047e8                USB_EPStartXfer
 .text.USB_ReadPacket
                0x080049f0       0x24 build/stm32h7xx_ll_usb.o
                0x080049f0                USB_ReadPacket
 .text.USB_EPSetStall
                0x08004a14       0x5c build/stm32h7xx_ll_usb.o
                0x08004a14                USB_EPSetStall
 .text.USB_EPClearStall
                0x08004a70       0x5c build/stm32h7xx_ll_usb.o
                0x08004a70                USB_EPClearStall
 .text.USB_SetDevAddress
                0x08004acc       0x20 build/stm32h7xx_ll_usb.o
                0x08004acc                USB_SetDevAddress
 .text.USB_DevConnect
                0x08004aec       0x18 build/stm32h7xx_ll_usb.o
                0x08004aec                USB_DevConnect
 .text.USB_DevDisconnect
                0x08004b04       0x18 build/stm32h7xx_ll_usb.o
                0x08004b04                USB_DevDisconnect
 .text.USB_ReadInterrupts
                0x08004b1c        0x8 build/stm32h7xx_ll_usb.o
                0x08004b1c                USB_ReadInterrupts
 .text.USB_ReadDevAllOutEpInterrupt
                0x08004b24       0x10 build/stm32h7xx_ll_usb.o
                0x08004b24                USB_ReadDevAllOutEpInterrupt
 .text.USB_ReadDevAllInEpInterrupt
                0x08004b34       0x10 build/stm32h7xx_ll_usb.o
                0x08004b34                USB_ReadDevAllInEpInterrupt
 .text.USB_ReadDevOutEPInterrupt
                0x08004b44       0x14 build/stm32h7xx_ll_usb.o
                0x08004b44                USB_ReadDevOutEPInterrupt
 .text.USB_ReadDevInEPInterrupt
                0x08004b58       0x2c build/stm32h7xx_ll_usb.o
                0x08004b58                USB_ReadDevInEPInterrupt
 .text.USB_GetMode
                0x08004b84        0x8 build/stm32h7xx_ll_usb.o
                0x08004b84                USB_GetMode
 .text.USB_ActivateSetup
                0x08004b8c       0x20 build/stm32h7xx_ll_usb.o
                0x08004b8c                USB_ActivateSetup
 .text.USB_EP0_OutStart
                0x08004bac       0x5c build/stm32h7xx_ll_usb.o
                0x08004bac                USB_EP0_OutStart
 .text.vListInitialise
                0x08004c08       0x18 build/list.o
                0x08004c08                vListInitialise
 .text.vListInitialiseItem
                0x08004c20        0x8 build/list.o
                0x08004c20                vListInitialiseItem
 .text.vListInsertEnd
                0x08004c28       0x18 build/list.o
                0x08004c28                vListInsertEnd
 .text.vListInsert
                0x08004c40       0x34 build/list.o
                0x08004c40                vListInsert
 .text.uxListRemove
                0x08004c74       0x28 build/list.o
                0x08004c74                uxListRemove
 .text.prvResetNextTaskUnblockTime
                0x08004c9c       0x2c build/tasks.o
 .text.prvInitialiseNewTask
                0x08004cc8       0x90 build/tasks.o
 .text.prvInitialiseTaskLists
                0x08004d58       0x68 build/tasks.o
 .text.prvAddNewTaskToReadyList
                0x08004dc0       0xa8 build/tasks.o
 .text.prvDeleteTCB
                0x08004e68       0x3c build/tasks.o
 .text.prvCheckTasksWaitingTermination
                0x08004ea4       0x44 build/tasks.o
 .text.prvIdleTask
                0x08004ee8       0x28 build/tasks.o
 .text.prvAddCurrentTaskToDelayedList
                0x08004f10       0xa0 build/tasks.o
 .text.xTaskCreateStatic
                0x08004fb0       0x84 build/tasks.o
                0x08004fb0                xTaskCreateStatic
 .text.xTaskCreate
                0x08005034       0x68 build/tasks.o
                0x08005034                xTaskCreate
 .text.vTaskStartScheduler
                0x0800509c       0x74 build/tasks.o
                0x0800509c                vTaskStartScheduler
 .text.vTaskSuspendAll
                0x08005110       0x10 build/tasks.o
                0x08005110                vTaskSuspendAll
 .text.xTaskIncrementTick
                0x08005120      0x11c build/tasks.o
                0x08005120                xTaskIncrementTick
 .text.xTaskResumeAll
                0x0800523c       0xf8 build/tasks.o
                0x0800523c                xTaskResumeAll
 .text.vTaskDelay
                0x08005334       0x50 build/tasks.o
                0x08005334                vTaskDelay
 .text.vTaskSwitchContext
                0x08005384       0x94 build/tasks.o
                0x08005384                vTaskSwitchContext
 .text.makeFreeRtosPriority
                0x08005418        0xc build/cmsis_os.o
 .text.osKernelStart
                0x08005424        0xc build/cmsis_os.o
                0x08005424                osKernelStart
 .text.osThreadCreate
                0x08005430       0x6c build/cmsis_os.o
                0x08005430                osThreadCreate
 .text.osDelay  0x0800549c       0x10 build/cmsis_os.o
                0x0800549c                osDelay
 .text.prvHeapInit
                0x080054ac       0x64 build/heap_4.o
 .text.prvInsertBlockIntoFreeList
                0x08005510       0x58 build/heap_4.o
 .text.pvPortMalloc
                0x08005568      0x104 build/heap_4.o
                0x08005568                pvPortMalloc
 .text.vPortFree
                0x0800566c       0x78 build/heap_4.o
                0x0800566c                vPortFree
 .text.prvTaskExitError
                0x080056e4       0x40 build/port.o
 .text.prvPortStartFirstTask
                0x08005724       0x28 build/port.o
 .text.vPortEnableVFP
                0x0800574c       0x14 build/port.o
 .text.pxPortInitialiseStack
                0x08005760       0x2c build/port.o
                0x08005760                pxPortInitialiseStack
 *fill*         0x0800578c        0x4 
 .text.SVC_Handler
                0x08005790       0x24 build/port.o
                0x08005790                SVC_Handler
 .text.vPortEnterCritical
                0x080057b4       0x44 build/port.o
                0x080057b4                vPortEnterCritical
 .text.vPortExitCritical
                0x080057f8       0x2c build/port.o
                0x080057f8                vPortExitCritical
 *fill*         0x08005824        0xc 
 .text.PendSV_Handler
                0x08005830       0x64 build/port.o
                0x08005830                PendSV_Handler
 .text.SysTick_Handler
                0x08005894       0x2c build/port.o
                0x08005894                SysTick_Handler
 .text.vPortSetupTimerInterrupt
                0x080058c0       0x38 build/port.o
                0x080058c0                vPortSetupTimerInterrupt
 .text.xPortStartScheduler
                0x080058f8      0x110 build/port.o
                0x080058f8                xPortStartScheduler
 .text.USBD_Init
                0x08005a08       0x38 build/usbd_core.o
                0x08005a08                USBD_Init
 .text.USBD_RegisterClass
                0x08005a40       0x28 build/usbd_core.o
                0x08005a40                USBD_RegisterClass
 .text.USBD_Start
                0x08005a68        0x8 build/usbd_core.o
                0x08005a68                USBD_Start
 .text.USBD_SetClassConfig
                0x08005a70       0x14 build/usbd_core.o
                0x08005a70                USBD_SetClassConfig
 .text.USBD_ClrClassConfig
                0x08005a84       0x10 build/usbd_core.o
                0x08005a84                USBD_ClrClassConfig
 .text.USBD_LL_SetupStage
                0x08005a94       0x5c build/usbd_core.o
                0x08005a94                USBD_LL_SetupStage
 .text.USBD_LL_DataOutStage
                0x08005af0       0x78 build/usbd_core.o
                0x08005af0                USBD_LL_DataOutStage
 .text.USBD_LL_DataInStage
                0x08005b68       0xbc build/usbd_core.o
                0x08005b68                USBD_LL_DataInStage
 .text.USBD_LL_Reset
                0x08005c24       0x54 build/usbd_core.o
                0x08005c24                USBD_LL_Reset
 .text.USBD_LL_SetSpeed
                0x08005c78        0x8 build/usbd_core.o
                0x08005c78                USBD_LL_SetSpeed
 .text.USBD_LL_Suspend
                0x08005c80       0x14 build/usbd_core.o
                0x08005c80                USBD_LL_Suspend
 .text.USBD_LL_Resume
                0x08005c94       0x14 build/usbd_core.o
                0x08005c94                USBD_LL_Resume
 .text.USBD_LL_SOF
                0x08005ca8       0x18 build/usbd_core.o
                0x08005ca8                USBD_LL_SOF
 .text.USBD_LL_IsoINIncomplete
                0x08005cc0        0x4 build/usbd_core.o
                0x08005cc0                USBD_LL_IsoINIncomplete
 .text.USBD_LL_IsoOUTIncomplete
                0x08005cc4        0x4 build/usbd_core.o
                0x08005cc4                USBD_LL_IsoOUTIncomplete
 .text.USBD_LL_DevConnected
                0x08005cc8        0x4 build/usbd_core.o
                0x08005cc8                USBD_LL_DevConnected
 .text.USBD_LL_DevDisconnected
                0x08005ccc       0x18 build/usbd_core.o
                0x08005ccc                USBD_LL_DevDisconnected
 .text.USBD_GetLen
                0x08005ce4       0x14 build/usbd_ctlreq.o
 .text.USBD_SetFeature
                0x08005cf8       0x14 build/usbd_ctlreq.o
 .text.USBD_ParseSetupRequest
                0x08005d0c       0x28 build/usbd_ctlreq.o
                0x08005d0c                USBD_ParseSetupRequest
 .text.USBD_CtlError
                0x08005d34       0x14 build/usbd_ctlreq.o
                0x08005d34                USBD_CtlError
 .text.USBD_GetDescriptor
                0x08005d48      0x1c4 build/usbd_ctlreq.o
 .text.USBD_SetAddress
                0x08005f0c       0x50 build/usbd_ctlreq.o
 .text.USBD_SetConfig
                0x08005f5c       0xd0 build/usbd_ctlreq.o
 .text.USBD_GetConfig
                0x0800602c       0x40 build/usbd_ctlreq.o
 .text.USBD_GetStatus
                0x0800606c       0x38 build/usbd_ctlreq.o
 .text.USBD_ClrFeature
                0x080060a4       0x24 build/usbd_ctlreq.o
 .text.USBD_StdDevReq
                0x080060c8       0x7c build/usbd_ctlreq.o
                0x080060c8                USBD_StdDevReq
 .text.USBD_StdItfReq
                0x08006144       0x64 build/usbd_ctlreq.o
                0x08006144                USBD_StdItfReq
 .text.USBD_StdEPReq
                0x080061a8      0x210 build/usbd_ctlreq.o
                0x080061a8                USBD_StdEPReq
 .text.USBD_GetString
                0x080063b8       0x38 build/usbd_ctlreq.o
                0x080063b8                USBD_GetString
 .text.USBD_CtlSendData
                0x080063f0       0x1c build/usbd_ioreq.o
                0x080063f0                USBD_CtlSendData
 .text.USBD_CtlContinueSendData
                0x0800640c       0x10 build/usbd_ioreq.o
                0x0800640c                USBD_CtlContinueSendData
 .text.USBD_CtlPrepareRx
                0x0800641c       0x20 build/usbd_ioreq.o
                0x0800641c                USBD_CtlPrepareRx
 .text.USBD_CtlContinueRx
                0x0800643c       0x10 build/usbd_ioreq.o
                0x0800643c                USBD_CtlContinueRx
 .text.USBD_CtlSendStatus
                0x0800644c       0x18 build/usbd_ioreq.o
                0x0800644c                USBD_CtlSendStatus
 .text.USBD_CtlReceiveStatus
                0x08006464       0x18 build/usbd_ioreq.o
                0x08006464                USBD_CtlReceiveStatus
 .text.USBD_CDC_EP0_RxReady
                0x0800647c       0x28 build/usbd_cdc.o
 .text.USBD_CDC_GetFSCfgDesc
                0x080064a4        0xc build/usbd_cdc.o
 .text.USBD_CDC_GetHSCfgDesc
                0x080064b0        0xc build/usbd_cdc.o
 .text.USBD_CDC_GetOtherSpeedCfgDesc
                0x080064bc        0xc build/usbd_cdc.o
 .text.USBD_CDC_GetDeviceQualifierDescriptor
                0x080064c8        0xc build/usbd_cdc.o
                0x080064c8                USBD_CDC_GetDeviceQualifierDescriptor
 .text.USBD_CDC_DataOut
                0x080064d4       0x2c build/usbd_cdc.o
 .text.USBD_CDC_DataIn
                0x08006500       0x64 build/usbd_cdc.o
 .text.USBD_CDC_Setup
                0x08006564       0xe8 build/usbd_cdc.o
 .text.USBD_CDC_DeInit
                0x0800664c       0x48 build/usbd_cdc.o
 .text.USBD_CDC_Init
                0x08006694       0xc4 build/usbd_cdc.o
 .text.USBD_CDC_RegisterInterface
                0x08006758       0x10 build/usbd_cdc.o
                0x08006758                USBD_CDC_RegisterInterface
 .text.USBD_CDC_SetTxBuffer
                0x08006768       0x10 build/usbd_cdc.o
                0x08006768                USBD_CDC_SetTxBuffer
 .text.USBD_CDC_SetRxBuffer
                0x08006778        0xc build/usbd_cdc.o
                0x08006778                USBD_CDC_SetRxBuffer
 .text.USBD_CDC_TransmitPacket
                0x08006784       0x34 build/usbd_cdc.o
                0x08006784                USBD_CDC_TransmitPacket
 .text.USBD_CDC_ReceivePacket
                0x080067b8       0x34 build/usbd_cdc.o
                0x080067b8                USBD_CDC_ReceivePacket
 .text.MX_USART1_UART_Init
                0x080067ec       0x60 build/usart.o
                0x080067ec                MX_USART1_UART_Init
 .text.HAL_UART_MspInit
                0x0800684c       0x84 build/usart.o
                0x0800684c                HAL_UART_MspInit
 .text.UART_EndRxTransfer
                0x080068d0       0x24 build/stm32h7xx_hal_uart.o
 .text.HAL_UART_TxCpltCallback
                0x080068f4        0x4 build/stm32h7xx_hal_uart.o
                0x080068f4                HAL_UART_TxCpltCallback
 .text.UART_EndTransmit_IT
                0x080068f8       0x1c build/stm32h7xx_hal_uart.o
 .text.HAL_UART_ErrorCallback
                0x08006914        0x4 build/stm32h7xx_hal_uart.o
                0x08006914                HAL_UART_ErrorCallback
 .text.HAL_UART_IRQHandler
                0x08006918      0x1e0 build/stm32h7xx_hal_uart.o
                0x08006918                HAL_UART_IRQHandler
 .text.UART_DMAAbortOnError
                0x08006af8       0x14 build/stm32h7xx_hal_uart.o
 .text.UART_SetConfig
                0x08006b0c      0x5f4 build/stm32h7xx_hal_uart.o
                0x08006b0c                UART_SetConfig
 .text.UART_AdvFeatureConfig
                0x08007100       0xc8 build/stm32h7xx_hal_uart.o
                0x08007100                UART_AdvFeatureConfig
 .text.UART_WaitOnFlagUntilTimeout
                0x080071c8       0xac build/stm32h7xx_hal_uart.o
                0x080071c8                UART_WaitOnFlagUntilTimeout
 .text.UART_CheckIdleState
                0x08007274       0x70 build/stm32h7xx_hal_uart.o
                0x08007274                UART_CheckIdleState
 .text.HAL_UART_Init
                0x080072e4       0x64 build/stm32h7xx_hal_uart.o
                0x080072e4                HAL_UART_Init
 .text.UARTEx_SetNbDataToProcess
                0x08007348       0x70 build/stm32h7xx_hal_uart_ex.o
 .text.HAL_UARTEx_WakeupCallback
                0x080073b8        0x4 build/stm32h7xx_hal_uart_ex.o
                0x080073b8                HAL_UARTEx_WakeupCallback
 .text.HAL_UARTEx_RxFifoFullCallback
                0x080073bc        0x4 build/stm32h7xx_hal_uart_ex.o
                0x080073bc                HAL_UARTEx_RxFifoFullCallback
 .text.HAL_UARTEx_TxFifoEmptyCallback
                0x080073c0        0x4 build/stm32h7xx_hal_uart_ex.o
                0x080073c0                HAL_UARTEx_TxFifoEmptyCallback
 .text.HAL_UARTEx_DisableFifoMode
                0x080073c4       0x40 build/stm32h7xx_hal_uart_ex.o
                0x080073c4                HAL_UARTEx_DisableFifoMode
 .text.HAL_UARTEx_SetTxFifoThreshold
                0x08007404       0x4c build/stm32h7xx_hal_uart_ex.o
                0x08007404                HAL_UARTEx_SetTxFifoThreshold
 .text.HAL_UARTEx_SetRxFifoThreshold
                0x08007450       0x4c build/stm32h7xx_hal_uart_ex.o
                0x08007450                HAL_UARTEx_SetRxFifoThreshold
 .text.Reset_Handler
                0x0800749c       0x50 build/startup_stm32h750xx.o
                0x0800749c                Reset_Handler
 .text.Default_Handler
                0x080074ec        0x2 build/startup_stm32h750xx.o
                0x080074ec                RTC_Alarm_IRQHandler
                0x080074ec                HASH_RNG_IRQHandler
                0x080074ec                EXTI2_IRQHandler
                0x080074ec                TIM8_CC_IRQHandler
                0x080074ec                HRTIM1_Master_IRQHandler
                0x080074ec                UART8_IRQHandler
                0x080074ec                SPI4_IRQHandler
                0x080074ec                TIM1_CC_IRQHandler
                0x080074ec                BDMA_Channel6_IRQHandler
                0x080074ec                DMA2_Stream5_IRQHandler
                0x080074ec                HRTIM1_FLT_IRQHandler
                0x080074ec                JPEG_IRQHandler
                0x080074ec                DMA1_Stream5_IRQHandler
                0x080074ec                BDMA_Channel1_IRQHandler
                0x080074ec                HRTIM1_TIMD_IRQHandler
                0x080074ec                TAMP_STAMP_IRQHandler
                0x080074ec                EXTI3_IRQHandler
                0x080074ec                LPTIM4_IRQHandler
                0x080074ec                TIM8_TRG_COM_TIM14_IRQHandler
                0x080074ec                LPTIM2_IRQHandler
                0x080074ec                DFSDM1_FLT1_IRQHandler
                0x080074ec                DMAMUX2_OVR_IRQHandler
                0x080074ec                TIM8_UP_TIM13_IRQHandler
                0x080074ec                I2C3_ER_IRQHandler
                0x080074ec                DFSDM1_FLT2_IRQHandler
                0x080074ec                MDMA_IRQHandler
                0x080074ec                LPTIM3_IRQHandler
                0x080074ec                HSEM1_IRQHandler
                0x080074ec                EXTI0_IRQHandler
                0x080074ec                I2C2_EV_IRQHandler
                0x080074ec                DMA1_Stream2_IRQHandler
                0x080074ec                FPU_IRQHandler
                0x080074ec                OTG_HS_WKUP_IRQHandler
                0x080074ec                FDCAN1_IT1_IRQHandler
                0x080074ec                LTDC_ER_IRQHandler
                0x080074ec                DMA2_Stream2_IRQHandler
                0x080074ec                HRTIM1_TIME_IRQHandler
                0x080074ec                SPI1_IRQHandler
                0x080074ec                DCMI_IRQHandler
                0x080074ec                HRTIM1_TIMC_IRQHandler
                0x080074ec                DMA2_Stream3_IRQHandler
                0x080074ec                SAI2_IRQHandler
                0x080074ec                DFSDM1_FLT3_IRQHandler
                0x080074ec                USART6_IRQHandler
                0x080074ec                TIM17_IRQHandler
                0x080074ec                USART3_IRQHandler
                0x080074ec                BDMA_Channel7_IRQHandler
                0x080074ec                CRYP_IRQHandler
                0x080074ec                LPTIM5_IRQHandler
                0x080074ec                UART5_IRQHandler
                0x080074ec                ADC3_IRQHandler
                0x080074ec                DMA2_Stream0_IRQHandler
                0x080074ec                TIM4_IRQHandler
                0x080074ec                BDMA_Channel2_IRQHandler
                0x080074ec                QUADSPI_IRQHandler
                0x080074ec                I2C1_EV_IRQHandler
                0x080074ec                DMA1_Stream6_IRQHandler
                0x080074ec                DMAMUX1_OVR_IRQHandler
                0x080074ec                DMA1_Stream1_IRQHandler
                0x080074ec                TIM16_IRQHandler
                0x080074ec                UART4_IRQHandler
                0x080074ec                BDMA_Channel5_IRQHandler
                0x080074ec                TIM3_IRQHandler
                0x080074ec                RCC_IRQHandler
                0x080074ec                TIM8_BRK_TIM12_IRQHandler
                0x080074ec                TIM1_TRG_COM_IRQHandler
                0x080074ec                Default_Handler
                0x080074ec                ECC_IRQHandler
                0x080074ec                CEC_IRQHandler
                0x080074ec                EXTI15_10_IRQHandler
                0x080074ec                BDMA_Channel0_IRQHandler
                0x080074ec                ADC_IRQHandler
                0x080074ec                DMA1_Stream7_IRQHandler
                0x080074ec                HRTIM1_TIMA_IRQHandler
                0x080074ec                SPI5_IRQHandler
                0x080074ec                TIM7_IRQHandler
                0x080074ec                SDMMC1_IRQHandler
                0x080074ec                TIM5_IRQHandler
                0x080074ec                DMA2_Stream7_IRQHandler
                0x080074ec                TIM15_IRQHandler
                0x080074ec                PVD_AVD_IRQHandler
                0x080074ec                I2C3_EV_IRQHandler
                0x080074ec                EXTI9_5_IRQHandler
                0x080074ec                RTC_WKUP_IRQHandler
                0x080074ec                LTDC_IRQHandler
                0x080074ec                SAI3_IRQHandler
                0x080074ec                ETH_WKUP_IRQHandler
                0x080074ec                SPDIF_RX_IRQHandler
                0x080074ec                SPI2_IRQHandler
                0x080074ec                OTG_HS_EP1_IN_IRQHandler
                0x080074ec                DMA1_Stream0_IRQHandler
                0x080074ec                CRS_IRQHandler
                0x080074ec                EXTI4_IRQHandler
                0x080074ec                HRTIM1_TIMB_IRQHandler
                0x080074ec                FDCAN2_IT1_IRQHandler
                0x080074ec                ETH_IRQHandler
                0x080074ec                TIM1_UP_IRQHandler
                0x080074ec                BDMA_Channel4_IRQHandler
                0x080074ec                OTG_HS_EP1_OUT_IRQHandler
                0x080074ec                WWDG_IRQHandler
                0x080074ec                SPI6_IRQHandler
                0x080074ec                MDIOS_IRQHandler
                0x080074ec                I2C4_EV_IRQHandler
                0x080074ec                FDCAN2_IT0_IRQHandler
                0x080074ec                LPUART1_IRQHandler
                0x080074ec                FDCAN1_IT0_IRQHandler
                0x080074ec                TIM2_IRQHandler
                0x080074ec                OTG_FS_WKUP_IRQHandler
                0x080074ec                OTG_HS_IRQHandler
                0x080074ec                DMA2D_IRQHandler
                0x080074ec                TIM1_BRK_IRQHandler
                0x080074ec                EXTI1_IRQHandler
                0x080074ec                SDMMC2_IRQHandler
                0x080074ec                OTG_FS_EP1_OUT_IRQHandler
                0x080074ec                BDMA_Channel3_IRQHandler
                0x080074ec                UART7_IRQHandler
                0x080074ec                MDIOS_WKUP_IRQHandler
                0x080074ec                USART2_IRQHandler
                0x080074ec                DFSDM1_FLT0_IRQHandler
                0x080074ec                SAI4_IRQHandler
                0x080074ec                I2C2_ER_IRQHandler
                0x080074ec                DMA2_Stream1_IRQHandler
                0x080074ec                FLASH_IRQHandler
                0x080074ec                DMA2_Stream4_IRQHandler
                0x080074ec                SPI3_IRQHandler
                0x080074ec                WAKEUP_PIN_IRQHandler
                0x080074ec                DMA1_Stream4_IRQHandler
                0x080074ec                OTG_FS_EP1_IN_IRQHandler
                0x080074ec                I2C1_ER_IRQHandler
                0x080074ec                FMC_IRQHandler
                0x080074ec                FDCAN_CAL_IRQHandler
                0x080074ec                SWPMI1_IRQHandler
                0x080074ec                COMP1_IRQHandler
                0x080074ec                LPTIM1_IRQHandler
                0x080074ec                I2C4_ER_IRQHandler
                0x080074ec                DMA2_Stream6_IRQHandler
                0x080074ec                SAI1_IRQHandler
                0x080074ec                DMA1_Stream3_IRQHandler
 *fill*         0x080074ee        0x2 
 .text.__libc_init_array
                0x080074f0       0x4c d:/program files (x86)/gnu tools arm embedded/5.4 2016q3/bin/../lib/gcc/arm-none-eabi/5.4.1/../../../../arm-none-eabi/lib/armv7e-m/fpu/fpv5-d16\libc_nano.a(lib_a-init.o)
                0x080074f0                __libc_init_array
 .text.malloc   0x0800753c       0x10 d:/program files (x86)/gnu tools arm embedded/5.4 2016q3/bin/../lib/gcc/arm-none-eabi/5.4.1/../../../../arm-none-eabi/lib/armv7e-m/fpu/fpv5-d16\libc_nano.a(lib_a-malloc.o)
                0x0800753c                malloc
 .text.free     0x0800754c       0x10 d:/program files (x86)/gnu tools arm embedded/5.4 2016q3/bin/../lib/gcc/arm-none-eabi/5.4.1/../../../../arm-none-eabi/lib/armv7e-m/fpu/fpv5-d16\libc_nano.a(lib_a-malloc.o)
                0x0800754c                free
 .text.memcpy   0x0800755c       0x16 d:/program files (x86)/gnu tools arm embedded/5.4 2016q3/bin/../lib/gcc/arm-none-eabi/5.4.1/../../../../arm-none-eabi/lib/armv7e-m/fpu/fpv5-d16\libc_nano.a(lib_a-memcpy-stub.o)
                0x0800755c                memcpy
 .text.memset   0x08007572       0x10 d:/program files (x86)/gnu tools arm embedded/5.4 2016q3/bin/../lib/gcc/arm-none-eabi/5.4.1/../../../../arm-none-eabi/lib/armv7e-m/fpu/fpv5-d16\libc_nano.a(lib_a-memset.o)
                0x08007572                memset
 *fill*         0x08007582        0x2 
 .text._free_r  0x08007584       0x9c d:/program files (x86)/gnu tools arm embedded/5.4 2016q3/bin/../lib/gcc/arm-none-eabi/5.4.1/../../../../arm-none-eabi/lib/armv7e-m/fpu/fpv5-d16\libc_nano.a(lib_a-nano-freer.o)
                0x08007584                _free_r
 .text._malloc_r
                0x08007620       0xbc d:/program files (x86)/gnu tools arm embedded/5.4 2016q3/bin/../lib/gcc/arm-none-eabi/5.4.1/../../../../arm-none-eabi/lib/armv7e-m/fpu/fpv5-d16\libc_nano.a(lib_a-nano-mallocr.o)
                0x08007620                _malloc_r
 .text._sbrk_r  0x080076dc       0x20 d:/program files (x86)/gnu tools arm embedded/5.4 2016q3/bin/../lib/gcc/arm-none-eabi/5.4.1/../../../../arm-none-eabi/lib/armv7e-m/fpu/fpv5-d16\libc_nano.a(lib_a-sbrkr.o)
                0x080076dc                _sbrk_r
 .text._vsnprintf_r
                0x080076fc       0x56 d:/program files (x86)/gnu tools arm embedded/5.4 2016q3/bin/../lib/gcc/arm-none-eabi/5.4.1/../../../../arm-none-eabi/lib/armv7e-m/fpu/fpv5-d16\libc_nano.a(lib_a-vsnprintf.o)
                0x080076fc                _vsniprintf_r
                0x080076fc                _vsnprintf_r
 *fill*         0x08007752        0x2 
 .text.vsnprintf
                0x08007754       0x1c d:/program files (x86)/gnu tools arm embedded/5.4 2016q3/bin/../lib/gcc/arm-none-eabi/5.4.1/../../../../arm-none-eabi/lib/armv7e-m/fpu/fpv5-d16\libc_nano.a(lib_a-vsnprintf.o)
                0x08007754                vsniprintf
                0x08007754                vsnprintf
 .text.__malloc_lock
                0x08007770        0x2 d:/program files (x86)/gnu tools arm embedded/5.4 2016q3/bin/../lib/gcc/arm-none-eabi/5.4.1/../../../../arm-none-eabi/lib/armv7e-m/fpu/fpv5-d16\libc_nano.a(lib_a-mlock.o)
                0x08007770                __malloc_lock
 .text.__malloc_unlock
                0x08007772        0x2 d:/program files (x86)/gnu tools arm embedded/5.4 2016q3/bin/../lib/gcc/arm-none-eabi/5.4.1/../../../../arm-none-eabi/lib/armv7e-m/fpu/fpv5-d16\libc_nano.a(lib_a-mlock.o)
                0x08007772                __malloc_unlock
 .text.__ssputs_r
                0x08007774       0xb2 d:/program files (x86)/gnu tools arm embedded/5.4 2016q3/bin/../lib/gcc/arm-none-eabi/5.4.1/../../../../arm-none-eabi/lib/armv7e-m/fpu/fpv5-d16\libc_nano.a(lib_a-nano-svfprintf.o)
                0x08007774                __ssputs_r
 *fill*         0x08007826        0x2 
 .text._svfprintf_r
                0x08007828      0x1e8 d:/program files (x86)/gnu tools arm embedded/5.4 2016q3/bin/../lib/gcc/arm-none-eabi/5.4.1/../../../../arm-none-eabi/lib/armv7e-m/fpu/fpv5-d16\libc_nano.a(lib_a-nano-svfprintf.o)
                0x08007828                _svfiprintf_r
                0x08007828                _svfprintf_r
 .text._printf_common
                0x08007a10       0xec d:/program files (x86)/gnu tools arm embedded/5.4 2016q3/bin/../lib/gcc/arm-none-eabi/5.4.1/../../../../arm-none-eabi/lib/armv7e-m/fpu/fpv5-d16\libc_nano.a(lib_a-nano-vfprintf_i.o)
                0x08007a10                _printf_common
 .text._printf_i
                0x08007afc      0x24c d:/program files (x86)/gnu tools arm embedded/5.4 2016q3/bin/../lib/gcc/arm-none-eabi/5.4.1/../../../../arm-none-eabi/lib/armv7e-m/fpu/fpv5-d16\libc_nano.a(lib_a-nano-vfprintf_i.o)
                0x08007afc                _printf_i
 .text.memmove  0x08007d48       0x36 d:/program files (x86)/gnu tools arm embedded/5.4 2016q3/bin/../lib/gcc/arm-none-eabi/5.4.1/../../../../arm-none-eabi/lib/armv7e-m/fpu/fpv5-d16\libc_nano.a(lib_a-memmove.o)
                0x08007d48                memmove
 .text._realloc_r
                0x08007d7e       0x4c d:/program files (x86)/gnu tools arm embedded/5.4 2016q3/bin/../lib/gcc/arm-none-eabi/5.4.1/../../../../arm-none-eabi/lib/armv7e-m/fpu/fpv5-d16\libc_nano.a(lib_a-nano-reallocr.o)
                0x08007d7e                _realloc_r
 .text._malloc_usable_size_r
                0x08007dca       0x14 d:/program files (x86)/gnu tools arm embedded/5.4 2016q3/bin/../lib/gcc/arm-none-eabi/5.4.1/../../../../arm-none-eabi/lib/armv7e-m/fpu/fpv5-d16\libc_nano.a(lib_a-nano-msizer.o)
                0x08007dca                _malloc_usable_size_r
 *fill*         0x08007dde        0x2 
 .text._sbrk    0x08007de0       0x1c d:/program files (x86)/gnu tools arm embedded/5.4 2016q3/bin/../lib/gcc/arm-none-eabi/5.4.1/../../../../arm-none-eabi/lib/armv7e-m/fpu/fpv5-d16\libnosys.a(sbrk.o)
                0x08007de0                _sbrk
 *(.glue_7)
 .glue_7        0x08007dfc        0x0 linker stubs
 *(.glue_7t)
 .glue_7t       0x08007dfc        0x0 linker stubs
 *(.eh_frame)
 .eh_frame      0x08007dfc        0x0 d:/program files (x86)/gnu tools arm embedded/5.4 2016q3/bin/../lib/gcc/arm-none-eabi/5.4.1/armv7e-m/fpu/fpv5-d16/crtbegin.o
 *(.init)
 .init          0x08007dfc        0x4 d:/program files (x86)/gnu tools arm embedded/5.4 2016q3/bin/../lib/gcc/arm-none-eabi/5.4.1/armv7e-m/fpu/fpv5-d16/crti.o
                0x08007dfc                _init
 .init          0x08007e00        0x8 d:/program files (x86)/gnu tools arm embedded/5.4 2016q3/bin/../lib/gcc/arm-none-eabi/5.4.1/armv7e-m/fpu/fpv5-d16/crtn.o
 *(.fini)
 .fini          0x08007e08        0x4 d:/program files (x86)/gnu tools arm embedded/5.4 2016q3/bin/../lib/gcc/arm-none-eabi/5.4.1/armv7e-m/fpu/fpv5-d16/crti.o
                0x08007e08                _fini
 .fini          0x08007e0c        0x8 d:/program files (x86)/gnu tools arm embedded/5.4 2016q3/bin/../lib/gcc/arm-none-eabi/5.4.1/armv7e-m/fpu/fpv5-d16/crtn.o
                0x08007e14                . = ALIGN (0x4)
                0x08007e14                _etext = .

.vfp11_veneer   0x08007e14        0x0
 .vfp11_veneer  0x08007e14        0x0 linker stubs

.v4_bx          0x08007e14        0x0
 .v4_bx         0x08007e14        0x0 linker stubs

.iplt           0x08007e14        0x0
 .iplt          0x08007e14        0x0 d:/program files (x86)/gnu tools arm embedded/5.4 2016q3/bin/../lib/gcc/arm-none-eabi/5.4.1/armv7e-m/fpu/fpv5-d16/crtbegin.o

.rodata         0x08007e14    0x61bd0
                0x08007e14                . = ALIGN (0x4)
 *(.rodata)
 .rodata        0x08007e14       0x1c build/freertos.o
 .rodata        0x08007e30       0x10 build/stm32h7xx_hal_uart_ex.o
 *(.rodata*)
 .rodata.D1CorePrescTable
                0x08007e40       0x10 build/system_stm32h7xx.o
                0x08007e40                D1CorePrescTable
 .rodata.test   0x08007e50    0x61a80 build/freertos.o
                0x08007e50                test
 .rodata.str1.4
                0x080698d0       0x18 build/freertos.o
 .rodata.str1.4
                0x080698e8       0x46 build/usbd_desc.o
 *fill*         0x0806992e        0x2 
 .rodata.str1.4
                0x08069930        0x8 build/tasks.o
                                  0x5 (size before relaxing)
 .rodata.UARTPrescTable
                0x08069938       0x18 build/stm32h7xx_hal_uart.o
                0x08069938                UARTPrescTable
 .rodata.__sf_fake_stdin
                0x08069950       0x20 d:/program files (x86)/gnu tools arm embedded/5.4 2016q3/bin/../lib/gcc/arm-none-eabi/5.4.1/../../../../arm-none-eabi/lib/armv7e-m/fpu/fpv5-d16\libc_nano.a(lib_a-findfp.o)
                0x08069950                __sf_fake_stdin
 .rodata.__sf_fake_stdout
                0x08069970       0x20 d:/program files (x86)/gnu tools arm embedded/5.4 2016q3/bin/../lib/gcc/arm-none-eabi/5.4.1/../../../../arm-none-eabi/lib/armv7e-m/fpu/fpv5-d16\libc_nano.a(lib_a-findfp.o)
                0x08069970                __sf_fake_stdout
 .rodata.__sf_fake_stderr
                0x08069990       0x20 d:/program files (x86)/gnu tools arm embedded/5.4 2016q3/bin/../lib/gcc/arm-none-eabi/5.4.1/../../../../arm-none-eabi/lib/armv7e-m/fpu/fpv5-d16\libc_nano.a(lib_a-findfp.o)
                0x08069990                __sf_fake_stderr
 .rodata.str1.1
                0x080699b0       0x11 d:/program files (x86)/gnu tools arm embedded/5.4 2016q3/bin/../lib/gcc/arm-none-eabi/5.4.1/../../../../arm-none-eabi/lib/armv7e-m/fpu/fpv5-d16\libc_nano.a(lib_a-nano-svfprintf.o)
 .rodata.str1.1
                0x080699c1       0x22 d:/program files (x86)/gnu tools arm embedded/5.4 2016q3/bin/../lib/gcc/arm-none-eabi/5.4.1/../../../../arm-none-eabi/lib/armv7e-m/fpu/fpv5-d16\libc_nano.a(lib_a-nano-vfprintf_i.o)
                0x080699e4                . = ALIGN (0x4)
 *fill*         0x080699e3        0x1 

.ARM.extab
 *(.ARM.extab* .gnu.linkonce.armextab.*)

.ARM            0x080699e4        0x8
                0x080699e4                __exidx_start = .
 *(.ARM.exidx*)
 .ARM.exidx     0x080699e4        0x8 d:/program files (x86)/gnu tools arm embedded/5.4 2016q3/bin/../lib/gcc/arm-none-eabi/5.4.1/armv7e-m/fpu/fpv5-d16\libgcc.a(_udivmoddi4.o)
                0x080699ec                __exidx_end = .

.rel.dyn        0x080699ec        0x0
 .rel.iplt      0x080699ec        0x0 d:/program files (x86)/gnu tools arm embedded/5.4 2016q3/bin/../lib/gcc/arm-none-eabi/5.4.1/armv7e-m/fpu/fpv5-d16/crtbegin.o

.preinit_array  0x080699ec        0x0
                0x080699ec                PROVIDE (__preinit_array_start, .)
 *(.preinit_array*)
                0x080699ec                PROVIDE (__preinit_array_end, .)

.init_array     0x080699ec        0x4
                0x080699ec                PROVIDE (__init_array_start, .)
 *(SORT(.init_array.*))
 *(.init_array*)
 .init_array    0x080699ec        0x4 d:/program files (x86)/gnu tools arm embedded/5.4 2016q3/bin/../lib/gcc/arm-none-eabi/5.4.1/armv7e-m/fpu/fpv5-d16/crtbegin.o
                0x080699f0                PROVIDE (__init_array_end, .)

.fini_array     0x080699f0        0x4
                [!provide]                PROVIDE (__fini_array_start, .)
 *(SORT(.fini_array.*))
 *(.fini_array*)
 .fini_array    0x080699f0        0x4 d:/program files (x86)/gnu tools arm embedded/5.4 2016q3/bin/../lib/gcc/arm-none-eabi/5.4.1/armv7e-m/fpu/fpv5-d16/crtbegin.o
                [!provide]                PROVIDE (__fini_array_end, .)
                0x080699f4                _sidata = LOADADDR (.data)

.data           0x20000000      0x1ec load address 0x080699f4
                0x20000000                . = ALIGN (0x4)
                0x20000000                _sdata = .
 *(.data)
 *(.data*)
 .data.uwTickPrio
                0x20000000        0x4 build/stm32h7xx_hal.o
                0x20000000                uwTickPrio
 .data.uwTickFreq
                0x20000004        0x1 build/stm32h7xx_hal.o
                0x20000004                uwTickFreq
 *fill*         0x20000005        0x3 
 .data.SystemD2Clock
                0x20000008        0x4 build/system_stm32h7xx.o
                0x20000008                SystemD2Clock
 .data.SystemCoreClock
                0x2000000c        0x4 build/system_stm32h7xx.o
                0x2000000c                SystemCoreClock
 .data.FS_Desc  0x20000010       0x1c build/usbd_desc.o
                0x20000010                FS_Desc
 .data.USBD_LangIDDesc
                0x2000002c        0x4 build/usbd_desc.o
                0x2000002c                USBD_LangIDDesc
 .data.USBD_StringSerial
                0x20000030       0x1a build/usbd_desc.o
                0x20000030                USBD_StringSerial
 *fill*         0x2000004a        0x2 
 .data.USBD_FS_DeviceDesc
                0x2000004c       0x12 build/usbd_desc.o
                0x2000004c                USBD_FS_DeviceDesc
 *fill*         0x2000005e        0x2 
 .data.USBD_Interface_fops_FS
                0x20000060       0x14 build/usbd_cdc_if.o
                0x20000060                USBD_Interface_fops_FS
 .data.uxCriticalNesting
                0x20000074        0x4 build/port.o
 .data.USBD_CDC_CfgFSDesc
                0x20000078       0x43 build/usbd_cdc.o
 *fill*         0x200000bb        0x1 
 .data.USBD_CDC
                0x200000bc       0x38 build/usbd_cdc.o
                0x200000bc                USBD_CDC
 .data.USBD_CDC_DeviceQualifierDesc
                0x200000f4        0xa build/usbd_cdc.o
 *fill*         0x200000fe        0x2 
 .data.USBD_CDC_OtherSpeedCfgDesc
                0x20000100       0x43 build/usbd_cdc.o
 *fill*         0x20000143        0x1 
 .data.USBD_CDC_CfgHSDesc
                0x20000144       0x43 build/usbd_cdc.o
 *fill*         0x20000187        0x1 
 .data.impure_data
                0x20000188       0x60 d:/program files (x86)/gnu tools arm embedded/5.4 2016q3/bin/../lib/gcc/arm-none-eabi/5.4.1/../../../../arm-none-eabi/lib/armv7e-m/fpu/fpv5-d16\libc_nano.a(lib_a-impure.o)
 .data._impure_ptr
                0x200001e8        0x4 d:/program files (x86)/gnu tools arm embedded/5.4 2016q3/bin/../lib/gcc/arm-none-eabi/5.4.1/../../../../arm-none-eabi/lib/armv7e-m/fpu/fpv5-d16\libc_nano.a(lib_a-impure.o)
                0x200001e8                _impure_ptr
                0x200001ec                . = ALIGN (0x4)
                0x200001ec                _edata = .

.jcr            0x200001ec        0x0 load address 0x08069be0
 .jcr           0x200001ec        0x0 d:/program files (x86)/gnu tools arm embedded/5.4 2016q3/bin/../lib/gcc/arm-none-eabi/5.4.1/armv7e-m/fpu/fpv5-d16/crtbegin.o

.igot.plt       0x200001ec        0x0 load address 0x08069be0
 .igot.plt      0x200001ec        0x0 d:/program files (x86)/gnu tools arm embedded/5.4 2016q3/bin/../lib/gcc/arm-none-eabi/5.4.1/armv7e-m/fpu/fpv5-d16/crtbegin.o
                0x200001ec                . = ALIGN (0x4)

.bss            0x200001ec     0x5994 load address 0x08069be0
                0x200001ec                _sbss = .
                0x200001ec                __bss_start__ = _sbss
 *(.bss)
 .bss           0x200001ec       0x1c d:/program files (x86)/gnu tools arm embedded/5.4 2016q3/bin/../lib/gcc/arm-none-eabi/5.4.1/armv7e-m/fpu/fpv5-d16/crtbegin.o
 *(.bss*)
 .bss.xIdleStack
                0x20000208      0x200 build/freertos.o
 .bss.xIdleTaskTCBBuffer
                0x20000408       0x54 build/freertos.o
 .bss.temp      0x2000045c        0x8 build/usbd_cdc_if.o
                0x2000045c                temp
 .bss.pxDelayedTaskList
                0x20000464        0x4 build/tasks.o
 .bss.xSchedulerRunning
                0x20000468        0x4 build/tasks.o
 .bss.xTasksWaitingTermination
                0x2000046c       0x14 build/tasks.o
 .bss.pxOverflowDelayedTaskList
                0x20000480        0x4 build/tasks.o
 .bss.uxPendedTicks
                0x20000484        0x4 build/tasks.o
 .bss.pxReadyTasksLists
                0x20000488       0x8c build/tasks.o
 .bss.uxSchedulerSuspended
                0x20000514        0x4 build/tasks.o
 .bss.uxDeletedTasksWaitingCleanUp
                0x20000518        0x4 build/tasks.o
 .bss.uxCurrentNumberOfTasks
                0x2000051c        0x4 build/tasks.o
 .bss.pxCurrentTCB
                0x20000520        0x4 build/tasks.o
                0x20000520                pxCurrentTCB
 .bss.xPendingReadyList
                0x20000524       0x14 build/tasks.o
 .bss.xNumOfOverflows
                0x20000538        0x4 build/tasks.o
 .bss.xTickCount
                0x2000053c        0x4 build/tasks.o
 .bss.xNextTaskUnblockTime
                0x20000540        0x4 build/tasks.o
 .bss.uxTaskNumber
                0x20000544        0x4 build/tasks.o
 .bss.xDelayedTaskList1
                0x20000548       0x14 build/tasks.o
 .bss.xDelayedTaskList2
                0x2000055c       0x14 build/tasks.o
 .bss.xSuspendedTaskList
                0x20000570       0x14 build/tasks.o
 .bss.uxTopReadyPriority
                0x20000584        0x4 build/tasks.o
 .bss.xYieldPending
                0x20000588        0x4 build/tasks.o
 .bss.xFreeBytesRemaining
                0x2000058c        0x4 build/heap_4.o
 .bss.pxEnd     0x20000590        0x4 build/heap_4.o
 .bss.xStart    0x20000594        0x8 build/heap_4.o
 .bss.ucHeap    0x2000059c     0x3c00 build/heap_4.o
 .bss.xBlockAllocatedBit
                0x2000419c        0x4 build/heap_4.o
 .bss.xMinimumEverFreeBytesRemaining
                0x200041a0        0x4 build/heap_4.o
 .bss.ucMaxSysCallPriority
                0x200041a4        0x1 build/port.o
 *fill*         0x200041a5        0x3 
 .bss.ulMaxPRIGROUPValue
                0x200041a8        0x4 build/port.o
 .bss.cfgidx.11560
                0x200041ac        0x1 build/usbd_ctlreq.o
 *fill*         0x200041ad        0x3 
 .bss.__malloc_sbrk_start
                0x200041b0        0x4 d:/program files (x86)/gnu tools arm embedded/5.4 2016q3/bin/../lib/gcc/arm-none-eabi/5.4.1/../../../../arm-none-eabi/lib/armv7e-m/fpu/fpv5-d16\libc_nano.a(lib_a-nano-mallocr.o)
                0x200041b0                __malloc_sbrk_start
 .bss.__malloc_free_list
                0x200041b4        0x4 d:/program files (x86)/gnu tools arm embedded/5.4 2016q3/bin/../lib/gcc/arm-none-eabi/5.4.1/../../../../arm-none-eabi/lib/armv7e-m/fpu/fpv5-d16\libc_nano.a(lib_a-nano-mallocr.o)
                0x200041b4                __malloc_free_list
 .bss.heap_end.4169
                0x200041b8        0x4 d:/program files (x86)/gnu tools arm embedded/5.4 2016q3/bin/../lib/gcc/arm-none-eabi/5.4.1/../../../../arm-none-eabi/lib/armv7e-m/fpu/fpv5-d16\libnosys.a(sbrk.o)
 *(COMMON)
 COMMON         0x200041bc        0x4 build/stm32h7xx_hal.o
                0x200041bc                uwTick
 COMMON         0x200041c0        0xc build/freertos.o
                0x200041c0                defaultTaskHandle
                0x200041c4                i
                0x200041c8                num
 COMMON         0x200041cc       0x4c build/stm32h7xx_hal_timebase_tim.o
                0x200041cc                htim6
 COMMON         0x20004218      0x2d0 build/usb_device.o
                0x20004218                hUsbDeviceFS
 COMMON         0x200044e8      0x200 build/usbd_desc.o
                0x200044e8                USBD_StrDesc
 COMMON         0x200046e8     0x1000 build/usbd_cdc_if.o
                0x200046e8                UserRxBufferFS
                0x20004ee8                UserTxBufferFS
 COMMON         0x200056e8      0x408 build/usbd_conf.o
                0x200056e8                hpcd_USB_OTG_FS
 COMMON         0x20005af0       0x8c build/usart.o
                0x20005af0                huart1
 COMMON         0x20005b7c        0x4 d:/program files (x86)/gnu tools arm embedded/5.4 2016q3/bin/../lib/gcc/arm-none-eabi/5.4.1/../../../../arm-none-eabi/lib/armv7e-m/fpu/fpv5-d16\libc_nano.a(lib_a-reent.o)
                0x20005b7c                errno
                0x20005b80                . = ALIGN (0x4)
                0x20005b80                _ebss = .
                0x20005b80                __bss_end__ = _ebss

._user_heap_stack
                0x20005b80     0x8600 load address 0x08069be0
                0x20005b80                . = ALIGN (0x8)
                0x20005b80                PROVIDE (end, .)
                [!provide]                PROVIDE (_end, .)
                0x20009d80                . = (. + _Min_Heap_Size)
 *fill*         0x20005b80     0x4200 
                0x2000e180                . = (. + _Min_Stack_Size)
 *fill*         0x20009d80     0x4400 
                0x2000e180                . = ALIGN (0x8)

/DISCARD/
 libc.a(*)
 libm.a(*)
 libgcc.a(*)

.ARM.attributes
                0x00000000       0x2e
 *(.ARM.attributes)
 .ARM.attributes
                0x00000000       0x20 d:/program files (x86)/gnu tools arm embedded/5.4 2016q3/bin/../lib/gcc/arm-none-eabi/5.4.1/armv7e-m/fpu/fpv5-d16/crti.o
 .ARM.attributes
                0x00000020       0x32 d:/program files (x86)/gnu tools arm embedded/5.4 2016q3/bin/../lib/gcc/arm-none-eabi/5.4.1/armv7e-m/fpu/fpv5-d16/crtbegin.o
 .ARM.attributes
                0x00000052       0x37 build/main.o
 .ARM.attributes
                0x00000089       0x37 build/gpio.o
 .ARM.attributes
                0x000000c0       0x37 build/stm32h7xx_it.o
 .ARM.attributes
                0x000000f7       0x37 build/stm32h7xx_hal_msp.o
 .ARM.attributes
                0x0000012e       0x37 build/stm32h7xx_hal_cortex.o
 .ARM.attributes
                0x00000165       0x37 build/stm32h7xx_hal_tim.o
 .ARM.attributes
                0x0000019c       0x37 build/stm32h7xx_hal_tim_ex.o
 .ARM.attributes
                0x000001d3       0x37 build/stm32h7xx_hal_rcc.o
 .ARM.attributes
                0x0000020a       0x37 build/stm32h7xx_hal_rcc_ex.o
 .ARM.attributes
                0x00000241       0x37 build/stm32h7xx_hal_gpio.o
 .ARM.attributes
                0x00000278       0x37 build/stm32h7xx_hal_dma.o
 .ARM.attributes
                0x000002af       0x37 build/stm32h7xx_hal_pwr_ex.o
 .ARM.attributes
                0x000002e6       0x37 build/stm32h7xx_hal.o
 .ARM.attributes
                0x0000031d       0x37 build/system_stm32h7xx.o
 .ARM.attributes
                0x00000354       0x37 build/freertos.o
 .ARM.attributes
                0x0000038b       0x37 build/stm32h7xx_hal_timebase_tim.o
 .ARM.attributes
                0x000003c2       0x37 build/usb_device.o
 .ARM.attributes
                0x000003f9       0x37 build/usbd_desc.o
 .ARM.attributes
                0x00000430       0x37 build/usbd_cdc_if.o
 .ARM.attributes
                0x00000467       0x37 build/usbd_conf.o
 .ARM.attributes
                0x0000049e       0x37 build/stm32h7xx_hal_pcd.o
 .ARM.attributes
                0x000004d5       0x37 build/stm32h7xx_hal_pcd_ex.o
 .ARM.attributes
                0x0000050c       0x37 build/stm32h7xx_ll_usb.o
 .ARM.attributes
                0x00000543       0x37 build/list.o
 .ARM.attributes
                0x0000057a       0x37 build/tasks.o
 .ARM.attributes
                0x000005b1       0x37 build/cmsis_os.o
 .ARM.attributes
                0x000005e8       0x37 build/heap_4.o
 .ARM.attributes
                0x0000061f       0x37 build/port.o
 .ARM.attributes
                0x00000656       0x37 build/usbd_core.o
 .ARM.attributes
                0x0000068d       0x37 build/usbd_ctlreq.o
 .ARM.attributes
                0x000006c4       0x37 build/usbd_ioreq.o
 .ARM.attributes
                0x000006fb       0x37 build/usbd_cdc.o
 .ARM.attributes
                0x00000732       0x37 build/usart.o
 .ARM.attributes
                0x00000769       0x37 build/stm32h7xx_hal_uart.o
 .ARM.attributes
                0x000007a0       0x37 build/stm32h7xx_hal_uart_ex.o
 .ARM.attributes
                0x000007d7       0x21 build/startup_stm32h750xx.o
 .ARM.attributes
                0x000007f8       0x32 d:/program files (x86)/gnu tools arm embedded/5.4 2016q3/bin/../lib/gcc/arm-none-eabi/5.4.1/../../../../arm-none-eabi/lib/armv7e-m/fpu/fpv5-d16\libc_nano.a(lib_a-impure.o)
 .ARM.attributes
                0x0000082a       0x32 d:/program files (x86)/gnu tools arm embedded/5.4 2016q3/bin/../lib/gcc/arm-none-eabi/5.4.1/../../../../arm-none-eabi/lib/armv7e-m/fpu/fpv5-d16\libc_nano.a(lib_a-init.o)
 .ARM.attributes
                0x0000085c       0x32 d:/program files (x86)/gnu tools arm embedded/5.4 2016q3/bin/../lib/gcc/arm-none-eabi/5.4.1/../../../../arm-none-eabi/lib/armv7e-m/fpu/fpv5-d16\libc_nano.a(lib_a-malloc.o)
 .ARM.attributes
                0x0000088e       0x32 d:/program files (x86)/gnu tools arm embedded/5.4 2016q3/bin/../lib/gcc/arm-none-eabi/5.4.1/../../../../arm-none-eabi/lib/armv7e-m/fpu/fpv5-d16\libc_nano.a(lib_a-memcpy-stub.o)
 .ARM.attributes
                0x000008c0       0x32 d:/program files (x86)/gnu tools arm embedded/5.4 2016q3/bin/../lib/gcc/arm-none-eabi/5.4.1/../../../../arm-none-eabi/lib/armv7e-m/fpu/fpv5-d16\libc_nano.a(lib_a-memset.o)
 .ARM.attributes
                0x000008f2       0x32 d:/program files (x86)/gnu tools arm embedded/5.4 2016q3/bin/../lib/gcc/arm-none-eabi/5.4.1/../../../../arm-none-eabi/lib/armv7e-m/fpu/fpv5-d16\libc_nano.a(lib_a-nano-freer.o)
 .ARM.attributes
                0x00000924       0x32 d:/program files (x86)/gnu tools arm embedded/5.4 2016q3/bin/../lib/gcc/arm-none-eabi/5.4.1/../../../../arm-none-eabi/lib/armv7e-m/fpu/fpv5-d16\libc_nano.a(lib_a-nano-mallocr.o)
 .ARM.attributes
                0x00000956       0x32 d:/program files (x86)/gnu tools arm embedded/5.4 2016q3/bin/../lib/gcc/arm-none-eabi/5.4.1/../../../../arm-none-eabi/lib/armv7e-m/fpu/fpv5-d16\libc_nano.a(lib_a-sbrkr.o)
 .ARM.attributes
                0x00000988       0x32 d:/program files (x86)/gnu tools arm embedded/5.4 2016q3/bin/../lib/gcc/arm-none-eabi/5.4.1/../../../../arm-none-eabi/lib/armv7e-m/fpu/fpv5-d16\libc_nano.a(lib_a-vsnprintf.o)
 .ARM.attributes
                0x000009ba       0x32 d:/program files (x86)/gnu tools arm embedded/5.4 2016q3/bin/../lib/gcc/arm-none-eabi/5.4.1/../../../../arm-none-eabi/lib/armv7e-m/fpu/fpv5-d16\libc_nano.a(lib_a-findfp.o)
 .ARM.attributes
                0x000009ec       0x32 d:/program files (x86)/gnu tools arm embedded/5.4 2016q3/bin/../lib/gcc/arm-none-eabi/5.4.1/../../../../arm-none-eabi/lib/armv7e-m/fpu/fpv5-d16\libc_nano.a(lib_a-mlock.o)
 .ARM.attributes
                0x00000a1e       0x32 d:/program files (x86)/gnu tools arm embedded/5.4 2016q3/bin/../lib/gcc/arm-none-eabi/5.4.1/../../../../arm-none-eabi/lib/armv7e-m/fpu/fpv5-d16\libc_nano.a(lib_a-nano-svfprintf.o)
 .ARM.attributes
                0x00000a50       0x32 d:/program files (x86)/gnu tools arm embedded/5.4 2016q3/bin/../lib/gcc/arm-none-eabi/5.4.1/../../../../arm-none-eabi/lib/armv7e-m/fpu/fpv5-d16\libc_nano.a(lib_a-nano-vfprintf_i.o)
 .ARM.attributes
                0x00000a82       0x32 d:/program files (x86)/gnu tools arm embedded/5.4 2016q3/bin/../lib/gcc/arm-none-eabi/5.4.1/../../../../arm-none-eabi/lib/armv7e-m/fpu/fpv5-d16\libc_nano.a(lib_a-reent.o)
 .ARM.attributes
                0x00000ab4       0x1e d:/program files (x86)/gnu tools arm embedded/5.4 2016q3/bin/../lib/gcc/arm-none-eabi/5.4.1/../../../../arm-none-eabi/lib/armv7e-m/fpu/fpv5-d16\libc_nano.a(lib_a-memchr.o)
 .ARM.attributes
                0x00000ad2       0x32 d:/program files (x86)/gnu tools arm embedded/5.4 2016q3/bin/../lib/gcc/arm-none-eabi/5.4.1/../../../../arm-none-eabi/lib/armv7e-m/fpu/fpv5-d16\libc_nano.a(lib_a-memmove.o)
 .ARM.attributes
                0x00000b04       0x32 d:/program files (x86)/gnu tools arm embedded/5.4 2016q3/bin/../lib/gcc/arm-none-eabi/5.4.1/../../../../arm-none-eabi/lib/armv7e-m/fpu/fpv5-d16\libc_nano.a(lib_a-nano-reallocr.o)
 .ARM.attributes
                0x00000b36       0x32 d:/program files (x86)/gnu tools arm embedded/5.4 2016q3/bin/../lib/gcc/arm-none-eabi/5.4.1/../../../../arm-none-eabi/lib/armv7e-m/fpu/fpv5-d16\libc_nano.a(lib_a-nano-msizer.o)
 .ARM.attributes
                0x00000b68       0x32 d:/program files (x86)/gnu tools arm embedded/5.4 2016q3/bin/../lib/gcc/arm-none-eabi/5.4.1/../../../../arm-none-eabi/lib/armv7e-m/fpu/fpv5-d16\libnosys.a(sbrk.o)
 .ARM.attributes
                0x00000b9a       0x20 d:/program files (x86)/gnu tools arm embedded/5.4 2016q3/bin/../lib/gcc/arm-none-eabi/5.4.1/armv7e-m/fpu/fpv5-d16\libgcc.a(_aeabi_uldivmod.o)
 .ARM.attributes
                0x00000bba       0x32 d:/program files (x86)/gnu tools arm embedded/5.4 2016q3/bin/../lib/gcc/arm-none-eabi/5.4.1/armv7e-m/fpu/fpv5-d16\libgcc.a(_udivmoddi4.o)
 .ARM.attributes
                0x00000bec       0x20 d:/program files (x86)/gnu tools arm embedded/5.4 2016q3/bin/../lib/gcc/arm-none-eabi/5.4.1/armv7e-m/fpu/fpv5-d16\libgcc.a(_dvmd_tls.o)
 .ARM.attributes
                0x00000c0c       0x20 d:/program files (x86)/gnu tools arm embedded/5.4 2016q3/bin/../lib/gcc/arm-none-eabi/5.4.1/armv7e-m/fpu/fpv5-d16/crtn.o
OUTPUT(build/h750.elf elf32-littlearm)

.debug_info     0x00000000    0x292d5
 .debug_info    0x00000000     0x168e build/main.o
 .debug_info    0x0000168e      0x724 build/gpio.o
 .debug_info    0x00001db2     0x11c4 build/stm32h7xx_it.o
 .debug_info    0x00002f76      0x8e7 build/stm32h7xx_hal_msp.o
 .debug_info    0x0000385d     0x1361 build/stm32h7xx_hal_cortex.o
 .debug_info    0x00004bbe     0x3a51 build/stm32h7xx_hal_tim.o
 .debug_info    0x0000860f     0x1bc2 build/stm32h7xx_hal_tim_ex.o
 .debug_info    0x0000a1d1     0x1286 build/stm32h7xx_hal_rcc.o
 .debug_info    0x0000b457     0x1a37 build/stm32h7xx_hal_rcc_ex.o
 .debug_info    0x0000ce8e      0xdfa build/stm32h7xx_hal_gpio.o
 .debug_info    0x0000dc88      0xf55 build/stm32h7xx_hal_dma.o
 .debug_info    0x0000ebdd     0x1221 build/stm32h7xx_hal_pwr_ex.o
 .debug_info    0x0000fdfe     0x17f6 build/stm32h7xx_hal.o
 .debug_info    0x000115f4      0xdde build/system_stm32h7xx.o
 .debug_info    0x000123d2      0x6a4 build/freertos.o
 .debug_info    0x00012a76     0x11fd build/stm32h7xx_hal_timebase_tim.o
 .debug_info    0x00013c73      0x82d build/usb_device.o
 .debug_info    0x000144a0      0x5e6 build/usbd_desc.o
 .debug_info    0x00014a86      0xb28 build/usbd_cdc_if.o
 .debug_info    0x000155ae     0x2456 build/usbd_conf.o
 .debug_info    0x00017a04     0x197a build/stm32h7xx_hal_pcd.o
 .debug_info    0x0001937e      0xa51 build/stm32h7xx_hal_pcd_ex.o
 .debug_info    0x00019dcf     0x1d1e build/stm32h7xx_ll_usb.o
 .debug_info    0x0001baed      0x2db build/list.o
 .debug_info    0x0001bdc8     0x26b0 build/tasks.o
 .debug_info    0x0001e478     0x2100 build/cmsis_os.o
 .debug_info    0x00020578      0x46f build/heap_4.o
 .debug_info    0x000209e7      0x5ae build/port.o
 .debug_info    0x00020f95      0xe37 build/usbd_core.o
 .debug_info    0x00021dcc     0x1285 build/usbd_ctlreq.o
 .debug_info    0x00023051      0x896 build/usbd_ioreq.o
 .debug_info    0x000238e7     0x147d build/usbd_cdc.o
 .debug_info    0x00024d64     0x1370 build/usart.o
 .debug_info    0x000260d4     0x2479 build/stm32h7xx_hal_uart.o
 .debug_info    0x0002854d      0xd32 build/stm32h7xx_hal_uart_ex.o
 .debug_info    0x0002927f       0x56 build/startup_stm32h750xx.o

.debug_abbrev   0x00000000     0x4e31
 .debug_abbrev  0x00000000      0x227 build/main.o
 .debug_abbrev  0x00000227      0x155 build/gpio.o
 .debug_abbrev  0x0000037c      0x1b1 build/stm32h7xx_it.o
 .debug_abbrev  0x0000052d      0x119 build/stm32h7xx_hal_msp.o
 .debug_abbrev  0x00000646      0x322 build/stm32h7xx_hal_cortex.o
 .debug_abbrev  0x00000968      0x258 build/stm32h7xx_hal_tim.o
 .debug_abbrev  0x00000bc0      0x260 build/stm32h7xx_hal_tim_ex.o
 .debug_abbrev  0x00000e20      0x230 build/stm32h7xx_hal_rcc.o
 .debug_abbrev  0x00001050      0x254 build/stm32h7xx_hal_rcc_ex.o
 .debug_abbrev  0x000012a4      0x233 build/stm32h7xx_hal_gpio.o
 .debug_abbrev  0x000014d7      0x2be build/stm32h7xx_hal_dma.o
 .debug_abbrev  0x00001795      0x276 build/stm32h7xx_hal_pwr_ex.o
 .debug_abbrev  0x00001a0b      0x22e build/stm32h7xx_hal.o
 .debug_abbrev  0x00001c39      0x110 build/system_stm32h7xx.o
 .debug_abbrev  0x00001d49      0x20d build/freertos.o
 .debug_abbrev  0x00001f56      0x1e1 build/stm32h7xx_hal_timebase_tim.o
 .debug_abbrev  0x00002137      0x1da build/usb_device.o
 .debug_abbrev  0x00002311      0x1e2 build/usbd_desc.o
 .debug_abbrev  0x000024f3      0x2f9 build/usbd_cdc_if.o
 .debug_abbrev  0x000027ec      0x27d build/usbd_conf.o
 .debug_abbrev  0x00002a69      0x293 build/stm32h7xx_hal_pcd.o
 .debug_abbrev  0x00002cfc      0x24b build/stm32h7xx_hal_pcd_ex.o
 .debug_abbrev  0x00002f47      0x2c3 build/stm32h7xx_ll_usb.o
 .debug_abbrev  0x0000320a       0xff build/list.o
 .debug_abbrev  0x00003309      0x33a build/tasks.o
 .debug_abbrev  0x00003643      0x327 build/cmsis_os.o
 .debug_abbrev  0x0000396a      0x216 build/heap_4.o
 .debug_abbrev  0x00003b80      0x257 build/port.o
 .debug_abbrev  0x00003dd7      0x241 build/usbd_core.o
 .debug_abbrev  0x00004018      0x32b build/usbd_ctlreq.o
 .debug_abbrev  0x00004343      0x181 build/usbd_ioreq.o
 .debug_abbrev  0x000044c4      0x2b1 build/usbd_cdc.o
 .debug_abbrev  0x00004775      0x1f5 build/usart.o
 .debug_abbrev  0x0000496a      0x28d build/stm32h7xx_hal_uart.o
 .debug_abbrev  0x00004bf7      0x228 build/stm32h7xx_hal_uart_ex.o
 .debug_abbrev  0x00004e1f       0x12 build/startup_stm32h750xx.o

.debug_loc      0x00000000    0x18cad
 .debug_loc     0x00000000       0x9a build/main.o
 .debug_loc     0x0000009a       0x38 build/gpio.o
 .debug_loc     0x000000d2       0x60 build/stm32h7xx_it.o
 .debug_loc     0x00000132       0x38 build/stm32h7xx_hal_msp.o
 .debug_loc     0x0000016a      0x57a build/stm32h7xx_hal_cortex.o
 .debug_loc     0x000006e4     0x541c build/stm32h7xx_hal_tim.o
 .debug_loc     0x00005b00     0x2338 build/stm32h7xx_hal_tim_ex.o
 .debug_loc     0x00007e38      0x949 build/stm32h7xx_hal_rcc.o
 .debug_loc     0x00008781     0x147c build/stm32h7xx_hal_rcc_ex.o
 .debug_loc     0x00009bfd      0x387 build/stm32h7xx_hal_gpio.o
 .debug_loc     0x00009f84      0xf26 build/stm32h7xx_hal_dma.o
 .debug_loc     0x0000aeaa      0x53a build/stm32h7xx_hal_pwr_ex.o
 .debug_loc     0x0000b3e4      0x5f1 build/stm32h7xx_hal.o
 .debug_loc     0x0000b9d5      0x18d build/system_stm32h7xx.o
 .debug_loc     0x0000bb62       0x79 build/freertos.o
 .debug_loc     0x0000bbdb      0x109 build/stm32h7xx_hal_timebase_tim.o
 .debug_loc     0x0000bce4       0x40 build/usb_device.o
 .debug_loc     0x0000bd24      0x412 build/usbd_desc.o
 .debug_loc     0x0000c136      0x267 build/usbd_cdc_if.o
 .debug_loc     0x0000c39d      0xd89 build/usbd_conf.o
 .debug_loc     0x0000d126     0x10c3 build/stm32h7xx_hal_pcd.o
 .debug_loc     0x0000e1e9      0x201 build/stm32h7xx_hal_pcd_ex.o
 .debug_loc     0x0000e3ea     0x1f26 build/stm32h7xx_ll_usb.o
 .debug_loc     0x00010310       0x91 build/list.o
 .debug_loc     0x000103a1     0x1ceb build/tasks.o
 .debug_loc     0x0001208c     0x16b1 build/cmsis_os.o
 .debug_loc     0x0001373d      0x32f build/heap_4.o
 .debug_loc     0x00013a6c      0x160 build/port.o
 .debug_loc     0x00013bcc      0x991 build/usbd_core.o
 .debug_loc     0x0001455d     0x13c5 build/usbd_ctlreq.o
 .debug_loc     0x00015922      0x348 build/usbd_ioreq.o
 .debug_loc     0x00015c6a      0x814 build/usbd_cdc.o
 .debug_loc     0x0001647e      0x13d build/usart.o
 .debug_loc     0x000165bb     0x20be build/stm32h7xx_hal_uart.o
 .debug_loc     0x00018679      0x634 build/stm32h7xx_hal_uart_ex.o

.debug_aranges  0x00000000     0x1bc8
 .debug_aranges
                0x00000000       0x38 build/main.o
 .debug_aranges
                0x00000038       0x20 build/gpio.o
 .debug_aranges
                0x00000058       0x60 build/stm32h7xx_it.o
 .debug_aranges
                0x000000b8       0x20 build/stm32h7xx_hal_msp.o
 .debug_aranges
                0x000000d8       0xb0 build/stm32h7xx_hal_cortex.o
 .debug_aranges
                0x00000188      0x3e0 build/stm32h7xx_hal_tim.o
 .debug_aranges
                0x00000568      0x188 build/stm32h7xx_hal_tim_ex.o
 .debug_aranges
                0x000006f0       0x88 build/stm32h7xx_hal_rcc.o
 .debug_aranges
                0x00000778       0xf8 build/stm32h7xx_hal_rcc_ex.o
 .debug_aranges
                0x00000870       0x58 build/stm32h7xx_hal_gpio.o
 .debug_aranges
                0x000008c8       0xa0 build/stm32h7xx_hal_dma.o
 .debug_aranges
                0x00000968      0x158 build/stm32h7xx_hal_pwr_ex.o
 .debug_aranges
                0x00000ac0      0x1b8 build/stm32h7xx_hal.o
 .debug_aranges
                0x00000c78       0x28 build/system_stm32h7xx.o
 .debug_aranges
                0x00000ca0       0x30 build/freertos.o
 .debug_aranges
                0x00000cd0       0x30 build/stm32h7xx_hal_timebase_tim.o
 .debug_aranges
                0x00000d00       0x28 build/usb_device.o
 .debug_aranges
                0x00000d28       0x60 build/usbd_desc.o
 .debug_aranges
                0x00000d88       0x50 build/usbd_cdc_if.o
 .debug_aranges
                0x00000dd8      0x100 build/usbd_conf.o
 .debug_aranges
                0x00000ed8      0x130 build/stm32h7xx_hal_pcd.o
 .debug_aranges
                0x00001008       0x60 build/stm32h7xx_hal_pcd_ex.o
 .debug_aranges
                0x00001068      0x198 build/stm32h7xx_ll_usb.o
 .debug_aranges
                0x00001200       0x40 build/list.o
 .debug_aranges
                0x00001240      0x1a8 build/tasks.o
 .debug_aranges
                0x000013e8      0x1d8 build/cmsis_os.o
 .debug_aranges
                0x000015c0       0x50 build/heap_4.o
 .debug_aranges
                0x00001610       0x80 build/port.o
 .debug_aranges
                0x00001690       0xb8 build/usbd_core.o
 .debug_aranges
                0x00001748       0x88 build/usbd_ctlreq.o
 .debug_aranges
                0x000017d0       0x50 build/usbd_ioreq.o
 .debug_aranges
                0x00001820       0x90 build/usbd_cdc.o
 .debug_aranges
                0x000018b0       0x38 build/usart.o
 .debug_aranges
                0x000018e8      0x230 build/stm32h7xx_hal_uart.o
 .debug_aranges
                0x00001b18       0x88 build/stm32h7xx_hal_uart_ex.o
 .debug_aranges
                0x00001ba0       0x28 build/startup_stm32h750xx.o

.debug_ranges   0x00000000     0x1a10
 .debug_ranges  0x00000000       0x28 build/main.o
 .debug_ranges  0x00000028       0x10 build/gpio.o
 .debug_ranges  0x00000038       0x50 build/stm32h7xx_it.o
 .debug_ranges  0x00000088       0x10 build/stm32h7xx_hal_msp.o
 .debug_ranges  0x00000098       0xa0 build/stm32h7xx_hal_cortex.o
 .debug_ranges  0x00000138      0x3d0 build/stm32h7xx_hal_tim.o
 .debug_ranges  0x00000508      0x178 build/stm32h7xx_hal_tim_ex.o
 .debug_ranges  0x00000680       0xc0 build/stm32h7xx_hal_rcc.o
 .debug_ranges  0x00000740       0xe8 build/stm32h7xx_hal_rcc_ex.o
 .debug_ranges  0x00000828       0x48 build/stm32h7xx_hal_gpio.o
 .debug_ranges  0x00000870       0x90 build/stm32h7xx_hal_dma.o
 .debug_ranges  0x00000900      0x148 build/stm32h7xx_hal_pwr_ex.o
 .debug_ranges  0x00000a48      0x1a8 build/stm32h7xx_hal.o
 .debug_ranges  0x00000bf0       0x18 build/system_stm32h7xx.o
 .debug_ranges  0x00000c08       0x20 build/freertos.o
 .debug_ranges  0x00000c28       0x20 build/stm32h7xx_hal_timebase_tim.o
 .debug_ranges  0x00000c48       0x18 build/usb_device.o
 .debug_ranges  0x00000c60       0x50 build/usbd_desc.o
 .debug_ranges  0x00000cb0       0x40 build/usbd_cdc_if.o
 .debug_ranges  0x00000cf0       0xf0 build/usbd_conf.o
 .debug_ranges  0x00000de0      0x120 build/stm32h7xx_hal_pcd.o
 .debug_ranges  0x00000f00       0x50 build/stm32h7xx_hal_pcd_ex.o
 .debug_ranges  0x00000f50      0x188 build/stm32h7xx_ll_usb.o
 .debug_ranges  0x000010d8       0x30 build/list.o
 .debug_ranges  0x00001108      0x1d0 build/tasks.o
 .debug_ranges  0x000012d8      0x1c8 build/cmsis_os.o
 .debug_ranges  0x000014a0       0x40 build/heap_4.o
 .debug_ranges  0x000014e0       0x70 build/port.o
 .debug_ranges  0x00001550       0xa8 build/usbd_core.o
 .debug_ranges  0x000015f8       0x78 build/usbd_ctlreq.o
 .debug_ranges  0x00001670       0x40 build/usbd_ioreq.o
 .debug_ranges  0x000016b0       0x80 build/usbd_cdc.o
 .debug_ranges  0x00001730       0x28 build/usart.o
 .debug_ranges  0x00001758      0x220 build/stm32h7xx_hal_uart.o
 .debug_ranges  0x00001978       0x78 build/stm32h7xx_hal_uart_ex.o
 .debug_ranges  0x000019f0       0x20 build/startup_stm32h750xx.o

.debug_line     0x00000000     0xd5d2
 .debug_line    0x00000000      0x314 build/main.o
 .debug_line    0x00000314      0x1ae build/gpio.o
 .debug_line    0x000004c2      0x2a1 build/stm32h7xx_it.o
 .debug_line    0x00000763      0x1b5 build/stm32h7xx_hal_msp.o
 .debug_line    0x00000918      0x3ef build/stm32h7xx_hal_cortex.o
 .debug_line    0x00000d07     0x1e6d build/stm32h7xx_hal_tim.o
 .debug_line    0x00002b74      0xe0d build/stm32h7xx_hal_tim_ex.o
 .debug_line    0x00003981      0x68a build/stm32h7xx_hal_rcc.o
 .debug_line    0x0000400b      0x808 build/stm32h7xx_hal_rcc_ex.o
 .debug_line    0x00004813      0x340 build/stm32h7xx_hal_gpio.o
 .debug_line    0x00004b53     0x14a7 build/stm32h7xx_hal_dma.o
 .debug_line    0x00005ffa      0x5ba build/stm32h7xx_hal_pwr_ex.o
 .debug_line    0x000065b4      0x5e9 build/stm32h7xx_hal.o
 .debug_line    0x00006b9d      0x225 build/system_stm32h7xx.o
 .debug_line    0x00006dc2      0x2f0 build/freertos.o
 .debug_line    0x000070b2      0x26a build/stm32h7xx_hal_timebase_tim.o
 .debug_line    0x0000731c      0x267 build/usb_device.o
 .debug_line    0x00007583      0x244 build/usbd_desc.o
 .debug_line    0x000077c7      0x356 build/usbd_cdc_if.o
 .debug_line    0x00007b1d      0x4c7 build/usbd_conf.o
 .debug_line    0x00007fe4      0x779 build/stm32h7xx_hal_pcd.o
 .debug_line    0x0000875d      0x2df build/stm32h7xx_hal_pcd_ex.o
 .debug_line    0x00008a3c      0x833 build/stm32h7xx_ll_usb.o
 .debug_line    0x0000926f      0x21d build/list.o
 .debug_line    0x0000948c      0xb59 build/tasks.o
 .debug_line    0x00009fe5      0x844 build/cmsis_os.o
 .debug_line    0x0000a829      0x336 build/heap_4.o
 .debug_line    0x0000ab5f      0x33e build/port.o
 .debug_line    0x0000ae9d      0x3cb build/usbd_core.o
 .debug_line    0x0000b268      0x544 build/usbd_ctlreq.o
 .debug_line    0x0000b7ac      0x221 build/usbd_ioreq.o
 .debug_line    0x0000b9cd      0x4c0 build/usbd_cdc.o
 .debug_line    0x0000be8d      0x285 build/usart.o
 .debug_line    0x0000c112      0xfb4 build/stm32h7xx_hal_uart.o
 .debug_line    0x0000d0c6      0x497 build/stm32h7xx_hal_uart_ex.o
 .debug_line    0x0000d55d       0x75 build/startup_stm32h750xx.o

.debug_str      0x00000000     0x98b0
 .debug_str     0x00000000      0xff4 build/main.o
                               0x10db (size before relaxing)
 .debug_str     0x00000ff4       0xb4 build/gpio.o
                                0x4b4 (size before relaxing)
 .debug_str     0x000010a8      0x67b build/stm32h7xx_it.o
                                0xebd (size before relaxing)
 .debug_str     0x00001723      0x842 build/stm32h7xx_hal_msp.o
                                0xc44 (size before relaxing)
 .debug_str     0x00001f65      0x5aa build/stm32h7xx_hal_cortex.o
                               0x1055 (size before relaxing)
 .debug_str     0x0000250f      0xf3a build/stm32h7xx_hal_tim.o
                               0x1834 (size before relaxing)
 .debug_str     0x00003449      0x6cc build/stm32h7xx_hal_tim_ex.o